
[transformers] [1mXLMRobertaForSequenceClassification LOAD REPORT[0m from: Davlan/afro-xlmr-base
Key                        | Status     | 
---------------------------+------------+-
lm_head.layer_norm.weight  | UNEXPECTED | 
lm_head.dense.bias         | UNEXPECTED | 
lm_head.dense.weight       | UNEXPECTED | 
lm_head.bias               | UNEXPECTED | 
lm_head.layer_norm.bias    | UNEXPECTED | 
classifier.dense.bias      | MISSING    | 
classifier.dense.weight    | MISSING    | 
classifier.out_proj.bias   | MISSING    | 
classifier.out_proj.weight | MISSING    | 

Notes:
- UNEXPECTED:	can be ignored when loading from different task/architecture; not ok if you expect identical arch.
- MISSING:	those params were newly initialized because missing from the checkpoint. Consider training on your downstream task.
frozen base: 592,130 / 278,045,186 parameters trainable


[transformers] warmup_ratio is deprecated and will be removed in v5.2. Use `warmup_steps` instead.

  super().__init__(loader)

                                                 

                                                 

                                                 

                                                 

                                                 

                                                 

                                                 

{'loss': '0.7616', 'grad_norm': '2.325', 'learning_rate': '0.0001759', 'epoch': '0.2778'}
{'loss': '0.7628', 'grad_norm': '3.455', 'learning_rate': '0.0002685', 'epoch': '0.4167'}
{'loss': '0.7364', 'grad_norm': '1.013', 'learning_rate': '0.0003611', 'epoch': '0.5556'}
{'loss': '0.6703', 'grad_norm': '4.417', 'learning_rate': '0.0004537', 'epoch': '0.6944'}
{'loss': '0.9072', 'grad_norm': '5.463', 'learning_rate': '0.0005463', 'epoch': '0.8333'}
{'loss': '0.6869', 'grad_norm': '1.79', 'learning_rate': '0.0006389', 'epoch': '0.9722'}


















                                                 


                                               
[A


                                               [A{'eval_loss': '0.9075', 'eval_accuracy': '0.5', 'eval_macro_f1': '0.3333', 'eval_runtime': '3.566', 'eval_samples_per_second': '20.19', 'eval_steps_per_second': '5.047', 'epoch': '1'}



/Users/mulisamusehane/Documents/GitHub/MultilingualASR/.venv/lib/python3.12/site-packages/torch/utils/data/dataloader.py:759: UserWarning: 'pin_memory' argument is set as true but not supported on MPS now, device pinned memory won't be used.
  super().__init__(loader)

                                                 

                                                 

                                                  

                                                  

                                                  

                                                  

                                                  

{'loss': '0.6836', 'grad_norm': '1.077', 'learning_rate': '0.0008241', 'epoch': '1.25'}
{'loss': '0.7102', 'grad_norm': '1.734', 'learning_rate': '0.0009167', 'epoch': '1.389'}
{'loss': '0.6961', 'grad_norm': '2.43', 'learning_rate': '0.000999', 'epoch': '1.528'}
{'loss': '0.779', 'grad_norm': '3.984', 'learning_rate': '0.0009887', 'epoch': '1.667'}
{'loss': '0.7236', 'grad_norm': '1.733', 'learning_rate': '0.0009784', 'epoch': '1.806'}
{'loss': '0.6736', 'grad_norm': '1.034', 'learning_rate': '0.0009681', 'epoch': '1.944'}


















                                                  


                                               
[A


                                               [A{'eval_loss': '0.6764', 'eval_accuracy': '0.5972', 'eval_macro_f1': '0.5971', 'eval_runtime': '3.881', 'eval_samples_per_second': '18.55', 'eval_steps_per_second': '4.638', 'epoch': '2'}



/Users/mulisamusehane/Documents/GitHub/MultilingualASR/.venv/lib/python3.12/site-packages/torch/utils/data/dataloader.py:759: UserWarning: 'pin_memory' argument is set as true but not supported on MPS now, device pinned memory won't be used.
  super().__init__(loader)

                                                  

                                                  

                                                  

                                                  

                                                  

                                                  

                                                  

{'loss': '0.7453', 'grad_norm': '3.324', 'learning_rate': '0.0009475', 'epoch': '2.222'}
{'loss': '0.7883', 'grad_norm': '2.055', 'learning_rate': '0.0009372', 'epoch': '2.361'}
{'loss': '0.7242', 'grad_norm': '1.396', 'learning_rate': '0.000927', 'epoch': '2.5'}
{'loss': '0.7526', 'grad_norm': '1.901', 'learning_rate': '0.0009167', 'epoch': '2.639'}
{'loss': '0.8356', 'grad_norm': '2.723', 'learning_rate': '0.0009064', 'epoch': '2.778'}
{'loss': '0.7064', 'grad_norm': '2.68', 'learning_rate': '0.0008961', 'epoch': '2.917'}



















                                                  


                                               
[A


                                               [A{'eval_loss': '0.6937', 'eval_accuracy': '0.5278', 'eval_macro_f1': '0.457', 'eval_runtime': '3.948', 'eval_samples_per_second': '18.24', 'eval_steps_per_second': '4.559', 'epoch': '3'}



/Users/mulisamusehane/Documents/GitHub/MultilingualASR/.venv/lib/python3.12/site-packages/torch/utils/data/dataloader.py:759: UserWarning: 'pin_memory' argument is set as true but not supported on MPS now, device pinned memory won't be used.
  super().__init__(loader)

                                                  

                                                  

                                                  

                                                  

                                                  

                                                  

                                                  

{'loss': '0.8166', 'grad_norm': '1.796', 'learning_rate': '0.0008755', 'epoch': '3.194'}
{'loss': '0.7206', 'grad_norm': '4.467', 'learning_rate': '0.0008652', 'epoch': '3.333'}
{'loss': '0.668', 'grad_norm': '2.907', 'learning_rate': '0.0008549', 'epoch': '3.472'}
{'loss': '0.6466', 'grad_norm': '1.477', 'learning_rate': '0.0008447', 'epoch': '3.611'}
{'loss': '0.8389', 'grad_norm': '1.692', 'learning_rate': '0.0008344', 'epoch': '3.75'}
{'loss': '0.7004', 'grad_norm': '2.386', 'learning_rate': '0.0008241', 'epoch': '3.889'}


















                                                  


                                               
[A


                                               [A{'eval_loss': '0.6826', 'eval_accuracy': '0.5694', 'eval_macro_f1': '0.544', 'eval_runtime': '3.887', 'eval_samples_per_second': '18.52', 'eval_steps_per_second': '4.631', 'epoch': '4'}



/Users/mulisamusehane/Documents/GitHub/MultilingualASR/.venv/lib/python3.12/site-packages/torch/utils/data/dataloader.py:759: UserWarning: 'pin_memory' argument is set as true but not supported on MPS now, device pinned memory won't be used.
  super().__init__(loader)

                                                  

                                                  

                                                  

                                                  

                                                  

                                                  

                                                  

                                                  

{'loss': '0.7314', 'grad_norm': '3.586', 'learning_rate': '0.0008035', 'epoch': '4.167'}
{'loss': '0.7614', 'grad_norm': '3.437', 'learning_rate': '0.0007932', 'epoch': '4.306'}
{'loss': '0.7715', 'grad_norm': '2.829', 'learning_rate': '0.0007829', 'epoch': '4.444'}
{'loss': '0.725', 'grad_norm': '5.387', 'learning_rate': '0.0007726', 'epoch': '4.583'}
{'loss': '0.6794', 'grad_norm': '1.005', 'learning_rate': '0.0007623', 'epoch': '4.722'}
{'loss': '0.7372', 'grad_norm': '3.474', 'learning_rate': '0.0007521', 'epoch': '4.861'}
{'loss': '0.689', 'grad_norm': '2.236', 'learning_rate': '0.0007418', 'epoch': '5'}



















                                                  


                                               
[A


                                               [A{'eval_loss': '0.6816', 'eval_accuracy': '0.5556', 'eval_macro_f1': '0.5468', 'eval_runtime': '3.897', 'eval_samples_per_second': '18.48', 'eval_steps_per_second': '4.62', 'epoch': '5'}




                                                  

/Users/mulisamusehane/Documents/GitHub/MultilingualASR/.venv/lib/python3.12/site-packages/torch/utils/data/dataloader.py:759: UserWarning: 'pin_memory' argument is set as true but not supported on MPS now, device pinned memory won't be used.
  super().__init__(loader)
{'train_runtime': '115.3', 'train_samples_per_second': '37.22', 'train_steps_per_second': '9.369', 'train_loss': '0.7351', 'epoch': '5'}

fold 1/5: n_train=286 n_eval=72 accuracy=0.597 macro_f1=0.597

[transformers] [1mXLMRobertaForSequenceClassification LOAD REPORT[0m from: Davlan/afro-xlmr-base
Key                        | Status     | 
---------------------------+------------+-
lm_head.layer_norm.weight  | UNEXPECTED | 
lm_head.dense.bias         | UNEXPECTED | 
lm_head.dense.weight       | UNEXPECTED | 
lm_head.bias               | UNEXPECTED | 
lm_head.layer_norm.bias    | UNEXPECTED | 
classifier.dense.bias      | MISSING    | 
classifier.dense.weight    | MISSING    | 
classifier.out_proj.bias   | MISSING    | 
classifier.out_proj.weight | MISSING    | 

Notes:
- UNEXPECTED:	can be ignored when loading from different task/architecture; not ok if you expect identical arch.
- MISSING:	those params were newly initialized because missing from the checkpoint. Consider training on your downstream task.
frozen base: 592,130 / 278,045,186 parameters trainable


[transformers] warmup_ratio is deprecated and will be removed in v5.2. Use `warmup_steps` instead.

  super().__init__(loader)

                                                 

                                                 

                                                 

                                                 

                                                 

                                                 

                                                 

{'loss': '0.7609', 'grad_norm': '2.349', 'learning_rate': '0.0001759', 'epoch': '0.2778'}
{'loss': '0.7548', 'grad_norm': '3.655', 'learning_rate': '0.0002685', 'epoch': '0.4167'}
{'loss': '0.7271', 'grad_norm': '0.9262', 'learning_rate': '0.0003611', 'epoch': '0.5556'}
{'loss': '0.6862', 'grad_norm': '4.875', 'learning_rate': '0.0004537', 'epoch': '0.6944'}
{'loss': '0.9122', 'grad_norm': '5.973', 'learning_rate': '0.0005463', 'epoch': '0.8333'}
{'loss': '0.6954', 'grad_norm': '1.718', 'learning_rate': '0.0006389', 'epoch': '0.9722'}




















                                               
[A
                                                 



                                               [A{'eval_loss': '0.928', 'eval_accuracy': '0.5', 'eval_macro_f1': '0.3333', 'eval_runtime': '3.868', 'eval_samples_per_second': '18.62', 'eval_steps_per_second': '4.654', 'epoch': '1'}



/Users/mulisamusehane/Documents/GitHub/MultilingualASR/.venv/lib/python3.12/site-packages/torch/utils/data/dataloader.py:759: UserWarning: 'pin_memory' argument is set as true but not supported on MPS now, device pinned memory won't be used.
  super().__init__(loader)

                                                 

                                                 

                                                  

                                                  

                                                  

                                                  

                                                  

{'loss': '0.6767', 'grad_norm': '0.9424', 'learning_rate': '0.0008241', 'epoch': '1.25'}
{'loss': '0.6758', 'grad_norm': '1.874', 'learning_rate': '0.0009167', 'epoch': '1.389'}
{'loss': '0.7336', 'grad_norm': '2.838', 'learning_rate': '0.000999', 'epoch': '1.528'}
{'loss': '0.7674', 'grad_norm': '3.644', 'learning_rate': '0.0009887', 'epoch': '1.667'}
{'loss': '0.7259', 'grad_norm': '2.037', 'learning_rate': '0.0009784', 'epoch': '1.806'}
{'loss': '0.6701', 'grad_norm': '0.9277', 'learning_rate': '0.0009681', 'epoch': '1.944'}




















                                               
[A
                                                  



                                               [A{'eval_loss': '0.6871', 'eval_accuracy': '0.5417', 'eval_macro_f1': '0.5307', 'eval_runtime': '4.314', 'eval_samples_per_second': '16.69', 'eval_steps_per_second': '4.173', 'epoch': '2'}



/Users/mulisamusehane/Documents/GitHub/MultilingualASR/.venv/lib/python3.12/site-packages/torch/utils/data/dataloader.py:759: UserWarning: 'pin_memory' argument is set as true but not supported on MPS now, device pinned memory won't be used.
  super().__init__(loader)

                                                  

                                                  

                                                  

                                                  

                                                  

                                                  

                                                  

{'loss': '0.722', 'grad_norm': '3.487', 'learning_rate': '0.0009475', 'epoch': '2.222'}
{'loss': '0.6893', 'grad_norm': '2.451', 'learning_rate': '0.0009372', 'epoch': '2.361'}
{'loss': '0.7644', 'grad_norm': '1.148', 'learning_rate': '0.000927', 'epoch': '2.5'}
{'loss': '0.778', 'grad_norm': '2.211', 'learning_rate': '0.0009167', 'epoch': '2.639'}
{'loss': '0.8057', 'grad_norm': '3.463', 'learning_rate': '0.0009064', 'epoch': '2.778'}
{'loss': '0.7146', 'grad_norm': '3.515', 'learning_rate': '0.0008961', 'epoch': '2.917'}




















                                               
[A
                                                  



                                               [A{'eval_loss': '0.6878', 'eval_accuracy': '0.5', 'eval_macro_f1': '0.4485', 'eval_runtime': '3.861', 'eval_samples_per_second': '18.65', 'eval_steps_per_second': '4.662', 'epoch': '3'}



/Users/mulisamusehane/Documents/GitHub/MultilingualASR/.venv/lib/python3.12/site-packages/torch/utils/data/dataloader.py:759: UserWarning: 'pin_memory' argument is set as true but not supported on MPS now, device pinned memory won't be used.
  super().__init__(loader)

                                                  

                                                  

                                                  

                                                  

                                                  

                                                  

                                                  

{'loss': '0.8199', 'grad_norm': '2.04', 'learning_rate': '0.0008755', 'epoch': '3.194'}
{'loss': '0.7341', 'grad_norm': '4.833', 'learning_rate': '0.0008652', 'epoch': '3.333'}
{'loss': '0.6573', 'grad_norm': '3.268', 'learning_rate': '0.0008549', 'epoch': '3.472'}
{'loss': '0.6497', 'grad_norm': '1.481', 'learning_rate': '0.0008447', 'epoch': '3.611'}
{'loss': '0.8192', 'grad_norm': '1.988', 'learning_rate': '0.0008344', 'epoch': '3.75'}
{'loss': '0.6943', 'grad_norm': '2.754', 'learning_rate': '0.0008241', 'epoch': '3.889'}




















                                               
[A
                                                  



                                               [A{'eval_loss': '0.6882', 'eval_accuracy': '0.5694', 'eval_macro_f1': '0.5205', 'eval_runtime': '3.92', 'eval_samples_per_second': '18.37', 'eval_steps_per_second': '4.592', 'epoch': '4'}



/Users/mulisamusehane/Documents/GitHub/MultilingualASR/.venv/lib/python3.12/site-packages/torch/utils/data/dataloader.py:759: UserWarning: 'pin_memory' argument is set as true but not supported on MPS now, device pinned memory won't be used.
  super().__init__(loader)

                                                  

                                                  

                                                  

                                                  

                                                  

                                                  

                                                  

                                                  

{'loss': '0.7722', 'grad_norm': '4.689', 'learning_rate': '0.0008035', 'epoch': '4.167'}
{'loss': '0.7888', 'grad_norm': '3.921', 'learning_rate': '0.0007932', 'epoch': '4.306'}
{'loss': '0.7672', 'grad_norm': '4.05', 'learning_rate': '0.0007829', 'epoch': '4.444'}
{'loss': '0.7751', 'grad_norm': '6.203', 'learning_rate': '0.0007726', 'epoch': '4.583'}
{'loss': '0.7027', 'grad_norm': '1.036', 'learning_rate': '0.0007623', 'epoch': '4.722'}
{'loss': '0.7811', 'grad_norm': '3.282', 'learning_rate': '0.0007521', 'epoch': '4.861'}
{'loss': '0.6877', 'grad_norm': '2.291', 'learning_rate': '0.0007418', 'epoch': '5'}




















                                               
[A
                                                  



                                               [A{'eval_loss': '0.691', 'eval_accuracy': '0.5694', 'eval_macro_f1': '0.5205', 'eval_runtime': '4.276', 'eval_samples_per_second': '16.84', 'eval_steps_per_second': '4.21', 'epoch': '5'}




                                                  

/Users/mulisamusehane/Documents/GitHub/MultilingualASR/.venv/lib/python3.12/site-packages/torch/utils/data/dataloader.py:759: UserWarning: 'pin_memory' argument is set as true but not supported on MPS now, device pinned memory won't be used.
  super().__init__(loader)
{'train_runtime': '117.9', 'train_samples_per_second': '36.38', 'train_steps_per_second': '9.159', 'train_loss': '0.7414', 'epoch': '5'}

fold 2/5: n_train=286 n_eval=72 accuracy=0.542 macro_f1=0.531

[transformers] [1mXLMRobertaForSequenceClassification LOAD REPORT[0m from: Davlan/afro-xlmr-base
Key                        | Status     | 
---------------------------+------------+-
lm_head.layer_norm.weight  | UNEXPECTED | 
lm_head.dense.bias         | UNEXPECTED | 
lm_head.dense.weight       | UNEXPECTED | 
lm_head.bias               | UNEXPECTED | 
lm_head.layer_norm.bias    | UNEXPECTED | 
classifier.dense.bias      | MISSING    | 
classifier.dense.weight    | MISSING    | 
classifier.out_proj.bias   | MISSING    | 
classifier.out_proj.weight | MISSING    | 

Notes:
- UNEXPECTED:	can be ignored when loading from different task/architecture; not ok if you expect identical arch.
- MISSING:	those params were newly initialized because missing from the checkpoint. Consider training on your downstream task.
frozen base: 592,130 / 278,045,186 parameters trainable


[transformers] warmup_ratio is deprecated and will be removed in v5.2. Use `warmup_steps` instead.

  super().__init__(loader)

                                                 

                                                 

                                                 

                                                 

                                                 

                                                 

                                                 

{'loss': '0.7641', 'grad_norm': '2.296', 'learning_rate': '0.0001759', 'epoch': '0.2778'}
{'loss': '0.7553', 'grad_norm': '3.698', 'learning_rate': '0.0002685', 'epoch': '0.4167'}
{'loss': '0.7157', 'grad_norm': '0.9076', 'learning_rate': '0.0003611', 'epoch': '0.5556'}
{'loss': '0.6785', 'grad_norm': '4.356', 'learning_rate': '0.0004537', 'epoch': '0.6944'}
{'loss': '0.9401', 'grad_norm': '6.388', 'learning_rate': '0.0005463', 'epoch': '0.8333'}
{'loss': '0.7173', 'grad_norm': '1.781', 'learning_rate': '0.0006389', 'epoch': '0.9722'}




















                                               
[A
                                                 



                                               [A{'eval_loss': '0.8988', 'eval_accuracy': '0.5', 'eval_macro_f1': '0.3333', 'eval_runtime': '4.823', 'eval_samples_per_second': '14.93', 'eval_steps_per_second': '3.732', 'epoch': '1'}



/Users/mulisamusehane/Documents/GitHub/MultilingualASR/.venv/lib/python3.12/site-packages/torch/utils/data/dataloader.py:759: UserWarning: 'pin_memory' argument is set as true but not supported on MPS now, device pinned memory won't be used.
  super().__init__(loader)

                                                 

                                                 

                                                  

                                                  

                                                  

                                                  

                                                  

{'loss': '0.6902', 'grad_norm': '1.001', 'learning_rate': '0.0008241', 'epoch': '1.25'}
{'loss': '0.6876', 'grad_norm': '1.962', 'learning_rate': '0.0009167', 'epoch': '1.389'}
{'loss': '0.7133', 'grad_norm': '2.672', 'learning_rate': '0.000999', 'epoch': '1.528'}
{'loss': '0.755', 'grad_norm': '4.06', 'learning_rate': '0.0009887', 'epoch': '1.667'}
{'loss': '0.7022', 'grad_norm': '1.913', 'learning_rate': '0.0009784', 'epoch': '1.806'}
{'loss': '0.6237', 'grad_norm': '0.8239', 'learning_rate': '0.0009681', 'epoch': '1.944'}




















                                               
[A
                                                  



                                               [A{'eval_loss': '0.6793', 'eval_accuracy': '0.5694', 'eval_macro_f1': '0.5549', 'eval_runtime': '4.284', 'eval_samples_per_second': '16.81', 'eval_steps_per_second': '4.202', 'epoch': '2'}



/Users/mulisamusehane/Documents/GitHub/MultilingualASR/.venv/lib/python3.12/site-packages/torch/utils/data/dataloader.py:759: UserWarning: 'pin_memory' argument is set as true but not supported on MPS now, device pinned memory won't be used.
  super().__init__(loader)

                                                  

                                                  

                                                  

                                                  

                                                  

                                                  

                                                  

{'loss': '0.7443', 'grad_norm': '3.971', 'learning_rate': '0.0009475', 'epoch': '2.222'}
{'loss': '0.6855', 'grad_norm': '1.917', 'learning_rate': '0.0009372', 'epoch': '2.361'}
{'loss': '0.7453', 'grad_norm': '1.197', 'learning_rate': '0.000927', 'epoch': '2.5'}
{'loss': '0.7137', 'grad_norm': '2.326', 'learning_rate': '0.0009167', 'epoch': '2.639'}
{'loss': '0.8475', 'grad_norm': '2.935', 'learning_rate': '0.0009064', 'epoch': '2.778'}
{'loss': '0.6979', 'grad_norm': '1.838', 'learning_rate': '0.0008961', 'epoch': '2.917'}




















                                               
[A
                                                  



                                               [A{'eval_loss': '0.6924', 'eval_accuracy': '0.5556', 'eval_macro_f1': '0.4622', 'eval_runtime': '5.42', 'eval_samples_per_second': '13.29', 'eval_steps_per_second': '3.321', 'epoch': '3'}



/Users/mulisamusehane/Documents/GitHub/MultilingualASR/.venv/lib/python3.12/site-packages/torch/utils/data/dataloader.py:759: UserWarning: 'pin_memory' argument is set as true but not supported on MPS now, device pinned memory won't be used.
  super().__init__(loader)

                                                  

                                                  

                                                  

                                                  

                                                  

                                                  

                                                  

{'loss': '0.8285', 'grad_norm': '1.88', 'learning_rate': '0.0008755', 'epoch': '3.194'}
{'loss': '0.7229', 'grad_norm': '4.169', 'learning_rate': '0.0008652', 'epoch': '3.333'}
{'loss': '0.6631', 'grad_norm': '3.167', 'learning_rate': '0.0008549', 'epoch': '3.472'}
{'loss': '0.6655', 'grad_norm': '1.886', 'learning_rate': '0.0008447', 'epoch': '3.611'}
{'loss': '0.8811', 'grad_norm': '1.708', 'learning_rate': '0.0008344', 'epoch': '3.75'}
{'loss': '0.6595', 'grad_norm': '1.644', 'learning_rate': '0.0008241', 'epoch': '3.889'}




















                                               
[A
                                                  



                                               [A{'eval_loss': '0.6733', 'eval_accuracy': '0.5556', 'eval_macro_f1': '0.4889', 'eval_runtime': '4.229', 'eval_samples_per_second': '17.02', 'eval_steps_per_second': '4.256', 'epoch': '4'}



/Users/mulisamusehane/Documents/GitHub/MultilingualASR/.venv/lib/python3.12/site-packages/torch/utils/data/dataloader.py:759: UserWarning: 'pin_memory' argument is set as true but not supported on MPS now, device pinned memory won't be used.
  super().__init__(loader)

                                                  

                                                  

                                                  

                                                  

                                                  

                                                  

                                                  

                                                  

{'loss': '0.7227', 'grad_norm': '3.425', 'learning_rate': '0.0008035', 'epoch': '4.167'}
{'loss': '0.7739', 'grad_norm': '4.56', 'learning_rate': '0.0007932', 'epoch': '4.306'}
{'loss': '0.7685', 'grad_norm': '3.562', 'learning_rate': '0.0007829', 'epoch': '4.444'}
{'loss': '0.7843', 'grad_norm': '5.597', 'learning_rate': '0.0007726', 'epoch': '4.583'}
{'loss': '0.7187', 'grad_norm': '1.383', 'learning_rate': '0.0007623', 'epoch': '4.722'}
{'loss': '0.7634', 'grad_norm': '3.352', 'learning_rate': '0.0007521', 'epoch': '4.861'}
{'loss': '0.682', 'grad_norm': '2.233', 'learning_rate': '0.0007418', 'epoch': '5'}




















                                               
[A
                                                  



                                               [A{'eval_loss': '0.6804', 'eval_accuracy': '0.5417', 'eval_macro_f1': '0.4529', 'eval_runtime': '4.867', 'eval_samples_per_second': '14.79', 'eval_steps_per_second': '3.698', 'epoch': '5'}




                                                  

/Users/mulisamusehane/Documents/GitHub/MultilingualASR/.venv/lib/python3.12/site-packages/torch/utils/data/dataloader.py:759: UserWarning: 'pin_memory' argument is set as true but not supported on MPS now, device pinned memory won't be used.
  super().__init__(loader)
{'train_runtime': '135.5', 'train_samples_per_second': '31.66', 'train_steps_per_second': '7.97', 'train_loss': '0.7381', 'epoch': '5'}

fold 3/5: n_train=286 n_eval=72 accuracy=0.569 macro_f1=0.555

[transformers] [1mXLMRobertaForSequenceClassification LOAD REPORT[0m from: Davlan/afro-xlmr-base
Key                        | Status     | 
---------------------------+------------+-
lm_head.layer_norm.weight  | UNEXPECTED | 
lm_head.dense.bias         | UNEXPECTED | 
lm_head.dense.weight       | UNEXPECTED | 
lm_head.bias               | UNEXPECTED | 
lm_head.layer_norm.bias    | UNEXPECTED | 
classifier.dense.bias      | MISSING    | 
classifier.dense.weight    | MISSING    | 
classifier.out_proj.bias   | MISSING    | 
classifier.out_proj.weight | MISSING    | 

Notes:
- UNEXPECTED:	can be ignored when loading from different task/architecture; not ok if you expect identical arch.
- MISSING:	those params were newly initialized because missing from the checkpoint. Consider training on your downstream task.
frozen base: 592,130 / 278,045,186 parameters trainable


[transformers] warmup_ratio is deprecated and will be removed in v5.2. Use `warmup_steps` instead.

  super().__init__(loader)

                                                 

                                                 

                                                 

                                                 

                                                 

                                                 

                                                 

{'loss': '0.765', 'grad_norm': '2.32', 'learning_rate': '0.0001759', 'epoch': '0.2778'}
{'loss': '0.7587', 'grad_norm': '3.485', 'learning_rate': '0.0002685', 'epoch': '0.4167'}
{'loss': '0.7169', 'grad_norm': '0.8979', 'learning_rate': '0.0003611', 'epoch': '0.5556'}
{'loss': '0.6797', 'grad_norm': '4.358', 'learning_rate': '0.0004537', 'epoch': '0.6944'}
{'loss': '0.9243', 'grad_norm': '6.306', 'learning_rate': '0.0005463', 'epoch': '0.8333'}
{'loss': '0.74', 'grad_norm': '1.74', 'learning_rate': '0.0006389', 'epoch': '0.9722'}




















                                               
[A
                                                 



                                               [A{'eval_loss': '0.9216', 'eval_accuracy': '0.5', 'eval_macro_f1': '0.3333', 'eval_runtime': '4.217', 'eval_samples_per_second': '17.07', 'eval_steps_per_second': '4.268', 'epoch': '1'}



/Users/mulisamusehane/Documents/GitHub/MultilingualASR/.venv/lib/python3.12/site-packages/torch/utils/data/dataloader.py:759: UserWarning: 'pin_memory' argument is set as true but not supported on MPS now, device pinned memory won't be used.
  super().__init__(loader)

                                                 

                                                 

                                                  

                                                  

                                                  

                                                  

                                                  

{'loss': '0.6973', 'grad_norm': '1.051', 'learning_rate': '0.0008241', 'epoch': '1.25'}
{'loss': '0.7298', 'grad_norm': '1.911', 'learning_rate': '0.0009167', 'epoch': '1.389'}
{'loss': '0.7163', 'grad_norm': '2.54', 'learning_rate': '0.000999', 'epoch': '1.528'}
{'loss': '0.7304', 'grad_norm': '3.137', 'learning_rate': '0.0009887', 'epoch': '1.667'}
{'loss': '0.6934', 'grad_norm': '1.704', 'learning_rate': '0.0009784', 'epoch': '1.806'}
{'loss': '0.649', 'grad_norm': '0.8432', 'learning_rate': '0.0009681', 'epoch': '1.944'}




















                                               
[A
                                                  



                                               [A{'eval_loss': '0.68', 'eval_accuracy': '0.5139', 'eval_macro_f1': '0.5093', 'eval_runtime': '4.141', 'eval_samples_per_second': '17.39', 'eval_steps_per_second': '4.347', 'epoch': '2'}



/Users/mulisamusehane/Documents/GitHub/MultilingualASR/.venv/lib/python3.12/site-packages/torch/utils/data/dataloader.py:759: UserWarning: 'pin_memory' argument is set as true but not supported on MPS now, device pinned memory won't be used.
  super().__init__(loader)

                                                  

                                                  

                                                  

                                                  

                                                  

                                                  

                                                  

{'loss': '0.7215', 'grad_norm': '4.131', 'learning_rate': '0.0009475', 'epoch': '2.222'}
{'loss': '0.695', 'grad_norm': '1.73', 'learning_rate': '0.0009372', 'epoch': '2.361'}
{'loss': '0.7353', 'grad_norm': '1.126', 'learning_rate': '0.000927', 'epoch': '2.5'}
{'loss': '0.7233', 'grad_norm': '2.495', 'learning_rate': '0.0009167', 'epoch': '2.639'}
{'loss': '0.7808', 'grad_norm': '2.558', 'learning_rate': '0.0009064', 'epoch': '2.778'}
{'loss': '0.6932', 'grad_norm': '1.857', 'learning_rate': '0.0008961', 'epoch': '2.917'}




















                                               
[A
                                                  



                                               [A{'eval_loss': '0.6967', 'eval_accuracy': '0.5278', 'eval_macro_f1': '0.4688', 'eval_runtime': '4.071', 'eval_samples_per_second': '17.68', 'eval_steps_per_second': '4.421', 'epoch': '3'}



/Users/mulisamusehane/Documents/GitHub/MultilingualASR/.venv/lib/python3.12/site-packages/torch/utils/data/dataloader.py:759: UserWarning: 'pin_memory' argument is set as true but not supported on MPS now, device pinned memory won't be used.
  super().__init__(loader)

                                                  

                                                  

                                                  

                                                  

                                                  

                                                  

                                                  

{'loss': '0.833', 'grad_norm': '2.021', 'learning_rate': '0.0008755', 'epoch': '3.194'}
{'loss': '0.7496', 'grad_norm': '3.751', 'learning_rate': '0.0008652', 'epoch': '3.333'}
{'loss': '0.6615', 'grad_norm': '3.08', 'learning_rate': '0.0008549', 'epoch': '3.472'}
{'loss': '0.6811', 'grad_norm': '1.942', 'learning_rate': '0.0008447', 'epoch': '3.611'}
{'loss': '0.886', 'grad_norm': '1.246', 'learning_rate': '0.0008344', 'epoch': '3.75'}
{'loss': '0.6863', 'grad_norm': '1.681', 'learning_rate': '0.0008241', 'epoch': '3.889'}




















                                               
[A
                                                  



                                               [A{'eval_loss': '0.6728', 'eval_accuracy': '0.5694', 'eval_macro_f1': '0.4861', 'eval_runtime': '4.052', 'eval_samples_per_second': '17.77', 'eval_steps_per_second': '4.442', 'epoch': '4'}



/Users/mulisamusehane/Documents/GitHub/MultilingualASR/.venv/lib/python3.12/site-packages/torch/utils/data/dataloader.py:759: UserWarning: 'pin_memory' argument is set as true but not supported on MPS now, device pinned memory won't be used.
  super().__init__(loader)

                                                  

                                                  

                                                  

                                                  

                                                  

                                                  

                                                  

                                                  

{'loss': '0.7315', 'grad_norm': '3.311', 'learning_rate': '0.0008035', 'epoch': '4.167'}
{'loss': '0.7405', 'grad_norm': '4.17', 'learning_rate': '0.0007932', 'epoch': '4.306'}
{'loss': '0.7689', 'grad_norm': '3.152', 'learning_rate': '0.0007829', 'epoch': '4.444'}
{'loss': '0.7651', 'grad_norm': '5.183', 'learning_rate': '0.0007726', 'epoch': '4.583'}
{'loss': '0.7087', 'grad_norm': '1.214', 'learning_rate': '0.0007623', 'epoch': '4.722'}
{'loss': '0.7787', 'grad_norm': '3.835', 'learning_rate': '0.0007521', 'epoch': '4.861'}
{'loss': '0.6915', 'grad_norm': '1.941', 'learning_rate': '0.0007418', 'epoch': '5'}




















                                               
[A
                                                  



                                               [A{'eval_loss': '0.6803', 'eval_accuracy': '0.5417', 'eval_macro_f1': '0.4529', 'eval_runtime': '4.062', 'eval_samples_per_second': '17.73', 'eval_steps_per_second': '4.431', 'epoch': '5'}




                                                  

/Users/mulisamusehane/Documents/GitHub/MultilingualASR/.venv/lib/python3.12/site-packages/torch/utils/data/dataloader.py:759: UserWarning: 'pin_memory' argument is set as true but not supported on MPS now, device pinned memory won't be used.
  super().__init__(loader)
{'train_runtime': '123.1', 'train_samples_per_second': '34.85', 'train_steps_per_second': '8.774', 'train_loss': '0.7377', 'epoch': '5'}

fold 4/5: n_train=286 n_eval=72 accuracy=0.514 macro_f1=0.509

[transformers] [1mXLMRobertaForSequenceClassification LOAD REPORT[0m from: Davlan/afro-xlmr-base
Key                        | Status     | 
---------------------------+------------+-
lm_head.layer_norm.weight  | UNEXPECTED | 
lm_head.dense.bias         | UNEXPECTED | 
lm_head.dense.weight       | UNEXPECTED | 
lm_head.bias               | UNEXPECTED | 
lm_head.layer_norm.bias    | UNEXPECTED | 
classifier.dense.bias      | MISSING    | 
classifier.dense.weight    | MISSING    | 
classifier.out_proj.bias   | MISSING    | 
classifier.out_proj.weight | MISSING    | 

Notes:
- UNEXPECTED:	can be ignored when loading from different task/architecture; not ok if you expect identical arch.
- MISSING:	those params were newly initialized because missing from the checkpoint. Consider training on your downstream task.
frozen base: 592,130 / 278,045,186 parameters trainable


[transformers] warmup_ratio is deprecated and will be removed in v5.2. Use `warmup_steps` instead.

  super().__init__(loader)

                                                 

                                                 

                                                 

                                                 

                                                 

                                                 

                                                 

{'loss': '0.6992', 'grad_norm': '1.372', 'learning_rate': '0.0001759', 'epoch': '0.2778'}
{'loss': '0.7007', 'grad_norm': '2.418', 'learning_rate': '0.0002685', 'epoch': '0.4167'}
{'loss': '0.7171', 'grad_norm': '1.734', 'learning_rate': '0.0003611', 'epoch': '0.5556'}
{'loss': '0.7047', 'grad_norm': '0.9888', 'learning_rate': '0.0004537', 'epoch': '0.6944'}
{'loss': '0.7048', 'grad_norm': '1.442', 'learning_rate': '0.0005463', 'epoch': '0.8333'}
{'loss': '0.7285', 'grad_norm': '2.588', 'learning_rate': '0.0006389', 'epoch': '0.9722'}




















                                               
[A
                                                 



                                               [A{'eval_loss': '0.7137', 'eval_accuracy': '0.5', 'eval_macro_f1': '0.3333', 'eval_runtime': '3.985', 'eval_samples_per_second': '17.57', 'eval_steps_per_second': '4.517', 'epoch': '1'}



/Users/mulisamusehane/Documents/GitHub/MultilingualASR/.venv/lib/python3.12/site-packages/torch/utils/data/dataloader.py:759: UserWarning: 'pin_memory' argument is set as true but not supported on MPS now, device pinned memory won't be used.
  super().__init__(loader)

                                                 

                                                 

                                                  

                                                  

                                                  

                                                  

                                                  

{'loss': '0.6713', 'grad_norm': '2.224', 'learning_rate': '0.0008241', 'epoch': '1.25'}
{'loss': '0.7091', 'grad_norm': '0.9893', 'learning_rate': '0.0009167', 'epoch': '1.389'}
{'loss': '0.7705', 'grad_norm': '0.9755', 'learning_rate': '0.000999', 'epoch': '1.528'}
{'loss': '0.6853', 'grad_norm': '1.563', 'learning_rate': '0.0009887', 'epoch': '1.667'}
{'loss': '0.7951', 'grad_norm': '5.452', 'learning_rate': '0.0009784', 'epoch': '1.806'}
{'loss': '0.7634', 'grad_norm': '1.931', 'learning_rate': '0.0009681', 'epoch': '1.944'}




















                                               
[A
                                                  



                                               [A{'eval_loss': '0.8592', 'eval_accuracy': '0.5', 'eval_macro_f1': '0.3333', 'eval_runtime': '3.969', 'eval_samples_per_second': '17.64', 'eval_steps_per_second': '4.535', 'epoch': '2'}



/Users/mulisamusehane/Documents/GitHub/MultilingualASR/.venv/lib/python3.12/site-packages/torch/utils/data/dataloader.py:759: UserWarning: 'pin_memory' argument is set as true but not supported on MPS now, device pinned memory won't be used.
  super().__init__(loader)

                                                  

                                                  

                                                  

                                                  

                                                  

                                                  

                                                  

{'loss': '0.8278', 'grad_norm': '1.666', 'learning_rate': '0.0009475', 'epoch': '2.222'}
{'loss': '0.6821', 'grad_norm': '1.028', 'learning_rate': '0.0009372', 'epoch': '2.361'}
{'loss': '0.6439', 'grad_norm': '1.043', 'learning_rate': '0.000927', 'epoch': '2.5'}
{'loss': '0.7568', 'grad_norm': '2.067', 'learning_rate': '0.0009167', 'epoch': '2.639'}
{'loss': '0.7711', 'grad_norm': '3.324', 'learning_rate': '0.0009064', 'epoch': '2.778'}
{'loss': '0.8414', 'grad_norm': '8.411', 'learning_rate': '0.0008961', 'epoch': '2.917'}




















                                               
[A
                                                  



                                               [A{'eval_loss': '0.7799', 'eval_accuracy': '0.5', 'eval_macro_f1': '0.3333', 'eval_runtime': '4.037', 'eval_samples_per_second': '17.34', 'eval_steps_per_second': '4.459', 'epoch': '3'}



/Users/mulisamusehane/Documents/GitHub/MultilingualASR/.venv/lib/python3.12/site-packages/torch/utils/data/dataloader.py:759: UserWarning: 'pin_memory' argument is set as true but not supported on MPS now, device pinned memory won't be used.
  super().__init__(loader)

                                                  

                                                  

                                                  

                                                  

                                                  

                                                  

                                                  

{'loss': '0.7096', 'grad_norm': '1.54', 'learning_rate': '0.0008755', 'epoch': '3.194'}
{'loss': '0.6755', 'grad_norm': '1.952', 'learning_rate': '0.0008652', 'epoch': '3.333'}
{'loss': '0.7349', 'grad_norm': '3.684', 'learning_rate': '0.0008549', 'epoch': '3.472'}
{'loss': '0.7567', 'grad_norm': '2.276', 'learning_rate': '0.0008447', 'epoch': '3.611'}
{'loss': '0.7435', 'grad_norm': '3.555', 'learning_rate': '0.0008344', 'epoch': '3.75'}
{'loss': '0.7377', 'grad_norm': '2.858', 'learning_rate': '0.0008241', 'epoch': '3.889'}




















                                               
[A
                                                  



                                               [A{'eval_loss': '0.6819', 'eval_accuracy': '0.5286', 'eval_macro_f1': '0.5285', 'eval_runtime': '3.956', 'eval_samples_per_second': '17.7', 'eval_steps_per_second': '4.55', 'epoch': '4'}



/Users/mulisamusehane/Documents/GitHub/MultilingualASR/.venv/lib/python3.12/site-packages/torch/utils/data/dataloader.py:759: UserWarning: 'pin_memory' argument is set as true but not supported on MPS now, device pinned memory won't be used.
  super().__init__(loader)

                                                  

                                                  

                                                  

                                                  

                                                  

                                                  

                                                  

                                                  

{'loss': '0.7267', 'grad_norm': '1.218', 'learning_rate': '0.0008035', 'epoch': '4.167'}
{'loss': '0.6881', 'grad_norm': '2.683', 'learning_rate': '0.0007932', 'epoch': '4.306'}
{'loss': '0.7113', 'grad_norm': '1.179', 'learning_rate': '0.0007829', 'epoch': '4.444'}
{'loss': '0.6447', 'grad_norm': '2.259', 'learning_rate': '0.0007726', 'epoch': '4.583'}
{'loss': '0.7543', 'grad_norm': '2.917', 'learning_rate': '0.0007623', 'epoch': '4.722'}
{'loss': '0.6811', 'grad_norm': '0.853', 'learning_rate': '0.0007521', 'epoch': '4.861'}
{'loss': '0.757', 'grad_norm': '2.968', 'learning_rate': '0.0007418', 'epoch': '5'}




















                                               
[A
                                                  



                                               [A{'eval_loss': '0.6771', 'eval_accuracy': '0.5857', 'eval_macro_f1': '0.5597', 'eval_runtime': '4.224', 'eval_samples_per_second': '16.57', 'eval_steps_per_second': '4.262', 'epoch': '5'}



/Users/mulisamusehane/Documents/GitHub/MultilingualASR/.venv/lib/python3.12/site-packages/torch/utils/data/dataloader.py:759: UserWarning: 'pin_memory' argument is set as true but not supported on MPS now, device pinned memory won't be used.
  super().__init__(loader)

                                                  

                                                  

                                                  

                                                  

                                                  

                                                  

                                                  

{'loss': '0.6362', 'grad_norm': '2.226', 'learning_rate': '0.0007212', 'epoch': '5.278'}
{'loss': '0.697', 'grad_norm': '4.247', 'learning_rate': '0.0007109', 'epoch': '5.417'}
{'loss': '0.8195', 'grad_norm': '3.852', 'learning_rate': '0.0007006', 'epoch': '5.556'}
{'loss': '0.7329', 'grad_norm': '1.796', 'learning_rate': '0.0006903', 'epoch': '5.694'}
{'loss': '0.7321', 'grad_norm': '4.466', 'learning_rate': '0.00068', 'epoch': '5.833'}
{'loss': '0.6841', 'grad_norm': '1.361', 'learning_rate': '0.0006698', 'epoch': '5.972'}




















                                               
[A
                                                  



                                               [A{'eval_loss': '0.6828', 'eval_accuracy': '0.5571', 'eval_macro_f1': '0.5133', 'eval_runtime': '3.954', 'eval_samples_per_second': '17.71', 'eval_steps_per_second': '4.553', 'epoch': '6'}



/Users/mulisamusehane/Documents/GitHub/MultilingualASR/.venv/lib/python3.12/site-packages/torch/utils/data/dataloader.py:759: UserWarning: 'pin_memory' argument is set as true but not supported on MPS now, device pinned memory won't be used.
  super().__init__(loader)

                                                  

                                                  

                                                  

                                                  

                                                  

                                                  

                                                  

{'loss': '0.757', 'grad_norm': '4.526', 'learning_rate': '0.0006492', 'epoch': '6.25'}
{'loss': '0.7316', 'grad_norm': '3.199', 'learning_rate': '0.0006389', 'epoch': '6.389'}
{'loss': '0.6761', 'grad_norm': '1.233', 'learning_rate': '0.0006286', 'epoch': '6.528'}
{'loss': '0.6506', 'grad_norm': '4.419', 'learning_rate': '0.0006183', 'epoch': '6.667'}
{'loss': '0.7091', 'grad_norm': '7.881', 'learning_rate': '0.000608', 'epoch': '6.806'}
{'loss': '0.7208', 'grad_norm': '1.524', 'learning_rate': '0.0005977', 'epoch': '6.944'}




















                                               
[A
                                                  



                                               [A{'eval_loss': '0.7113', 'eval_accuracy': '0.5571', 'eval_macro_f1': '0.4797', 'eval_runtime': '3.939', 'eval_samples_per_second': '17.77', 'eval_steps_per_second': '4.57', 'epoch': '7'}



/Users/mulisamusehane/Documents/GitHub/MultilingualASR/.venv/lib/python3.12/site-packages/torch/utils/data/dataloader.py:759: UserWarning: 'pin_memory' argument is set as true but not supported on MPS now, device pinned memory won't be used.
  super().__init__(loader)

                                                  

                                                  

                                                  

                                                  

                                                  

                                                  

                                                  

{'loss': '0.7436', 'grad_norm': '2.31', 'learning_rate': '0.0005772', 'epoch': '7.222'}
{'loss': '0.7319', 'grad_norm': '3.307', 'learning_rate': '0.0005669', 'epoch': '7.361'}
{'loss': '0.6944', 'grad_norm': '2.15', 'learning_rate': '0.0005566', 'epoch': '7.5'}
{'loss': '0.7285', 'grad_norm': '3.029', 'learning_rate': '0.0005463', 'epoch': '7.639'}
{'loss': '0.659', 'grad_norm': '3.776', 'learning_rate': '0.000536', 'epoch': '7.778'}
{'loss': '0.7015', 'grad_norm': '5.199', 'learning_rate': '0.0005257', 'epoch': '7.917'}




















                                               
[A
                                                  



                                               [A{'eval_loss': '0.7195', 'eval_accuracy': '0.5143', 'eval_macro_f1': '0.386', 'eval_runtime': '3.938', 'eval_samples_per_second': '17.77', 'eval_steps_per_second': '4.571', 'epoch': '8'}




                                                  

/Users/mulisamusehane/Documents/GitHub/MultilingualASR/.venv/lib/python3.12/site-packages/torch/utils/data/dataloader.py:759: UserWarning: 'pin_memory' argument is set as true but not supported on MPS now, device pinned memory won't be used.
  super().__init__(loader)
{'train_runtime': '188.6', 'train_samples_per_second': '22.91', 'train_steps_per_second': '5.726', 'train_loss': '0.7207', 'epoch': '8'}

fold 5/5: n_train=288 n_eval=70 accuracy=0.586 macro_f1=0.560

== Davlan/afro-xlmr-base (5-fold grouped CV) ==
accuracy: 0.562 +/- 0.030
macro F1: 0.550 +/- 0.030
