AfriHuBERT pilot fine-tune | device: mps | train clips: 500 | eval clips: 100 | epochs: 8
clip-length cap 10.0s: train 500->500, eval 100->98

[transformers] [1mHubertForCTC LOAD REPORT[0m from: ajesujoba/AfriHuBERT
Key            | Status  | 
---------------+---------+-
lm_head.bias   | MISSING | 
lm_head.weight | MISSING | 

Notes:
- MISSING:	those params were newly initialized because missing from the checkpoint. Consider training on your downstream task.
[transformers] warmup_ratio is deprecated and will be removed in v5.2. Use `warmup_steps` instead.
disfavoring blank at init: pad_token_id=33 bias -= 5.0

  super().__init__(loader)
/Users/mulisamusehane/Documents/GitHub/MultilingualASR/.venv/lib/python3.12/site-packages/torch/nn/functional.py:3159: UserWarning: The operator 'aten::_ctc_loss' is not currently supported on the MPS backend and will fall back to run on the CPU. This may have performance implications. (Triggered internally at /Users/runner/work/pytorch/pytorch/aten/src/ATen/mps/MPSFallback.mm:34.)
  return torch.ctc_loss(

                                                
















































                                                


                                               
[A


                                               [A{'eval_loss': '21.91', 'eval_wer': '0.9668', 'eval_cer': '0.9584', 'eval_runtime': '7.238', 'eval_samples_per_second': '13.54', 'eval_steps_per_second': '6.77', 'epoch': '1'}



/Users/mulisamusehane/Documents/GitHub/MultilingualASR/.venv/lib/python3.12/site-packages/torch/utils/data/dataloader.py:759: UserWarning: 'pin_memory' argument is set as true but not supported on MPS now, device pinned memory won't be used.
  super().__init__(loader)

                                                

                                                

{'loss': '122.2', 'grad_norm': '239.5', 'learning_rate': '3.831e-05', 'epoch': '1.896'}















































                                                


                                               
[A


                                               [A{'eval_loss': '13.32', 'eval_wer': '0.9668', 'eval_cer': '0.9612', 'eval_runtime': '7.173', 'eval_samples_per_second': '13.66', 'eval_steps_per_second': '6.832', 'epoch': '2'}



/Users/mulisamusehane/Documents/GitHub/MultilingualASR/.venv/lib/python3.12/site-packages/torch/utils/data/dataloader.py:759: UserWarning: 'pin_memory' argument is set as true but not supported on MPS now, device pinned memory won't be used.
  super().__init__(loader)

                                                
















































                                                


                                               
[A


                                               [A{'eval_loss': '11.34', 'eval_wer': '0.9668', 'eval_cer': '0.9612', 'eval_runtime': '7.132', 'eval_samples_per_second': '13.74', 'eval_steps_per_second': '6.87', 'epoch': '3'}




                                                

/Users/mulisamusehane/Documents/GitHub/MultilingualASR/.venv/lib/python3.12/site-packages/torch/utils/data/dataloader.py:759: UserWarning: 'pin_memory' argument is set as true but not supported on MPS now, device pinned memory won't be used.
  super().__init__(loader)
{'train_runtime': '335.9', 'train_samples_per_second': '11.91', 'train_steps_per_second': '0.762', 'train_loss': '138.7', 'epoch': '3'}


== afrihubert pilot result ==
eval WER: 0.967 | eval CER: 0.958
(zero-shot Whisper Large v3 baseline on NCHLT test: WER 1.108, CER 0.763)
(Wav2Vec2 pilot v2 on NCHLT test: WER 0.332, CER 0.074)

model saved -> /Users/mulisamusehane/Documents/GitHub/MultilingualASR/results/hubert-ven-pilot/final
