AfriHuBERT pilot fine-tune | device: mps | train clips: 500 | eval clips: 100 | epochs: 6




clip-length cap 10.0s: train 500->500, eval 100->98

[transformers] [1mHubertForCTC LOAD REPORT[0m from: ajesujoba/AfriHuBERT
Key            | Status  | 
---------------+---------+-
lm_head.weight | MISSING | 
lm_head.bias   | MISSING | 

Notes:
- MISSING:	those params were newly initialized because missing from the checkpoint. Consider training on your downstream task.
[transformers] warmup_ratio is deprecated and will be removed in v5.2. Use `warmup_steps` instead.

  super().__init__(loader)
/Users/mulisamusehane/Documents/GitHub/MultilingualASR/.venv/lib/python3.12/site-packages/torch/nn/functional.py:3159: UserWarning: The operator 'aten::_ctc_loss' is not currently supported on the MPS backend and will fall back to run on the CPU. This may have performance implications. (Triggered internally at /Users/runner/work/pytorch/pytorch/aten/src/ATen/mps/MPSFallback.mm:34.)
  return torch.ctc_loss(

                                                
















































                                                


                                               
[A


                                               [A{'eval_loss': '12.3', 'eval_wer': '0.9668', 'eval_cer': '0.962', 'eval_runtime': '7.828', 'eval_samples_per_second': '12.52', 'eval_steps_per_second': '6.26', 'epoch': '1'}



/Users/mulisamusehane/Documents/GitHub/MultilingualASR/.venv/lib/python3.12/site-packages/torch/utils/data/dataloader.py:759: UserWarning: 'pin_memory' argument is set as true but not supported on MPS now, device pinned memory won't be used.
  super().__init__(loader)

                                                

                                                

{'loss': '87.24', 'grad_norm': '228', 'learning_rate': '2.32e-05', 'epoch': '1.896'}
















































                                                


                                               
[A


                                               [A{'eval_loss': '9.831', 'eval_wer': '0.9668', 'eval_cer': '0.962', 'eval_runtime': '7.523', 'eval_samples_per_second': '13.03', 'eval_steps_per_second': '6.514', 'epoch': '2'}



/Users/mulisamusehane/Documents/GitHub/MultilingualASR/.venv/lib/python3.12/site-packages/torch/utils/data/dataloader.py:759: UserWarning: 'pin_memory' argument is set as true but not supported on MPS now, device pinned memory won't be used.
  super().__init__(loader)

                                                


















































                                                


                                               
[A


                                               [A{'eval_loss': '9.09', 'eval_wer': '0.9668', 'eval_cer': '0.962', 'eval_runtime': '8.063', 'eval_samples_per_second': '12.15', 'eval_steps_per_second': '6.077', 'epoch': '3'}




                                                

/Users/mulisamusehane/Documents/GitHub/MultilingualASR/.venv/lib/python3.12/site-packages/torch/utils/data/dataloader.py:759: UserWarning: 'pin_memory' argument is set as true but not supported on MPS now, device pinned memory won't be used.
  super().__init__(loader)
{'train_runtime': '365', 'train_samples_per_second': '8.218', 'train_steps_per_second': '0.526', 'train_loss': '107.9', 'epoch': '3'}


== afrihubert pilot result ==
eval WER: 0.967 | eval CER: 0.962
(zero-shot Whisper Large v3 baseline on NCHLT test: WER 1.108, CER 0.763)
(Wav2Vec2 pilot v2 on NCHLT test: WER 0.332, CER 0.074)

model saved -> /Users/mulisamusehane/Documents/GitHub/MultilingualASR/results/hubert-ven-pilot/final
