AfriHuBERT pilot fine-tune | device: mps | train clips: 500 | eval clips: 100 | epochs: 25
clip-length cap 10.0s: train 500->500, eval 100->98

[transformers] [1mHubertForCTC LOAD REPORT[0m from: ajesujoba/AfriHuBERT
Key            | Status  | 
---------------+---------+-
lm_head.weight | MISSING | 
lm_head.bias   | MISSING | 

Notes:
- MISSING:	those params were newly initialized because missing from the checkpoint. Consider training on your downstream task.
[transformers] warmup_ratio is deprecated and will be removed in v5.2. Use `warmup_steps` instead.

  super().__init__(loader)
/Users/mulisamusehane/Documents/GitHub/MultilingualASR/.venv/lib/python3.12/site-packages/torch/nn/functional.py:3159: UserWarning: The operator 'aten::_ctc_loss' is not currently supported on the MPS backend and will fall back to run on the CPU. This may have performance implications. (Triggered internally at /Users/runner/work/pytorch/pytorch/aten/src/ATen/mps/MPSFallback.mm:34.)
  return torch.ctc_loss(

                                                















































                                                


                                               
[A


                                               [A{'eval_loss': '19.62', 'eval_wer': '0.9668', 'eval_cer': '0.962', 'eval_runtime': '6.929', 'eval_samples_per_second': '14.14', 'eval_steps_per_second': '7.072', 'epoch': '1'}



/Users/mulisamusehane/Documents/GitHub/MultilingualASR/.venv/lib/python3.12/site-packages/torch/utils/data/dataloader.py:759: UserWarning: 'pin_memory' argument is set as true but not supported on MPS now, device pinned memory won't be used.
  super().__init__(loader)

                                                

                                                

{'loss': '103.1', 'grad_norm': '251.1', 'learning_rate': '3.688e-05', 'epoch': '1.896'}















































                                                


                                               
[A


                                               [A{'eval_loss': '10.68', 'eval_wer': '0.9668', 'eval_cer': '0.962', 'eval_runtime': '6.906', 'eval_samples_per_second': '14.19', 'eval_steps_per_second': '7.095', 'epoch': '2'}



/Users/mulisamusehane/Documents/GitHub/MultilingualASR/.venv/lib/python3.12/site-packages/torch/utils/data/dataloader.py:759: UserWarning: 'pin_memory' argument is set as true but not supported on MPS now, device pinned memory won't be used.
  super().__init__(loader)

                                                
















































                                                


                                               
[A


                                               [A{'eval_loss': '8.778', 'eval_wer': '0.9668', 'eval_cer': '0.962', 'eval_runtime': '6.936', 'eval_samples_per_second': '14.13', 'eval_steps_per_second': '7.064', 'epoch': '3'}



/Users/mulisamusehane/Documents/GitHub/MultilingualASR/.venv/lib/python3.12/site-packages/torch/utils/data/dataloader.py:759: UserWarning: 'pin_memory' argument is set as true but not supported on MPS now, device pinned memory won't be used.
  super().__init__(loader)

                                                 

                                                 

{'loss': '65.26', 'grad_norm': '167.7', 'learning_rate': '4.729e-05', 'epoch': '3.768'}
















































                                                 


                                               
[A


                                               [A{'eval_loss': '7.177', 'eval_wer': '0.9668', 'eval_cer': '0.962', 'eval_runtime': '7.485', 'eval_samples_per_second': '13.09', 'eval_steps_per_second': '6.547', 'epoch': '4'}



/Users/mulisamusehane/Documents/GitHub/MultilingualASR/.venv/lib/python3.12/site-packages/torch/utils/data/dataloader.py:759: UserWarning: 'pin_memory' argument is set as true but not supported on MPS now, device pinned memory won't be used.
  super().__init__(loader)

                                                 

                                                 

{'loss': '51.91', 'grad_norm': '50.38', 'learning_rate': '4.451e-05', 'epoch': '5'}















































                                                 


                                               
[A


                                               [A{'eval_loss': '5.904', 'eval_wer': '0.9668', 'eval_cer': '0.962', 'eval_runtime': '6.905', 'eval_samples_per_second': '14.19', 'eval_steps_per_second': '7.096', 'epoch': '5'}



/Users/mulisamusehane/Documents/GitHub/MultilingualASR/.venv/lib/python3.12/site-packages/torch/utils/data/dataloader.py:759: UserWarning: 'pin_memory' argument is set as true but not supported on MPS now, device pinned memory won't be used.
  super().__init__(loader)

                                                 















































                                                 


                                               
[A


                                               [A{'eval_loss': '4.93', 'eval_wer': '0.9668', 'eval_cer': '0.962', 'eval_runtime': '6.915', 'eval_samples_per_second': '14.17', 'eval_steps_per_second': '7.086', 'epoch': '6'}



/Users/mulisamusehane/Documents/GitHub/MultilingualASR/.venv/lib/python3.12/site-packages/torch/utils/data/dataloader.py:759: UserWarning: 'pin_memory' argument is set as true but not supported on MPS now, device pinned memory won't be used.
  super().__init__(loader)

                                                 

                                                 

{'loss': '36.91', 'grad_norm': '79.96', 'learning_rate': '4.035e-05', 'epoch': '6.896'}















































                                                 


                                               
[A


                                               [A{'eval_loss': '4.208', 'eval_wer': '0.9668', 'eval_cer': '0.962', 'eval_runtime': '6.927', 'eval_samples_per_second': '14.15', 'eval_steps_per_second': '7.074', 'epoch': '7'}



/Users/mulisamusehane/Documents/GitHub/MultilingualASR/.venv/lib/python3.12/site-packages/torch/utils/data/dataloader.py:759: UserWarning: 'pin_memory' argument is set as true but not supported on MPS now, device pinned memory won't be used.
  super().__init__(loader)

                                                 
















































                                                 


                                               
[A


                                               [A{'eval_loss': '3.727', 'eval_wer': '0.9668', 'eval_cer': '0.962', 'eval_runtime': '6.877', 'eval_samples_per_second': '14.25', 'eval_steps_per_second': '7.125', 'epoch': '8'}



/Users/mulisamusehane/Documents/GitHub/MultilingualASR/.venv/lib/python3.12/site-packages/torch/utils/data/dataloader.py:759: UserWarning: 'pin_memory' argument is set as true but not supported on MPS now, device pinned memory won't be used.
  super().__init__(loader)

                                                 

                                                 

{'loss': '29.07', 'grad_norm': '35.29', 'learning_rate': '3.618e-05', 'epoch': '8.768'}















































                                                 


                                               
[A


                                               [A{'eval_loss': '3.43', 'eval_wer': '0.9668', 'eval_cer': '0.962', 'eval_runtime': '6.906', 'eval_samples_per_second': '14.19', 'eval_steps_per_second': '7.095', 'epoch': '9'}



/Users/mulisamusehane/Documents/GitHub/MultilingualASR/.venv/lib/python3.12/site-packages/torch/utils/data/dataloader.py:759: UserWarning: 'pin_memory' argument is set as true but not supported on MPS now, device pinned memory won't be used.
  super().__init__(loader)

                                                 

                                                 

{'loss': '25.88', 'grad_norm': '8.654', 'learning_rate': '3.34e-05', 'epoch': '10'}















































                                                 


                                               
[A


                                               [A{'eval_loss': '3.26', 'eval_wer': '0.9668', 'eval_cer': '0.962', 'eval_runtime': '6.745', 'eval_samples_per_second': '14.53', 'eval_steps_per_second': '7.264', 'epoch': '10'}



/Users/mulisamusehane/Documents/GitHub/MultilingualASR/.venv/lib/python3.12/site-packages/torch/utils/data/dataloader.py:759: UserWarning: 'pin_memory' argument is set as true but not supported on MPS now, device pinned memory won't be used.
  super().__init__(loader)

                                                 
















































                                                 


                                               
[A


                                               [A{'eval_loss': '3.164', 'eval_wer': '0.9668', 'eval_cer': '0.962', 'eval_runtime': '7.258', 'eval_samples_per_second': '13.5', 'eval_steps_per_second': '6.751', 'epoch': '11'}



/Users/mulisamusehane/Documents/GitHub/MultilingualASR/.venv/lib/python3.12/site-packages/torch/utils/data/dataloader.py:759: UserWarning: 'pin_memory' argument is set as true but not supported on MPS now, device pinned memory won't be used.
  super().__init__(loader)

                                                 

                                                 

{'loss': '25.17', 'grad_norm': '6.062', 'learning_rate': '2.924e-05', 'epoch': '11.9'}















































                                                 


                                               
[A


                                               [A{'eval_loss': '3.104', 'eval_wer': '0.9668', 'eval_cer': '0.962', 'eval_runtime': '7.168', 'eval_samples_per_second': '13.67', 'eval_steps_per_second': '6.836', 'epoch': '12'}



/Users/mulisamusehane/Documents/GitHub/MultilingualASR/.venv/lib/python3.12/site-packages/torch/utils/data/dataloader.py:759: UserWarning: 'pin_memory' argument is set as true but not supported on MPS now, device pinned memory won't be used.
  super().__init__(loader)

                                                 
















































                                                 


                                               
[A


                                               [A{'eval_loss': '3.07', 'eval_wer': '0.9668', 'eval_cer': '0.962', 'eval_runtime': '7.321', 'eval_samples_per_second': '13.39', 'eval_steps_per_second': '6.693', 'epoch': '13'}



/Users/mulisamusehane/Documents/GitHub/MultilingualASR/.venv/lib/python3.12/site-packages/torch/utils/data/dataloader.py:759: UserWarning: 'pin_memory' argument is set as true but not supported on MPS now, device pinned memory won't be used.
  super().__init__(loader)

                                                 

                                                 

{'loss': '24.53', 'grad_norm': '4.041', 'learning_rate': '2.507e-05', 'epoch': '13.77'}















































                                                 


                                               
[A


                                               [A{'eval_loss': '3.042', 'eval_wer': '0.9668', 'eval_cer': '0.962', 'eval_runtime': '7.24', 'eval_samples_per_second': '13.54', 'eval_steps_per_second': '6.768', 'epoch': '14'}



/Users/mulisamusehane/Documents/GitHub/MultilingualASR/.venv/lib/python3.12/site-packages/torch/utils/data/dataloader.py:759: UserWarning: 'pin_memory' argument is set as true but not supported on MPS now, device pinned memory won't be used.
  super().__init__(loader)

                                                 

                                                 

{'loss': '23.23', 'grad_norm': '1.168', 'learning_rate': '2.229e-05', 'epoch': '15'}
















































                                                 


                                               
[A


                                               [A{'eval_loss': '3.024', 'eval_wer': '0.9668', 'eval_cer': '0.962', 'eval_runtime': '7.151', 'eval_samples_per_second': '13.71', 'eval_steps_per_second': '6.852', 'epoch': '15'}



Writing model shards: 100%|██████████| 1/1 [00:01<00:00,  1.69s/it][A
Writing model shards: 100%|██████████| 1/1 [00:01<00:00,  1.69s/it]
/Users/mulisamusehane/Documents/GitHub/MultilingualASR/.venv/lib/python3.12/site-packages/torch/utils/data/dataloader.py:759: UserWarning: 'pin_memory' argument is set as true but not supported on MPS now, device pinned memory won't be used.
  super().__init__(loader)

                                                 















































                                                 


                                               
[A


                                               [A{'eval_loss': '2.998', 'eval_wer': '0.9668', 'eval_cer': '0.962', 'eval_runtime': '7.587', 'eval_samples_per_second': '12.92', 'eval_steps_per_second': '6.458', 'epoch': '16'}



/Users/mulisamusehane/Documents/GitHub/MultilingualASR/.venv/lib/python3.12/site-packages/torch/utils/data/dataloader.py:759: UserWarning: 'pin_memory' argument is set as true but not supported on MPS now, device pinned memory won't be used.
  super().__init__(loader)

                                                 

                                                 

{'loss': '23.96', 'grad_norm': '5.106', 'learning_rate': '1.813e-05', 'epoch': '16.9'}































                                                 


                                               
[A


                                               [A{'eval_loss': '2.98', 'eval_wer': '0.9668', 'eval_cer': '0.962', 'eval_runtime': '5.243', 'eval_samples_per_second': '18.69', 'eval_steps_per_second': '9.346', 'epoch': '17'}



/Users/mulisamusehane/Documents/GitHub/MultilingualASR/.venv/lib/python3.12/site-packages/torch/utils/data/dataloader.py:759: UserWarning: 'pin_memory' argument is set as true but not supported on MPS now, device pinned memory won't be used.
  super().__init__(loader)

                                                 


































                                                 


                                               
[A


                                               [A{'eval_loss': '2.994', 'eval_wer': '0.9668', 'eval_cer': '0.962', 'eval_runtime': '5.42', 'eval_samples_per_second': '18.08', 'eval_steps_per_second': '9.041', 'epoch': '18'}



/Users/mulisamusehane/Documents/GitHub/MultilingualASR/.venv/lib/python3.12/site-packages/torch/utils/data/dataloader.py:759: UserWarning: 'pin_memory' argument is set as true but not supported on MPS now, device pinned memory won't be used.
  super().__init__(loader)

                                                 

                                                 

{'loss': '23.88', 'grad_norm': '4.679', 'learning_rate': '1.396e-05', 'epoch': '18.77'}




































                                                 


                                               
[A


                                               [A{'eval_loss': '2.978', 'eval_wer': '0.9668', 'eval_cer': '0.962', 'eval_runtime': '5.621', 'eval_samples_per_second': '17.43', 'eval_steps_per_second': '8.717', 'epoch': '19'}



/Users/mulisamusehane/Documents/GitHub/MultilingualASR/.venv/lib/python3.12/site-packages/torch/utils/data/dataloader.py:759: UserWarning: 'pin_memory' argument is set as true but not supported on MPS now, device pinned memory won't be used.
  super().__init__(loader)

                                                 

                                                 

{'loss': '22.88', 'grad_norm': '1.091', 'learning_rate': '1.118e-05', 'epoch': '20'}

































                                                 


                                               
[A


                                               [A{'eval_loss': '2.966', 'eval_wer': '0.9668', 'eval_cer': '0.962', 'eval_runtime': '5.265', 'eval_samples_per_second': '18.61', 'eval_steps_per_second': '9.307', 'epoch': '20'}



/Users/mulisamusehane/Documents/GitHub/MultilingualASR/.venv/lib/python3.12/site-packages/torch/utils/data/dataloader.py:759: UserWarning: 'pin_memory' argument is set as true but not supported on MPS now, device pinned memory won't be used.
  super().__init__(loader)

                                                   


































                                                   


                                               
[A


                                               [A{'eval_loss': '2.959', 'eval_wer': '0.9668', 'eval_cer': '0.962', 'eval_runtime': '5.343', 'eval_samples_per_second': '18.34', 'eval_steps_per_second': '9.17', 'epoch': '21'}



/Users/mulisamusehane/Documents/GitHub/MultilingualASR/.venv/lib/python3.12/site-packages/torch/utils/data/dataloader.py:759: UserWarning: 'pin_memory' argument is set as true but not supported on MPS now, device pinned memory won't be used.
  super().__init__(loader)

                                                   

                                                   

{'loss': '23.65', 'grad_norm': '4.172', 'learning_rate': '7.014e-06', 'epoch': '21.9'}







































                                                   


                                               
[A


                                               [A{'eval_loss': '2.962', 'eval_wer': '0.9668', 'eval_cer': '0.962', 'eval_runtime': '5.884', 'eval_samples_per_second': '16.66', 'eval_steps_per_second': '8.328', 'epoch': '22'}



/Users/mulisamusehane/Documents/GitHub/MultilingualASR/.venv/lib/python3.12/site-packages/torch/utils/data/dataloader.py:759: UserWarning: 'pin_memory' argument is set as true but not supported on MPS now, device pinned memory won't be used.
  super().__init__(loader)

                                                   







































                                                   


                                               
[A


                                               [A{'eval_loss': '2.956', 'eval_wer': '0.9668', 'eval_cer': '0.962', 'eval_runtime': '5.883', 'eval_samples_per_second': '16.66', 'eval_steps_per_second': '8.329', 'epoch': '23'}



/Users/mulisamusehane/Documents/GitHub/MultilingualASR/.venv/lib/python3.12/site-packages/torch/utils/data/dataloader.py:759: UserWarning: 'pin_memory' argument is set as true but not supported on MPS now, device pinned memory won't be used.
  super().__init__(loader)

                                                   

                                                   

{'loss': '23.62', 'grad_norm': '4.449', 'learning_rate': '2.847e-06', 'epoch': '23.77'}






































                                                   


                                               
[A


                                               [A{'eval_loss': '2.958', 'eval_wer': '0.9668', 'eval_cer': '0.962', 'eval_runtime': '5.73', 'eval_samples_per_second': '17.1', 'eval_steps_per_second': '8.551', 'epoch': '24'}



/Users/mulisamusehane/Documents/GitHub/MultilingualASR/.venv/lib/python3.12/site-packages/torch/utils/data/dataloader.py:759: UserWarning: 'pin_memory' argument is set as true but not supported on MPS now, device pinned memory won't be used.
  super().__init__(loader)

                                                   

                                                   

{'loss': '22.76', 'grad_norm': '1.197', 'learning_rate': '6.944e-08', 'epoch': '25'}





































                                                   


                                               
[A


                                               [A{'eval_loss': '2.957', 'eval_wer': '0.9668', 'eval_cer': '0.962', 'eval_runtime': '5.527', 'eval_samples_per_second': '17.73', 'eval_steps_per_second': '8.865', 'epoch': '25'}




                                                   

/Users/mulisamusehane/Documents/GitHub/MultilingualASR/.venv/lib/python3.12/site-packages/torch/utils/data/dataloader.py:759: UserWarning: 'pin_memory' argument is set as true but not supported on MPS now, device pinned memory won't be used.
  super().__init__(loader)
{'train_runtime': '4018', 'train_samples_per_second': '3.111', 'train_steps_per_second': '0.199', 'train_loss': '40.09', 'epoch': '25'}


== afrihubert pilot result ==
eval WER: 0.967 | eval CER: 0.962
(zero-shot Whisper Large v3 baseline on NCHLT test: WER 1.108, CER 0.763)
(Wav2Vec2 pilot v2 on NCHLT test: WER 0.332, CER 0.074)

model saved -> /Users/mulisamusehane/Documents/GitHub/MultilingualASR/results/hubert-ven-pilot/final
