AfriHuBERT pilot fine-tune | device: mps | train clips: 500 | eval clips: 100 | epochs: 8
clip-length cap 10.0s: train 500->500, eval 100->98

[transformers] [1mHubertForCTC LOAD REPORT[0m from: ajesujoba/AfriHuBERT
Key            | Status  | 
---------------+---------+-
lm_head.bias   | MISSING | 
lm_head.weight | MISSING | 

Notes:
- MISSING:	those params were newly initialized because missing from the checkpoint. Consider training on your downstream task.
[transformers] warmup_ratio is deprecated and will be removed in v5.2. Use `warmup_steps` instead.

  super().__init__(loader)
/Users/mulisamusehane/Documents/GitHub/MultilingualASR/.venv/lib/python3.12/site-packages/torch/nn/functional.py:3159: UserWarning: The operator 'aten::_ctc_loss' is not currently supported on the MPS backend and will fall back to run on the CPU. This may have performance implications. (Triggered internally at /Users/runner/work/pytorch/pytorch/aten/src/ATen/mps/MPSFallback.mm:34.)
  return torch.ctc_loss(

                                                
















































                                                


                                               
[A


                                               [A{'eval_loss': '17.71', 'eval_wer': '0.9668', 'eval_cer': '0.962', 'eval_runtime': '7.184', 'eval_samples_per_second': '13.64', 'eval_steps_per_second': '6.821', 'epoch': '1'}



/Users/mulisamusehane/Documents/GitHub/MultilingualASR/.venv/lib/python3.12/site-packages/torch/utils/data/dataloader.py:759: UserWarning: 'pin_memory' argument is set as true but not supported on MPS now, device pinned memory won't be used.
  super().__init__(loader)

                                                

                                                

{'loss': '95.14', 'grad_norm': '277.2', 'learning_rate': '3.831e-05', 'epoch': '1.896'}
















































                                                


                                               
[A


                                               [A{'eval_loss': '9.706', 'eval_wer': '0.9668', 'eval_cer': '0.962', 'eval_runtime': '7.567', 'eval_samples_per_second': '12.95', 'eval_steps_per_second': '6.476', 'epoch': '2'}



/Users/mulisamusehane/Documents/GitHub/MultilingualASR/.venv/lib/python3.12/site-packages/torch/utils/data/dataloader.py:759: UserWarning: 'pin_memory' argument is set as true but not supported on MPS now, device pinned memory won't be used.
  super().__init__(loader)

                                                

















































                                                


                                               
[A


                                               [A{'eval_loss': '8.038', 'eval_wer': '0.9668', 'eval_cer': '0.962', 'eval_runtime': '7.937', 'eval_samples_per_second': '12.35', 'eval_steps_per_second': '6.173', 'epoch': '3'}




                                                

/Users/mulisamusehane/Documents/GitHub/MultilingualASR/.venv/lib/python3.12/site-packages/torch/utils/data/dataloader.py:759: UserWarning: 'pin_memory' argument is set as true but not supported on MPS now, device pinned memory won't be used.
  super().__init__(loader)
{'train_runtime': '357.3', 'train_samples_per_second': '11.19', 'train_steps_per_second': '0.716', 'train_loss': '116.7', 'epoch': '3'}


== afrihubert pilot result ==
eval WER: 0.967 | eval CER: 0.962
(zero-shot Whisper Large v3 baseline on NCHLT test: WER 1.108, CER 0.763)
(Wav2Vec2 pilot v2 on NCHLT test: WER 0.332, CER 0.074)

model saved -> /Users/mulisamusehane/Documents/GitHub/MultilingualASR/results/hubert-ven-pilot/final
