AfriHuBERT pilot fine-tune | device: mps | train clips: 5000 | eval clips: 500 | epochs: 3




clip-length cap 10.0s: train 5000->4974, eval 500->493

[transformers] [1mHubertForCTC LOAD REPORT[0m from: ajesujoba/AfriHuBERT
Key            | Status  | 
---------------+---------+-
lm_head.bias   | MISSING | 
lm_head.weight | MISSING | 

Notes:
- MISSING:	those params were newly initialized because missing from the checkpoint. Consider training on your downstream task.
[transformers] warmup_ratio is deprecated and will be removed in v5.2. Use `warmup_steps` instead.

  super().__init__(loader)
/Users/mulisamusehane/Documents/GitHub/MultilingualASR/.venv/lib/python3.12/site-packages/torch/nn/functional.py:3159: UserWarning: The operator 'aten::_ctc_loss' is not currently supported on the MPS backend and will fall back to run on the CPU. This may have performance implications. (Triggered internally at /Users/runner/work/pytorch/pytorch/aten/src/ATen/mps/MPSFallback.mm:34.)
  return torch.ctc_loss(

                                                

                                                

                                                

                                                

                                                 

                                                 

                                                 

                                                 

                                                 

                                                   

                                                 

                                                 

                                                 

                                                 

                                                 

{'loss': '137.5', 'grad_norm': '236.9', 'learning_rate': '4.149e-05', 'epoch': '0.1287'}
{'loss': '88.3', 'grad_norm': '208.5', 'learning_rate': '6.277e-05', 'epoch': '0.193'}
{'loss': '75.24', 'grad_norm': '177.3', 'learning_rate': '8.404e-05', 'epoch': '0.2573'}
{'loss': '59.36', 'grad_norm': '131.6', 'learning_rate': '9.94e-05', 'epoch': '0.3217'}
{'loss': '46.12', 'grad_norm': '122.1', 'learning_rate': '9.702e-05', 'epoch': '0.386'}
{'loss': '37.58', 'grad_norm': '64.81', 'learning_rate': '9.464e-05', 'epoch': '0.4503'}
{'loss': '31.01', 'grad_norm': '36.47', 'learning_rate': '9.225e-05', 'epoch': '0.5147'}
{'loss': '27.48', 'grad_norm': '12.22', 'learning_rate': '8.987e-05', 'epoch': '0.579'}
{'loss': '26.1', 'grad_norm': '8.018', 'learning_rate': '8.749e-05', 'epoch': '0.6433'}
{'loss': '24.83', 'grad_norm': '8.248', 'learning_rate': '8.51e-05', 'epoch': '0.7077'}
{'loss': '25.02', 'grad_norm': '2.678', 'learning_rate': '8.272e-05', 'epoch': '0.772'}
{'loss': '24.27', 'grad_norm': '7.724', 'learning_rate': '8.033e-05', 'epoch': '0.8363'}
{'loss': '24.32', 'grad_norm': '7.724', 'learning_rate': '7.795e-05', 'epoch': '0.9007'}
{'loss': '25.23', 'grad_norm': '3.565', 'learning_rate': '7.557e-05', 'epoch': '0.965'}











































































































































































































                                                 


                                                 
[A


                                                 [A{'eval_loss': '3.03', 'eval_wer': '0.9709', 'eval_cer': '0.9614', 'eval_runtime': '32.75', 'eval_samples_per_second': '15.05', 'eval_steps_per_second': '7.542', 'epoch': '1'}



/Users/mulisamusehane/Documents/GitHub/MultilingualASR/.venv/lib/python3.12/site-packages/torch/utils/data/dataloader.py:759: UserWarning: 'pin_memory' argument is set as true but not supported on MPS now, device pinned memory won't be used.
  super().__init__(loader)

                                                 

                                                 

                                                 

                                                 

                                                 

                                                 

                                                 

                                                 

                                                 

                                                 

                                                 

                                                 

                                                 

                                                 

                                                 

                                                 

{'loss': '24.41', 'grad_norm': '6.307', 'learning_rate': '7.08e-05', 'epoch': '1.093'}
{'loss': '24.14', 'grad_norm': '10.6', 'learning_rate': '6.841e-05', 'epoch': '1.158'}
{'loss': '24.07', 'grad_norm': '2.846', 'learning_rate': '6.603e-05', 'epoch': '1.222'}
{'loss': '24.13', 'grad_norm': '2.307', 'learning_rate': '6.365e-05', 'epoch': '1.286'}
{'loss': '24.19', 'grad_norm': '7.669', 'learning_rate': '6.126e-05', 'epoch': '1.351'}
{'loss': '24.19', 'grad_norm': '19.18', 'learning_rate': '5.888e-05', 'epoch': '1.415'}
{'loss': '24.05', 'grad_norm': '6.523', 'learning_rate': '5.65e-05', 'epoch': '1.479'}
{'loss': '24.1', 'grad_norm': '2.103', 'learning_rate': '5.411e-05', 'epoch': '1.544'}
{'loss': '24.1', 'grad_norm': '11.53', 'learning_rate': '5.173e-05', 'epoch': '1.608'}
{'loss': '24.3', 'grad_norm': '15.72', 'learning_rate': '4.934e-05', 'epoch': '1.672'}
{'loss': '24.2', 'grad_norm': '7.004', 'learning_rate': '4.696e-05', 'epoch': '1.737'}
{'loss': '24.03', 'grad_norm': '12.7', 'learning_rate': '4.458e-05', 'epoch': '1.801'}
{'loss': '23.92', 'grad_norm': '7.756', 'learning_rate': '4.219e-05', 'epoch': '1.865'}
{'loss': '23.99', 'grad_norm': '9.393', 'learning_rate': '3.981e-05', 'epoch': '1.93'}
{'loss': '24.18', 'grad_norm': '3.009', 'learning_rate': '3.743e-05', 'epoch': '1.994'}










































































































































































































































                                                 


                                                 
[A


                                                 [A{'eval_loss': '3.024', 'eval_wer': '0.9709', 'eval_cer': '0.9614', 'eval_runtime': '39.53', 'eval_samples_per_second': '12.47', 'eval_steps_per_second': '6.248', 'epoch': '2'}



/Users/mulisamusehane/Documents/GitHub/MultilingualASR/.venv/lib/python3.12/site-packages/torch/utils/data/dataloader.py:759: UserWarning: 'pin_memory' argument is set as true but not supported on MPS now, device pinned memory won't be used.
  super().__init__(loader)

                                                 

                                                 

                                                 

                                                 

                                                 

                                                 

                                                 

                                                 

                                                 

                                                 

                                                 

                                                 

                                                 

                                                 

                                                 

{'loss': '24.02', 'grad_norm': '13.72', 'learning_rate': '3.266e-05', 'epoch': '2.122'}
{'loss': '24.01', 'grad_norm': '6.574', 'learning_rate': '3.027e-05', 'epoch': '2.187'}
{'loss': '23.88', 'grad_norm': '5.078', 'learning_rate': '2.789e-05', 'epoch': '2.251'}
{'loss': '24.33', 'grad_norm': '8.151', 'learning_rate': '2.551e-05', 'epoch': '2.315'}
{'loss': '24.1', 'grad_norm': '4.262', 'learning_rate': '2.312e-05', 'epoch': '2.38'}
{'loss': '23.99', 'grad_norm': '3.337', 'learning_rate': '2.074e-05', 'epoch': '2.444'}
{'loss': '23.96', 'grad_norm': '3.538', 'learning_rate': '1.836e-05', 'epoch': '2.508'}
{'loss': '24.01', 'grad_norm': '6.586', 'learning_rate': '1.597e-05', 'epoch': '2.573'}
{'loss': '23.98', 'grad_norm': '5.955', 'learning_rate': '1.359e-05', 'epoch': '2.637'}
{'loss': '24.07', 'grad_norm': '5.666', 'learning_rate': '1.12e-05', 'epoch': '2.701'}
{'loss': '24.07', 'grad_norm': '6.798', 'learning_rate': '8.82e-06', 'epoch': '2.766'}
{'loss': '23.98', 'grad_norm': '8.769', 'learning_rate': '6.436e-06', 'epoch': '2.83'}
{'loss': '24', 'grad_norm': '8.796', 'learning_rate': '4.052e-06', 'epoch': '2.894'}
{'loss': '24.21', 'grad_norm': '3.578', 'learning_rate': '1.669e-06', 'epoch': '2.959'}











































































































































































































































                                                 


                                                 
[A


                                                 [A{'eval_loss': '3.016', 'eval_wer': '0.9709', 'eval_cer': '0.9614', 'eval_runtime': '38.38', 'eval_samples_per_second': '12.84', 'eval_steps_per_second': '6.435', 'epoch': '3'}




                                                 

/Users/mulisamusehane/Documents/GitHub/MultilingualASR/.venv/lib/python3.12/site-packages/torch/utils/data/dataloader.py:759: UserWarning: 'pin_memory' argument is set as true but not supported on MPS now, device pinned memory won't be used.
  super().__init__(loader)
{'train_runtime': '3122', 'train_samples_per_second': '4.78', 'train_steps_per_second': '0.299', 'train_loss': '34.45', 'epoch': '3'}


== afrihubert pilot result ==
eval WER: 0.971 | eval CER: 0.961
(zero-shot Whisper Large v3 baseline on NCHLT test: WER 1.108, CER 0.763)
(Wav2Vec2 pilot v2 on NCHLT test: WER 0.332, CER 0.074)

model saved -> /Users/mulisamusehane/Documents/GitHub/MultilingualASR/results/hubert-ven-pilot/final
