MMS pilot fine-tune | device: mps | train clips: 5000 | eval clips: 500 | epochs: 2
clip-length cap 10.0s: train 5000->4974, eval 500->493

Loading weights:   0%|          | 0/422 [00:00<?, ?it/s]
Loading weights: 100%|██████████| 422/422 [00:00<00:00, 63834.26it/s]
[transformers] [1mWav2Vec2ForCTC LOAD REPORT[0m from: facebook/mms-300m
Key                          | Status     | 
-----------------------------+------------+-
project_q.bias               | UNEXPECTED | 
project_q.weight             | UNEXPECTED | 
quantizer.weight_proj.weight | UNEXPECTED | 
project_hid.bias             | UNEXPECTED | 
quantizer.codevectors        | UNEXPECTED | 
quantizer.weight_proj.bias   | UNEXPECTED | 
project_hid.weight           | UNEXPECTED | 
lm_head.weight               | MISSING    | 
lm_head.bias                 | MISSING    | 

Notes:
- UNEXPECTED:	can be ignored when loading from different task/architecture; not ok if you expect identical arch.
- MISSING:	those params were newly initialized because missing from the checkpoint. Consider training on your downstream task.
[transformers] warmup_ratio is deprecated and will be removed in v5.2. Use `warmup_steps` instead.

  0%|          | 0/622 [00:00<?, ?it/s]/Users/mulisamusehane/Documents/GitHub/MultilingualASR/.venv/lib/python3.12/site-packages/torch/utils/data/dataloader.py:759: UserWarning: 'pin_memory' argument is set as true but not supported on MPS now, device pinned memory won't be used.
  super().__init__(loader)
/Users/mulisamusehane/Documents/GitHub/MultilingualASR/.venv/lib/python3.12/site-packages/torch/nn/functional.py:3159: UserWarning: The operator 'aten::_ctc_loss' is not currently supported on the MPS backend and will fall back to run on the CPU. This may have performance implications. (Triggered internally at /Users/runner/work/pytorch/pytorch/aten/src/ATen/mps/MPSFallback.mm:34.)
  return torch.ctc_loss(

  0%|          | 1/622 [00:09<1:36:44,  9.35s/it]
  0%|          | 2/622 [00:19<1:44:09, 10.08s/it]
  0%|          | 3/622 [00:30<1:45:35, 10.23s/it]
  1%|          | 4/622 [00:39<1:41:20,  9.84s/it]
  1%|          | 5/622 [00:49<1:42:40,  9.98s/it]
  1%|          | 6/622 [01:03<1:56:01, 11.30s/it]
  1%|          | 7/622 [01:13<1:49:44, 10.71s/it]
  1%|▏         | 8/622 [01:23<1:48:34, 10.61s/it]
  1%|▏         | 9/622 [01:33<1:46:29, 10.42s/it]
  2%|▏         | 10/622 [01:44<1:46:54, 10.48s/it]
  2%|▏         | 11/622 [01:54<1:45:15, 10.34s/it]
  2%|▏         | 12/622 [02:04<1:46:16, 10.45s/it]
  2%|▏         | 13/622 [02:14<1:42:14, 10.07s/it]
  2%|▏         | 14/622 [02:24<1:41:57, 10.06s/it]
  2%|▏         | 15/622 [02:32<1:35:30,  9.44s/it]
  3%|▎         | 16/622 [02:42<1:39:20,  9.84s/it]
  3%|▎         | 17/622 [02:52<1:39:15,  9.84s/it]
  3%|▎         | 18/622 [03:03<1:40:59, 10.03s/it]
  3%|▎         | 19/622 [03:13<1:42:11, 10.17s/it]
  3%|▎         | 20/622 [03:22<1:38:56,  9.86s/it]
                                                  

  3%|▎         | 20/622 [03:23<1:38:56,  9.86s/it]
  3%|▎         | 21/622 [03:32<1:38:30,  9.83s/it]
  4%|▎         | 22/622 [03:40<1:31:15,  9.13s/it]
  4%|▎         | 23/622 [03:45<1:21:03,  8.12s/it]
  4%|▍         | 24/622 [03:51<1:13:29,  7.37s/it]
  4%|▍         | 25/622 [03:58<1:10:49,  7.12s/it]
  4%|▍         | 26/622 [04:04<1:08:29,  6.89s/it]
  4%|▍         | 27/622 [04:10<1:06:33,  6.71s/it]
  5%|▍         | 28/622 [04:16<1:05:05,  6.57s/it]
  5%|▍         | 29/622 [04:24<1:08:14,  6.90s/it]
  5%|▍         | 30/622 [04:32<1:09:48,  7.07s/it]
  5%|▍         | 31/622 [04:37<1:06:00,  6.70s/it]
  5%|▌         | 32/622 [04:45<1:07:29,  6.86s/it]
  5%|▌         | 33/622 [04:51<1:04:51,  6.61s/it]
  5%|▌         | 34/622 [04:56<1:01:44,  6.30s/it]
  6%|▌         | 35/622 [05:03<1:02:24,  6.38s/it]
  6%|▌         | 36/622 [05:09<1:02:17,  6.38s/it]
  6%|▌         | 37/622 [05:14<58:53,  6.04s/it]  
  6%|▌         | 38/622 [05:21<58:57,  6.06s/it]
  6%|▋         | 39/622 [05:29<1:04:53,  6.68s/it]
  6%|▋         | 40/622 [05:36<1:06:17,  6.83s/it]
                                                  

  6%|▋         | 40/622 [05:36<1:06:17,  6.83s/it]
  7%|▋         | 41/622 [05:42<1:04:51,  6.70s/it]
  7%|▋         | 42/622 [05:49<1:05:13,  6.75s/it]
  7%|▋         | 43/622 [05:57<1:08:11,  7.07s/it]
  7%|▋         | 44/622 [06:04<1:09:17,  7.19s/it]
  7%|▋         | 45/622 [06:11<1:08:10,  7.09s/it]
  7%|▋         | 46/622 [06:18<1:05:46,  6.85s/it]
  8%|▊         | 47/622 [06:23<1:01:13,  6.39s/it]
  8%|▊         | 48/622 [06:29<1:00:59,  6.37s/it]
  8%|▊         | 49/622 [06:36<1:02:14,  6.52s/it]
  8%|▊         | 50/622 [06:42<1:01:14,  6.42s/it]
  8%|▊         | 51/622 [06:48<59:32,  6.26s/it]  
  8%|▊         | 52/622 [06:55<1:01:19,  6.45s/it]
  9%|▊         | 53/622 [07:01<59:44,  6.30s/it]  
  9%|▊         | 54/622 [07:08<1:00:30,  6.39s/it]
  9%|▉         | 55/622 [07:14<1:00:23,  6.39s/it]
  9%|▉         | 56/622 [07:22<1:04:10,  6.80s/it]
  9%|▉         | 57/622 [07:28<1:01:54,  6.57s/it]
  9%|▉         | 58/622 [07:34<1:00:15,  6.41s/it]
  9%|▉         | 59/622 [07:39<57:07,  6.09s/it]  
 10%|▉         | 60/622 [07:46<1:00:01,  6.41s/it]
                                                  

 10%|▉         | 60/622 [07:47<1:00:01,  6.41s/it]
 10%|▉         | 61/622 [07:54<1:02:57,  6.73s/it]
 10%|▉         | 62/622 [08:00<1:01:36,  6.60s/it]
 10%|█         | 63/622 [08:08<1:04:05,  6.88s/it]
 10%|█         | 64/622 [08:14<1:01:11,  6.58s/it]
 10%|█         | 65/622 [08:21<1:02:41,  6.75s/it]
 11%|█         | 66/622 [08:27<1:02:02,  6.70s/it]
 11%|█         | 67/622 [08:34<1:01:58,  6.70s/it]
 11%|█         | 68/622 [08:41<1:01:34,  6.67s/it]
 11%|█         | 69/622 [08:47<1:01:21,  6.66s/it]
 11%|█▏        | 70/622 [08:54<1:01:19,  6.67s/it]
 11%|█▏        | 71/622 [09:01<1:01:12,  6.66s/it]
 12%|█▏        | 72/622 [09:07<59:52,  6.53s/it]  
 12%|█▏        | 73/622 [09:12<56:35,  6.19s/it]
 12%|█▏        | 74/622 [09:19<58:15,  6.38s/it]
 12%|█▏        | 75/622 [09:26<59:01,  6.47s/it]
 12%|█▏        | 76/622 [09:33<1:00:20,  6.63s/it]
 12%|█▏        | 77/622 [09:39<58:51,  6.48s/it]  
 13%|█▎        | 78/622 [09:44<56:32,  6.24s/it]
 13%|█▎        | 79/622 [09:50<54:51,  6.06s/it]
 13%|█▎        | 80/622 [09:57<55:46,  6.17s/it]
                                                

 13%|█▎        | 80/622 [09:57<55:46,  6.17s/it]
 13%|█▎        | 81/622 [10:03<56:17,  6.24s/it]
 13%|█▎        | 82/622 [10:10<59:22,  6.60s/it]
 13%|█▎        | 83/622 [10:17<58:14,  6.48s/it]
 14%|█▎        | 84/622 [10:24<1:00:47,  6.78s/it]
 14%|█▎        | 85/622 [10:30<59:02,  6.60s/it]  
 14%|█▍        | 86/622 [10:37<1:00:41,  6.79s/it]
 14%|█▍        | 87/622 [10:44<1:00:54,  6.83s/it]
 14%|█▍        | 88/622 [10:50<56:49,  6.38s/it]  
 14%|█▍        | 89/622 [10:57<59:03,  6.65s/it]
 14%|█▍        | 90/622 [11:05<1:02:16,  7.02s/it]
 15%|█▍        | 91/622 [11:12<1:01:27,  6.94s/it]
 15%|█▍        | 92/622 [11:18<1:00:30,  6.85s/it]
 15%|█▍        | 93/622 [11:25<1:00:46,  6.89s/it]
 15%|█▌        | 94/622 [11:31<58:47,  6.68s/it]  
 15%|█▌        | 95/622 [11:38<58:12,  6.63s/it]
 15%|█▌        | 96/622 [11:44<56:13,  6.41s/it]
 16%|█▌        | 97/622 [11:50<55:44,  6.37s/it]
 16%|█▌        | 98/622 [11:56<53:32,  6.13s/it]
 16%|█▌        | 99/622 [12:01<52:07,  5.98s/it]
 16%|█▌        | 100/622 [12:07<52:08,  5.99s/it]
                                                 

 16%|█▌        | 100/622 [12:08<52:08,  5.99s/it]
 16%|█▌        | 101/622 [12:14<52:57,  6.10s/it]
 16%|█▋        | 102/622 [12:20<53:03,  6.12s/it]
 17%|█▋        | 103/622 [12:27<56:02,  6.48s/it]
 17%|█▋        | 104/622 [12:33<53:53,  6.24s/it]
 17%|█▋        | 105/622 [12:39<53:03,  6.16s/it]
 17%|█▋        | 106/622 [12:45<52:04,  6.06s/it]
 17%|█▋        | 107/622 [12:52<54:38,  6.37s/it]
 17%|█▋        | 108/622 [12:59<56:44,  6.62s/it]
 18%|█▊        | 109/622 [13:06<57:11,  6.69s/it]
 18%|█▊        | 110/622 [13:12<56:33,  6.63s/it]
 18%|█▊        | 111/622 [13:18<55:06,  6.47s/it]
 18%|█▊        | 112/622 [13:25<54:52,  6.46s/it]
 18%|█▊        | 113/622 [13:31<53:29,  6.31s/it]
 18%|█▊        | 114/622 [13:36<50:44,  5.99s/it]
 18%|█▊        | 115/622 [13:44<54:19,  6.43s/it]
 19%|█▊        | 116/622 [13:49<52:52,  6.27s/it]
 19%|█▉        | 117/622 [13:56<53:16,  6.33s/it]
 19%|█▉        | 118/622 [14:03<56:20,  6.71s/it]
 19%|█▉        | 119/622 [14:10<56:31,  6.74s/it]
 19%|█▉        | 120/622 [14:16<54:48,  6.55s/it]
                                                 

 19%|█▉        | 120/622 [14:17<54:48,  6.55s/it]
 19%|█▉        | 121/622 [14:23<54:02,  6.47s/it]
 20%|█▉        | 122/622 [14:28<51:56,  6.23s/it]
 20%|█▉        | 123/622 [14:35<53:49,  6.47s/it]
 20%|█▉        | 124/622 [14:41<52:25,  6.32s/it]
 20%|██        | 125/622 [14:48<53:17,  6.43s/it]
 20%|██        | 126/622 [14:55<53:32,  6.48s/it]
 20%|██        | 127/622 [15:02<56:35,  6.86s/it]
 21%|██        | 128/622 [15:09<54:56,  6.67s/it]
 21%|██        | 129/622 [15:15<53:42,  6.54s/it]
 21%|██        | 130/622 [15:22<54:30,  6.65s/it]
 21%|██        | 131/622 [15:28<54:14,  6.63s/it]
 21%|██        | 132/622 [15:36<55:53,  6.84s/it]
 21%|██▏       | 133/622 [15:42<54:37,  6.70s/it]
 22%|██▏       | 134/622 [15:49<53:55,  6.63s/it]
 22%|██▏       | 135/622 [15:55<53:47,  6.63s/it]
 22%|██▏       | 136/622 [16:02<54:33,  6.74s/it]
 22%|██▏       | 137/622 [16:09<54:43,  6.77s/it]
 22%|██▏       | 138/622 [16:16<56:04,  6.95s/it]
 22%|██▏       | 139/622 [16:22<53:55,  6.70s/it]
 23%|██▎       | 140/622 [16:29<52:43,  6.56s/it]
                                                 

 23%|██▎       | 140/622 [16:29<52:43,  6.56s/it]
 23%|██▎       | 141/622 [16:36<55:13,  6.89s/it]
 23%|██▎       | 142/622 [16:43<55:11,  6.90s/it]
 23%|██▎       | 143/622 [16:50<53:59,  6.76s/it]
 23%|██▎       | 144/622 [16:57<54:09,  6.80s/it]
 23%|██▎       | 145/622 [17:03<52:49,  6.64s/it]
 23%|██▎       | 146/622 [17:09<51:44,  6.52s/it]
 24%|██▎       | 147/622 [17:17<54:33,  6.89s/it]
 24%|██▍       | 148/622 [17:23<53:04,  6.72s/it]
 24%|██▍       | 149/622 [17:30<52:26,  6.65s/it]
 24%|██▍       | 150/622 [17:37<53:13,  6.77s/it]
 24%|██▍       | 151/622 [17:43<52:09,  6.64s/it]
 24%|██▍       | 152/622 [17:50<52:35,  6.71s/it]
 25%|██▍       | 153/622 [17:57<52:49,  6.76s/it]
 25%|██▍       | 154/622 [18:04<54:22,  6.97s/it]
 25%|██▍       | 155/622 [18:10<50:38,  6.51s/it]
 25%|██▌       | 156/622 [18:16<49:15,  6.34s/it]
 25%|██▌       | 157/622 [18:21<47:28,  6.13s/it]
 25%|██▌       | 158/622 [18:29<51:18,  6.64s/it]
 26%|██▌       | 159/622 [18:38<57:20,  7.43s/it]
 26%|██▌       | 160/622 [18:46<57:36,  7.48s/it]
                                                 

 26%|██▌       | 160/622 [18:47<57:36,  7.48s/it]
 26%|██▌       | 161/622 [18:56<1:02:42,  8.16s/it]
 26%|██▌       | 162/622 [19:06<1:06:16,  8.65s/it]
 26%|██▌       | 163/622 [19:15<1:08:53,  9.01s/it]
 26%|██▋       | 164/622 [19:25<1:09:36,  9.12s/it]
 27%|██▋       | 165/622 [19:35<1:12:43,  9.55s/it]
 27%|██▋       | 166/622 [19:43<1:09:22,  9.13s/it]
 27%|██▋       | 167/622 [19:53<1:11:15,  9.40s/it]
 27%|██▋       | 168/622 [20:02<1:08:37,  9.07s/it]
 27%|██▋       | 169/622 [20:10<1:06:48,  8.85s/it]
 27%|██▋       | 170/622 [20:20<1:09:07,  9.18s/it]
 27%|██▋       | 171/622 [20:29<1:08:20,  9.09s/it]
 28%|██▊       | 172/622 [20:38<1:08:59,  9.20s/it]
 28%|██▊       | 173/622 [20:49<1:11:02,  9.49s/it]
 28%|██▊       | 174/622 [20:58<1:11:39,  9.60s/it]
 28%|██▊       | 175/622 [21:09<1:14:25,  9.99s/it]
 28%|██▊       | 176/622 [21:18<1:12:09,  9.71s/it]
 28%|██▊       | 177/622 [21:27<1:09:40,  9.39s/it]
 29%|██▊       | 178/622 [21:37<1:09:46,  9.43s/it]
 29%|██▉       | 179/622 [21:44<1:06:16,  8.98s/it]
 29%|██▉       | 180/622 [21:54<1:06:19,  9.00s/it]
                                                   

 29%|██▉       | 180/622 [21:54<1:06:19,  9.00s/it]
 29%|██▉       | 181/622 [22:03<1:06:59,  9.11s/it]
 29%|██▉       | 182/622 [22:14<1:10:18,  9.59s/it]
 29%|██▉       | 183/622 [22:23<1:09:08,  9.45s/it]
 30%|██▉       | 184/622 [22:32<1:09:29,  9.52s/it]
 30%|██▉       | 185/622 [22:41<1:07:47,  9.31s/it]
 30%|██▉       | 186/622 [22:49<1:04:05,  8.82s/it]
 30%|███       | 187/622 [22:58<1:05:26,  9.03s/it]
 30%|███       | 188/622 [23:07<1:04:06,  8.86s/it]
 30%|███       | 189/622 [23:14<1:01:00,  8.45s/it]
 31%|███       | 190/622 [23:23<1:00:31,  8.41s/it]
 31%|███       | 191/622 [23:33<1:04:24,  8.97s/it]
 31%|███       | 192/622 [23:43<1:06:07,  9.23s/it]
 31%|███       | 193/622 [23:52<1:06:13,  9.26s/it]
 31%|███       | 194/622 [24:01<1:05:09,  9.14s/it]
 31%|███▏      | 195/622 [24:12<1:08:35,  9.64s/it]
 32%|███▏      | 196/622 [24:20<1:06:02,  9.30s/it]
 32%|███▏      | 197/622 [24:31<1:08:53,  9.73s/it]
 32%|███▏      | 198/622 [24:40<1:06:42,  9.44s/it]
 32%|███▏      | 199/622 [24:48<1:02:56,  8.93s/it]
 32%|███▏      | 200/622 [24:57<1:03:24,  9.01s/it]
                                                   

 32%|███▏      | 200/622 [24:57<1:03:24,  9.01s/it]
 32%|███▏      | 201/622 [25:06<1:04:18,  9.17s/it]
 32%|███▏      | 202/622 [25:14<1:01:33,  8.79s/it]
 33%|███▎      | 203/622 [25:24<1:04:32,  9.24s/it]
 33%|███▎      | 204/622 [25:35<1:07:09,  9.64s/it]
 33%|███▎      | 205/622 [25:45<1:06:39,  9.59s/it]
 33%|███▎      | 206/622 [25:53<1:04:59,  9.37s/it]
 33%|███▎      | 207/622 [26:01<1:01:46,  8.93s/it]
 33%|███▎      | 208/622 [26:10<1:01:07,  8.86s/it]
 34%|███▎      | 209/622 [26:18<59:43,  8.68s/it]  
 34%|███▍      | 210/622 [26:27<59:15,  8.63s/it]
 34%|███▍      | 211/622 [26:35<58:45,  8.58s/it]
 34%|███▍      | 212/622 [26:43<57:42,  8.44s/it]
 34%|███▍      | 213/622 [26:51<56:26,  8.28s/it]
 34%|███▍      | 214/622 [27:02<1:01:45,  9.08s/it]
 35%|███▍      | 215/622 [27:10<59:35,  8.78s/it]  
 35%|███▍      | 216/622 [27:19<59:24,  8.78s/it]
 35%|███▍      | 217/622 [27:29<1:02:33,  9.27s/it]
 35%|███▌      | 218/622 [27:38<1:01:27,  9.13s/it]
 35%|███▌      | 219/622 [27:47<1:00:49,  9.06s/it]
 35%|███▌      | 220/622 [27:55<58:30,  8.73s/it]  
                                                 

 35%|███▌      | 220/622 [27:56<58:30,  8.73s/it]
 36%|███▌      | 221/622 [28:05<1:01:10,  9.15s/it]
 36%|███▌      | 222/622 [28:14<59:25,  8.91s/it]  
 36%|███▌      | 223/622 [28:26<1:05:26,  9.84s/it]
 36%|███▌      | 224/622 [28:37<1:08:36, 10.34s/it]
 36%|███▌      | 225/622 [28:48<1:08:35, 10.37s/it]
 36%|███▋      | 226/622 [28:57<1:06:49, 10.12s/it]
 36%|███▋      | 227/622 [29:07<1:05:57, 10.02s/it]
 37%|███▋      | 228/622 [29:17<1:05:35,  9.99s/it]
 37%|███▋      | 229/622 [29:28<1:07:03, 10.24s/it]
 37%|███▋      | 230/622 [29:37<1:05:47, 10.07s/it]
 37%|███▋      | 231/622 [29:48<1:06:44, 10.24s/it]
 37%|███▋      | 232/622 [29:58<1:06:36, 10.25s/it]
 37%|███▋      | 233/622 [30:05<1:00:39,  9.36s/it]
 38%|███▊      | 234/622 [30:15<1:00:29,  9.35s/it]
 38%|███▊      | 235/622 [30:26<1:03:11,  9.80s/it]
 38%|███▊      | 236/622 [30:35<1:02:26,  9.71s/it]
 38%|███▊      | 237/622 [30:45<1:03:31,  9.90s/it]
 38%|███▊      | 238/622 [30:56<1:04:37, 10.10s/it]
 38%|███▊      | 239/622 [31:05<1:02:55,  9.86s/it]
 39%|███▊      | 240/622 [31:15<1:02:08,  9.76s/it]
                                                   

 39%|███▊      | 240/622 [31:15<1:02:08,  9.76s/it]
 39%|███▊      | 241/622 [31:26<1:04:30, 10.16s/it]
 39%|███▉      | 242/622 [31:35<1:03:01,  9.95s/it]
 39%|███▉      | 243/622 [31:45<1:02:35,  9.91s/it]
 39%|███▉      | 244/622 [31:56<1:04:25, 10.23s/it]
 39%|███▉      | 245/622 [32:11<1:12:56, 11.61s/it]
 40%|███▉      | 246/622 [32:23<1:13:18, 11.70s/it]
 40%|███▉      | 247/622 [32:33<1:10:43, 11.32s/it]
 40%|███▉      | 248/622 [32:44<1:09:16, 11.11s/it]
 40%|████      | 249/622 [32:53<1:04:36, 10.39s/it]
 40%|████      | 250/622 [33:01<1:00:18,  9.73s/it]
 40%|████      | 251/622 [33:12<1:03:13, 10.23s/it]
 41%|████      | 252/622 [33:21<1:00:37,  9.83s/it]
 41%|████      | 253/622 [33:32<1:01:56, 10.07s/it]
 41%|████      | 254/622 [33:43<1:02:56, 10.26s/it]
 41%|████      | 255/622 [33:53<1:03:05, 10.31s/it]
 41%|████      | 256/622 [34:02<59:53,  9.82s/it]  
 41%|████▏     | 257/622 [34:10<57:13,  9.41s/it]
 41%|████▏     | 258/622 [34:20<57:38,  9.50s/it]
 42%|████▏     | 259/622 [34:30<58:23,  9.65s/it]
 42%|████▏     | 260/622 [34:40<58:31,  9.70s/it]
                                                 

 42%|████▏     | 260/622 [34:40<58:31,  9.70s/it]
 42%|████▏     | 261/622 [34:48<56:46,  9.44s/it]
 42%|████▏     | 262/622 [34:55<52:04,  8.68s/it]
 42%|████▏     | 263/622 [35:04<52:12,  8.72s/it]
 42%|████▏     | 264/622 [35:13<52:38,  8.82s/it]
 43%|████▎     | 265/622 [35:21<50:55,  8.56s/it]
 43%|████▎     | 266/622 [35:31<53:02,  8.94s/it]
 43%|████▎     | 267/622 [35:41<54:02,  9.13s/it]
 43%|████▎     | 268/622 [35:48<51:06,  8.66s/it]
 43%|████▎     | 269/622 [35:57<51:50,  8.81s/it]
 43%|████▎     | 270/622 [36:08<54:56,  9.36s/it]
 44%|████▎     | 271/622 [36:18<56:43,  9.70s/it]
 44%|████▎     | 272/622 [36:28<55:31,  9.52s/it]
 44%|████▍     | 273/622 [36:35<51:32,  8.86s/it]
 44%|████▍     | 274/622 [36:40<44:39,  7.70s/it]
 44%|████▍     | 275/622 [36:46<42:02,  7.27s/it]
 44%|████▍     | 276/622 [36:52<39:54,  6.92s/it]
 45%|████▍     | 277/622 [36:59<38:56,  6.77s/it]
 45%|████▍     | 278/622 [37:04<35:46,  6.24s/it]
 45%|████▍     | 279/622 [37:09<34:32,  6.04s/it]
 45%|████▌     | 280/622 [37:16<35:52,  6.29s/it]
                                                 

 45%|████▌     | 280/622 [37:17<35:52,  6.29s/it]
 45%|████▌     | 281/622 [37:23<36:40,  6.45s/it]
 45%|████▌     | 282/622 [37:30<37:19,  6.59s/it]
 45%|████▌     | 283/622 [37:36<36:02,  6.38s/it]
 46%|████▌     | 284/622 [37:41<33:38,  5.97s/it]
 46%|████▌     | 285/622 [37:47<34:23,  6.12s/it]
 46%|████▌     | 286/622 [37:55<37:30,  6.70s/it]
 46%|████▌     | 287/622 [38:02<38:13,  6.85s/it]
 46%|████▋     | 288/622 [38:08<35:06,  6.31s/it]
 46%|████▋     | 289/622 [38:14<35:17,  6.36s/it]
 47%|████▋     | 290/622 [38:21<35:35,  6.43s/it]
 47%|████▋     | 291/622 [38:27<34:52,  6.32s/it]
 47%|████▋     | 292/622 [38:33<35:13,  6.41s/it]
 47%|████▋     | 293/622 [38:39<33:37,  6.13s/it]
 47%|████▋     | 294/622 [38:45<33:26,  6.12s/it]
 47%|████▋     | 295/622 [38:51<34:05,  6.26s/it]
 48%|████▊     | 296/622 [38:58<34:03,  6.27s/it]
 48%|████▊     | 297/622 [39:05<34:51,  6.43s/it]
 48%|████▊     | 298/622 [39:11<35:33,  6.58s/it]
 48%|████▊     | 299/622 [39:19<36:33,  6.79s/it]
 48%|████▊     | 300/622 [39:25<35:42,  6.65s/it]
                                                 

 48%|████▊     | 300/622 [39:26<35:42,  6.65s/it]
 48%|████▊     | 301/622 [39:31<34:30,  6.45s/it]
 49%|████▊     | 302/622 [39:37<34:19,  6.44s/it]
 49%|████▊     | 303/622 [39:44<34:01,  6.40s/it]
 49%|████▉     | 304/622 [39:50<33:24,  6.30s/it]
 49%|████▉     | 305/622 [39:57<34:10,  6.47s/it]
 49%|████▉     | 306/622 [40:04<35:12,  6.69s/it]
 49%|████▉     | 307/622 [40:10<34:13,  6.52s/it]
 50%|████▉     | 308/622 [40:16<33:56,  6.49s/it]
 50%|████▉     | 309/622 [40:23<34:10,  6.55s/it]
 50%|████▉     | 310/622 [40:30<33:48,  6.50s/it]
 50%|█████     | 311/622 [40:37<34:31,  6.66s/it]{'loss': '192.2', 'grad_norm': '119.7', 'learning_rate': '9.048e-06', 'epoch': '0.06433'}
{'loss': '147.7', 'grad_norm': '239.5', 'learning_rate': '1.857e-05', 'epoch': '0.1287'}
{'loss': '79.75', 'grad_norm': '198.5', 'learning_rate': '2.81e-05', 'epoch': '0.193'}
{'loss': '54.67', 'grad_norm': '153.7', 'learning_rate': '2.914e-05', 'epoch': '0.2573'}
{'loss': '43.55', 'grad_norm': '91.02', 'learning_rate': '2.807e-05', 'epoch': '0.3217'}
{'loss': '38.91', 'grad_norm': '96.8', 'learning_rate': '2.699e-05', 'epoch': '0.386'}
{'loss': '35.46', 'grad_norm': '74.39', 'learning_rate': '2.592e-05', 'epoch': '0.4503'}
{'loss': '33.14', 'grad_norm': '57.95', 'learning_rate': '2.485e-05', 'epoch': '0.5147'}
{'loss': '31.35', 'grad_norm': '44.44', 'learning_rate': '2.377e-05', 'epoch': '0.579'}
{'loss': '29.79', 'grad_norm': '40.25', 'learning_rate': '2.27e-05', 'epoch': '0.6433'}
{'loss': '28.11', 'grad_norm': '30.01', 'learning_rate': '2.163e-05', 'epoch': '0.7077'}
{'loss': '27.64', 'grad_norm': '22.49', 'learning_rate': '2.055e-05', 'epoch': '0.772'}
{'loss': '26.56', 'grad_norm': '23.65', 'learning_rate': '1.948e-05', 'epoch': '0.8363'}
{'loss': '25.97', 'grad_norm': '22.89', 'learning_rate': '1.841e-05', 'epoch': '0.9007'}
{'loss': '25.77', 'grad_norm': '17.83', 'learning_rate': '1.733e-05', 'epoch': '0.965'}


  0%|          | 0/247 [00:00<?, ?it/s][A

  1%|          | 2/247 [00:00<00:25,  9.60it/s][A

  1%|          | 3/247 [00:00<00:30,  7.98it/s][A

  2%|▏         | 4/247 [00:00<00:35,  6.82it/s][A

  2%|▏         | 5/247 [00:00<00:40,  6.02it/s][A

  2%|▏         | 6/247 [00:00<00:38,  6.24it/s][A

  3%|▎         | 7/247 [00:01<00:41,  5.72it/s][A

  3%|▎         | 8/247 [00:01<00:45,  5.24it/s][A

  4%|▎         | 9/247 [00:01<00:46,  5.15it/s][A

  4%|▍         | 10/247 [00:01<00:47,  4.95it/s][A

  4%|▍         | 11/247 [00:01<00:45,  5.23it/s][A

  5%|▍         | 12/247 [00:02<00:47,  4.97it/s][A

  5%|▌         | 13/247 [00:02<00:46,  4.99it/s][A

  6%|▌         | 14/247 [00:02<00:44,  5.19it/s][A

  6%|▌         | 15/247 [00:02<00:44,  5.20it/s][A

  6%|▋         | 16/247 [00:02<00:49,  4.67it/s][A

  7%|▋         | 17/247 [00:03<00:45,  5.06it/s][A

  7%|▋         | 18/247 [00:03<00:43,  5.24it/s][A

  8%|▊         | 19/247 [00:03<00:44,  5.15it/s][A

  8%|▊         | 20/247 [00:03<00:48,  4.70it/s][A

  9%|▊         | 21/247 [00:03<00:46,  4.84it/s][A

  9%|▉         | 22/247 [00:04<00:52,  4.29it/s][A

  9%|▉         | 23/247 [00:04<00:48,  4.58it/s][A

 10%|▉         | 24/247 [00:04<00:50,  4.44it/s][A

 10%|█         | 25/247 [00:04<00:44,  4.96it/s][A

 11%|█         | 26/247 [00:05<00:43,  5.13it/s][A

 11%|█         | 27/247 [00:05<00:40,  5.39it/s][A

 11%|█▏        | 28/247 [00:05<00:41,  5.28it/s][A

 12%|█▏        | 29/247 [00:05<00:39,  5.55it/s][A

 12%|█▏        | 30/247 [00:05<00:37,  5.84it/s][A

 13%|█▎        | 31/247 [00:05<00:37,  5.76it/s][A

 13%|█▎        | 32/247 [00:05<00:34,  6.17it/s][A

 13%|█▎        | 33/247 [00:06<00:39,  5.47it/s][A

 14%|█▍        | 34/247 [00:06<00:36,  5.80it/s][A

 14%|█▍        | 35/247 [00:06<00:35,  5.89it/s][A

 15%|█▍        | 36/247 [00:06<00:42,  5.02it/s][A

 15%|█▍        | 37/247 [00:06<00:40,  5.21it/s][A

 15%|█▌        | 38/247 [00:07<00:41,  5.04it/s][A

 16%|█▌        | 39/247 [00:07<00:44,  4.66it/s][A

 16%|█▌        | 40/247 [00:07<00:42,  4.90it/s][A

 17%|█▋        | 41/247 [00:07<00:40,  5.07it/s][A

 17%|█▋        | 42/247 [00:08<00:40,  5.01it/s][A

 17%|█▋        | 43/247 [00:08<00:44,  4.63it/s][A

 18%|█▊        | 44/247 [00:08<00:45,  4.41it/s][A

 18%|█▊        | 45/247 [00:08<00:47,  4.25it/s][A

 19%|█▊        | 46/247 [00:08<00:44,  4.50it/s][A

 19%|█▉        | 47/247 [00:09<00:38,  5.15it/s][A

 19%|█▉        | 48/247 [00:09<00:34,  5.84it/s][A

 20%|█▉        | 49/247 [00:09<00:36,  5.44it/s][A

 20%|██        | 50/247 [00:09<00:54,  3.65it/s][A

 21%|██        | 51/247 [00:10<00:47,  4.11it/s][A

 21%|██        | 52/247 [00:10<00:45,  4.25it/s][A

 21%|██▏       | 53/247 [00:10<00:50,  3.80it/s][A

 22%|██▏       | 54/247 [00:10<00:51,  3.72it/s][A

 22%|██▏       | 55/247 [00:11<00:47,  4.04it/s][A

 23%|██▎       | 56/247 [00:11<00:50,  3.75it/s][A

 23%|██▎       | 57/247 [00:11<00:45,  4.17it/s][A

 23%|██▎       | 58/247 [00:11<00:44,  4.28it/s][A

 24%|██▍       | 59/247 [00:12<00:45,  4.17it/s][A

 24%|██▍       | 60/247 [00:12<00:41,  4.53it/s][A

 25%|██▍       | 61/247 [00:12<00:37,  4.97it/s][A

 25%|██▌       | 62/247 [00:12<00:35,  5.16it/s][A

 26%|██▌       | 63/247 [00:12<00:33,  5.49it/s][A

 26%|██▌       | 64/247 [00:12<00:33,  5.51it/s][A

 26%|██▋       | 65/247 [00:13<00:30,  5.99it/s][A

 27%|██▋       | 66/247 [00:13<00:29,  6.04it/s][A

 27%|██▋       | 67/247 [00:13<00:34,  5.15it/s][A

 28%|██▊       | 68/247 [00:13<00:39,  4.48it/s][A

 28%|██▊       | 69/247 [00:13<00:41,  4.33it/s][A

 28%|██▊       | 70/247 [00:14<00:39,  4.46it/s][A

 29%|██▊       | 71/247 [00:14<00:36,  4.85it/s][A

 29%|██▉       | 72/247 [00:14<00:34,  5.07it/s][A

 30%|██▉       | 73/247 [00:14<00:40,  4.27it/s][A

 30%|██▉       | 74/247 [00:15<00:39,  4.34it/s][A

 30%|███       | 75/247 [00:15<00:42,  4.03it/s][A

 31%|███       | 76/247 [00:15<00:42,  4.01it/s][A

 31%|███       | 77/247 [00:15<00:38,  4.40it/s][A

 32%|███▏      | 78/247 [00:15<00:36,  4.69it/s][A

 32%|███▏      | 79/247 [00:16<00:35,  4.76it/s][A

 32%|███▏      | 80/247 [00:16<00:34,  4.86it/s][A

 33%|███▎      | 81/247 [00:16<00:31,  5.24it/s][A

 33%|███▎      | 82/247 [00:16<00:30,  5.42it/s][A

 34%|███▎      | 83/247 [00:16<00:27,  6.05it/s][A

 34%|███▍      | 84/247 [00:17<00:29,  5.53it/s][A

 34%|███▍      | 85/247 [00:17<00:33,  4.79it/s][A

 35%|███▍      | 86/247 [00:17<00:31,  5.08it/s][A

 35%|███▌      | 87/247 [00:17<00:36,  4.37it/s][A

 36%|███▌      | 88/247 [00:17<00:34,  4.57it/s][A

 36%|███▌      | 89/247 [00:18<00:36,  4.34it/s][A

 36%|███▋      | 90/247 [00:18<00:34,  4.56it/s][A

 37%|███▋      | 91/247 [00:18<00:36,  4.29it/s][A

 37%|███▋      | 92/247 [00:18<00:33,  4.59it/s][A

 38%|███▊      | 93/247 [00:19<00:32,  4.80it/s][A

 38%|███▊      | 94/247 [00:19<00:37,  4.09it/s][A

 38%|███▊      | 95/247 [00:19<00:35,  4.23it/s][A

 39%|███▉      | 96/247 [00:19<00:37,  4.02it/s][A

 39%|███▉      | 97/247 [00:20<00:37,  3.97it/s][A

 40%|███▉      | 98/247 [00:20<00:50,  2.95it/s][A

 40%|████      | 99/247 [00:20<00:44,  3.35it/s][A

 40%|████      | 100/247 [00:21<00:44,  3.29it/s][A

 41%|████      | 101/247 [00:21<00:36,  4.00it/s][A

 41%|████▏     | 102/247 [00:21<00:34,  4.25it/s][A

 42%|████▏     | 103/247 [00:21<00:36,  3.90it/s][A

 42%|████▏     | 104/247 [00:22<00:32,  4.38it/s][A

 43%|████▎     | 105/247 [00:22<00:32,  4.31it/s][A

 43%|████▎     | 106/247 [00:22<00:32,  4.29it/s][A

 43%|████▎     | 107/247 [00:22<00:30,  4.54it/s][A

 44%|████▎     | 108/247 [00:22<00:32,  4.22it/s][A

 44%|████▍     | 109/247 [00:23<00:31,  4.39it/s][A

 45%|████▍     | 110/247 [00:23<00:34,  4.01it/s][A

 45%|████▍     | 111/247 [00:23<00:32,  4.21it/s][A

 45%|████▌     | 112/247 [00:23<00:32,  4.15it/s][A

 46%|████▌     | 113/247 [00:24<00:31,  4.25it/s][A

 46%|████▌     | 114/247 [00:24<00:28,  4.61it/s][A

 47%|████▋     | 115/247 [00:24<00:28,  4.63it/s][A

 47%|████▋     | 116/247 [00:24<00:29,  4.40it/s][A

 47%|████▋     | 117/247 [00:24<00:27,  4.78it/s][A

 48%|████▊     | 118/247 [00:25<00:26,  4.92it/s][A

 48%|████▊     | 119/247 [00:25<00:24,  5.33it/s][A

 49%|████▊     | 120/247 [00:25<00:24,  5.15it/s][A

 49%|████▉     | 121/247 [00:25<00:24,  5.10it/s][A

 49%|████▉     | 122/247 [00:25<00:22,  5.46it/s][A

 50%|████▉     | 123/247 [00:25<00:21,  5.89it/s][A

 50%|█████     | 124/247 [00:26<00:22,  5.37it/s][A

 51%|█████     | 125/247 [00:26<00:21,  5.79it/s][A

 51%|█████     | 126/247 [00:26<00:19,  6.21it/s][A

 51%|█████▏    | 127/247 [00:26<00:19,  6.26it/s][A

 52%|█████▏    | 128/247 [00:26<00:19,  6.24it/s][A

 52%|█████▏    | 129/247 [00:26<00:18,  6.24it/s][A

 53%|█████▎    | 130/247 [00:27<00:20,  5.74it/s][A

 53%|█████▎    | 131/247 [00:27<00:19,  5.87it/s][A

 53%|█████▎    | 132/247 [00:27<00:22,  5.08it/s][A

 54%|█████▍    | 133/247 [00:27<00:21,  5.36it/s][A

 54%|█████▍    | 134/247 [00:28<00:26,  4.21it/s][A

 55%|█████▍    | 135/247 [00:28<00:27,  4.12it/s][A

 55%|█████▌    | 136/247 [00:28<00:26,  4.19it/s][A

 55%|█████▌    | 137/247 [00:28<00:24,  4.41it/s][A

 56%|█████▌    | 138/247 [00:28<00:22,  4.86it/s][A

 56%|█████▋    | 139/247 [00:29<00:20,  5.19it/s][A

 57%|█████▋    | 140/247 [00:29<00:21,  4.99it/s][A

 57%|█████▋    | 141/247 [00:29<00:19,  5.38it/s][A

 57%|█████▋    | 142/247 [00:29<00:23,  4.48it/s][A

 58%|█████▊    | 143/247 [00:30<00:23,  4.43it/s][A

 58%|█████▊    | 144/247 [00:30<00:22,  4.59it/s][A

 59%|█████▊    | 145/247 [00:30<00:21,  4.66it/s][A

 59%|█████▉    | 146/247 [00:30<00:23,  4.39it/s][A

 60%|█████▉    | 147/247 [00:30<00:22,  4.47it/s][A

 60%|█████▉    | 148/247 [00:31<00:19,  5.13it/s][A

 60%|██████    | 149/247 [00:31<00:18,  5.44it/s][A

 61%|██████    | 150/247 [00:31<00:19,  5.00it/s][A

 61%|██████    | 151/247 [00:31<00:20,  4.77it/s][A

 62%|██████▏   | 152/247 [00:31<00:19,  4.90it/s][A

 62%|██████▏   | 153/247 [00:32<00:18,  5.06it/s][A

 62%|██████▏   | 154/247 [00:32<00:16,  5.62it/s][A

 63%|██████▎   | 155/247 [00:32<00:15,  6.01it/s][A

 63%|██████▎   | 156/247 [00:32<00:17,  5.35it/s][A

 64%|██████▎   | 157/247 [00:32<00:21,  4.19it/s][A

 64%|██████▍   | 158/247 [00:33<00:18,  4.88it/s][A

 64%|██████▍   | 159/247 [00:33<00:20,  4.31it/s][A

 65%|██████▍   | 160/247 [00:33<00:18,  4.76it/s][A

 65%|██████▌   | 161/247 [00:33<00:18,  4.73it/s][A

 66%|██████▌   | 162/247 [00:33<00:17,  4.81it/s][A

 66%|██████▌   | 163/247 [00:34<00:16,  5.17it/s][A

 66%|██████▋   | 164/247 [00:34<00:15,  5.44it/s][A

 67%|██████▋   | 165/247 [00:34<00:14,  5.72it/s][A

 67%|██████▋   | 166/247 [00:34<00:13,  5.89it/s][A

 68%|██████▊   | 167/247 [00:34<00:14,  5.42it/s][A

 68%|██████▊   | 168/247 [00:34<00:13,  5.70it/s][A

 68%|██████▊   | 169/247 [00:35<00:16,  4.81it/s][A

 69%|██████▉   | 170/247 [00:35<00:17,  4.34it/s][A

 69%|██████▉   | 171/247 [00:35<00:16,  4.51it/s][A

 70%|██████▉   | 172/247 [00:35<00:14,  5.09it/s][A

 70%|███████   | 173/247 [00:36<00:15,  4.90it/s][A

 70%|███████   | 174/247 [00:36<00:14,  5.04it/s][A

 71%|███████   | 175/247 [00:36<00:16,  4.45it/s][A

 71%|███████▏  | 176/247 [00:36<00:15,  4.71it/s][A

 72%|███████▏  | 177/247 [00:36<00:13,  5.34it/s][A

 72%|███████▏  | 178/247 [00:36<00:12,  5.54it/s][A

 72%|███████▏  | 179/247 [00:37<00:12,  5.39it/s][A

 73%|███████▎  | 180/247 [00:37<00:11,  5.67it/s][A

 73%|███████▎  | 181/247 [00:37<00:11,  5.55it/s][A

 74%|███████▎  | 182/247 [00:37<00:11,  5.57it/s][A

 74%|███████▍  | 183/247 [00:37<00:10,  6.03it/s][A

 74%|███████▍  | 184/247 [00:38<00:10,  5.89it/s][A

 75%|███████▍  | 185/247 [00:38<00:11,  5.29it/s][A

 75%|███████▌  | 186/247 [00:38<00:12,  4.99it/s][A

 76%|███████▌  | 187/247 [00:38<00:12,  4.62it/s][A

 76%|███████▌  | 188/247 [00:38<00:11,  5.04it/s][A

 77%|███████▋  | 189/247 [00:39<00:10,  5.55it/s][A

 77%|███████▋  | 190/247 [00:39<00:10,  5.66it/s][A

 77%|███████▋  | 191/247 [00:39<00:09,  6.09it/s][A

 78%|███████▊  | 192/247 [00:39<00:09,  5.87it/s][A

 78%|███████▊  | 193/247 [00:39<00:10,  5.11it/s][A

 79%|███████▊  | 194/247 [00:40<00:10,  4.82it/s][A

 79%|███████▉  | 195/247 [00:40<00:10,  4.77it/s][A

 79%|███████▉  | 196/247 [00:40<00:10,  4.69it/s][A

 80%|███████▉  | 197/247 [00:40<00:12,  4.10it/s][A

 80%|████████  | 198/247 [00:41<00:13,  3.54it/s][A

 81%|████████  | 199/247 [00:41<00:13,  3.63it/s][A

 81%|████████  | 200/247 [00:41<00:11,  4.18it/s][A

 81%|████████▏ | 201/247 [00:41<00:10,  4.49it/s][A

 82%|████████▏ | 202/247 [00:41<00:10,  4.45it/s][A

 82%|████████▏ | 203/247 [00:42<00:09,  4.79it/s][A

 83%|████████▎ | 204/247 [00:42<00:09,  4.63it/s][A

 83%|████████▎ | 205/247 [00:42<00:08,  4.93it/s][A

 83%|████████▎ | 206/247 [00:42<00:08,  4.95it/s][A

 84%|████████▍ | 207/247 [00:42<00:07,  5.14it/s][A

 84%|████████▍ | 208/247 [00:43<00:07,  5.29it/s][A

 85%|████████▍ | 209/247 [00:43<00:07,  5.39it/s][A

 85%|████████▌ | 210/247 [00:43<00:07,  5.24it/s][A

 85%|████████▌ | 211/247 [00:43<00:06,  5.19it/s][A

 86%|████████▌ | 212/247 [00:43<00:06,  5.52it/s][A

 86%|████████▌ | 213/247 [00:43<00:05,  5.69it/s][A

 87%|████████▋ | 214/247 [00:44<00:06,  4.95it/s][A

 87%|████████▋ | 215/247 [00:44<00:05,  5.42it/s][A

 87%|████████▋ | 216/247 [00:44<00:06,  4.88it/s][A

 88%|████████▊ | 217/247 [00:44<00:06,  4.52it/s][A

 88%|████████▊ | 218/247 [00:45<00:06,  4.42it/s][A

 89%|████████▊ | 219/247 [00:45<00:06,  4.34it/s][A

 89%|████████▉ | 220/247 [00:45<00:06,  4.49it/s][A

 89%|████████▉ | 221/247 [00:45<00:05,  4.38it/s][A

 90%|████████▉ | 222/247 [00:46<00:05,  4.52it/s][A

 90%|█████████ | 223/247 [00:46<00:05,  4.77it/s][A

 91%|█████████ | 224/247 [00:46<00:04,  5.00it/s][A

 91%|█████████ | 225/247 [00:46<00:04,  5.24it/s][A

 91%|█████████▏| 226/247 [00:46<00:03,  5.63it/s][A

 92%|█████████▏| 227/247 [00:46<00:03,  6.28it/s][A

 92%|█████████▏| 228/247 [00:46<00:02,  6.71it/s][A

 93%|█████████▎| 229/247 [00:47<00:03,  5.18it/s][A

 93%|█████████▎| 230/247 [00:47<00:03,  4.87it/s][A

 94%|█████████▎| 231/247 [00:47<00:03,  4.69it/s][A

 94%|█████████▍| 232/247 [00:47<00:03,  4.59it/s][A

 94%|█████████▍| 233/247 [00:48<00:02,  4.79it/s][A

 95%|█████████▍| 234/247 [00:48<00:02,  4.56it/s][A

 95%|█████████▌| 235/247 [00:48<00:03,  3.99it/s][A

 96%|█████████▌| 236/247 [00:48<00:02,  4.30it/s][A

 96%|█████████▌| 237/247 [00:49<00:02,  4.93it/s][A

 96%|█████████▋| 238/247 [00:49<00:01,  5.08it/s][A

 97%|█████████▋| 239/247 [00:49<00:01,  5.12it/s][A

 97%|█████████▋| 240/247 [00:49<00:01,  4.82it/s][A

 98%|█████████▊| 241/247 [00:49<00:01,  4.95it/s][A

 98%|█████████▊| 242/247 [00:49<00:00,  5.52it/s][A

 98%|█████████▊| 243/247 [00:50<00:00,  5.71it/s][A

 99%|█████████▉| 244/247 [00:50<00:00,  5.85it/s][A

 99%|█████████▉| 245/247 [00:50<00:00,  5.48it/s][A

100%|█████████▉| 246/247 [00:51<00:00,  3.22it/s][A

100%|██████████| 247/247 [00:51<00:00,  3.71it/s][A
                                                 


                                                 
[A
 50%|█████     | 311/622 [41:29<34:31,  6.66s/it]

100%|██████████| 247/247 [00:51<00:00,  3.71it/s][A

                                                 [A{'eval_loss': '3.157', 'eval_wer': '0.9709', 'eval_cer': '0.9614', 'eval_runtime': '52.11', 'eval_samples_per_second': '9.461', 'eval_steps_per_second': '4.74', 'epoch': '1'}


Writing model shards:   0%|          | 0/1 [00:00<?, ?it/s][A

Writing model shards: 100%|██████████| 1/1 [00:01<00:00,  1.30s/it][A
Writing model shards: 100%|██████████| 1/1 [00:01<00:00,  1.30s/it]
/Users/mulisamusehane/Documents/GitHub/MultilingualASR/.venv/lib/python3.12/site-packages/torch/utils/data/dataloader.py:759: UserWarning: 'pin_memory' argument is set as true but not supported on MPS now, device pinned memory won't be used.
  super().__init__(loader)

 50%|█████     | 312/622 [41:40<2:02:09, 23.65s/it]
 50%|█████     | 313/622 [41:47<1:36:10, 18.67s/it]
 50%|█████     | 314/622 [41:53<1:16:00, 14.81s/it]
 51%|█████     | 315/622 [41:58<1:01:28, 12.01s/it]
 51%|█████     | 316/622 [42:05<53:12, 10.43s/it]  
 51%|█████     | 317/622 [42:11<46:50,  9.21s/it]
 51%|█████     | 318/622 [42:18<43:11,  8.52s/it]
 51%|█████▏    | 319/622 [42:24<39:22,  7.80s/it]
 51%|█████▏    | 320/622 [42:30<36:34,  7.27s/it]
                                                 

 51%|█████▏    | 320/622 [42:31<36:34,  7.27s/it]
 52%|█████▏    | 321/622 [42:37<35:18,  7.04s/it]
 52%|█████▏    | 322/622 [42:45<36:55,  7.38s/it]
 52%|█████▏    | 323/622 [42:51<34:25,  6.91s/it]
 52%|█████▏    | 324/622 [42:58<34:54,  7.03s/it]
 52%|█████▏    | 325/622 [43:06<35:39,  7.20s/it]
 52%|█████▏    | 326/622 [43:13<35:29,  7.20s/it]
 53%|█████▎    | 327/622 [43:20<35:16,  7.18s/it]
 53%|█████▎    | 328/622 [43:26<33:41,  6.88s/it]
 53%|█████▎    | 329/622 [43:34<35:01,  7.17s/it]
 53%|█████▎    | 330/622 [43:40<32:56,  6.77s/it]
 53%|█████▎    | 331/622 [43:47<33:51,  6.98s/it]
 53%|█████▎    | 332/622 [43:55<33:58,  7.03s/it]
 54%|█████▎    | 333/622 [44:01<32:59,  6.85s/it]
 54%|█████▎    | 334/622 [44:08<32:40,  6.81s/it]
 54%|█████▍    | 335/622 [44:13<30:40,  6.41s/it]
 54%|█████▍    | 336/622 [44:19<29:48,  6.25s/it]
 54%|█████▍    | 337/622 [44:26<29:56,  6.30s/it]
 54%|█████▍    | 338/622 [44:31<29:01,  6.13s/it]
 55%|█████▍    | 339/622 [44:38<29:30,  6.26s/it]
 55%|█████▍    | 340/622 [44:44<28:49,  6.13s/it]
                                                 

 55%|█████▍    | 340/622 [44:44<28:49,  6.13s/it]
 55%|█████▍    | 341/622 [44:50<29:32,  6.31s/it]
 55%|█████▍    | 342/622 [44:57<29:47,  6.38s/it]
 55%|█████▌    | 343/622 [45:04<30:26,  6.55s/it]
 55%|█████▌    | 344/622 [45:10<29:47,  6.43s/it]
 55%|█████▌    | 345/622 [45:16<29:07,  6.31s/it]
 56%|█████▌    | 346/622 [45:22<27:56,  6.07s/it]
 56%|█████▌    | 347/622 [45:28<27:55,  6.09s/it]
 56%|█████▌    | 348/622 [45:34<27:51,  6.10s/it]
 56%|█████▌    | 349/622 [45:40<28:05,  6.17s/it]
 56%|█████▋    | 350/622 [45:46<28:02,  6.19s/it]
 56%|█████▋    | 351/622 [45:52<27:44,  6.14s/it]
 57%|█████▋    | 352/622 [45:59<28:40,  6.37s/it]
 57%|█████▋    | 353/622 [46:05<27:11,  6.07s/it]
 57%|█████▋    | 354/622 [46:10<26:38,  5.96s/it]
 57%|█████▋    | 355/622 [46:16<25:46,  5.79s/it]
 57%|█████▋    | 356/622 [46:22<26:18,  5.93s/it]
 57%|█████▋    | 357/622 [46:29<27:06,  6.14s/it]
 58%|█████▊    | 358/622 [46:35<26:37,  6.05s/it]
 58%|█████▊    | 359/622 [46:40<25:56,  5.92s/it]
 58%|█████▊    | 360/622 [46:46<25:50,  5.92s/it]
                                                 

 58%|█████▊    | 360/622 [46:47<25:50,  5.92s/it]
 58%|█████▊    | 361/622 [46:52<26:17,  6.04s/it]
 58%|█████▊    | 362/622 [46:59<26:27,  6.11s/it]
 58%|█████▊    | 363/622 [47:05<26:21,  6.11s/it]
 59%|█████▊    | 364/622 [47:12<27:10,  6.32s/it]
 59%|█████▊    | 365/622 [47:18<27:35,  6.44s/it]
 59%|█████▉    | 366/622 [47:24<26:45,  6.27s/it]
 59%|█████▉    | 367/622 [47:31<27:05,  6.38s/it]
 59%|█████▉    | 368/622 [47:37<27:03,  6.39s/it]
 59%|█████▉    | 369/622 [47:42<24:50,  5.89s/it]
 59%|█████▉    | 370/622 [47:47<23:57,  5.70s/it]
 60%|█████▉    | 371/622 [47:55<26:09,  6.25s/it]
 60%|█████▉    | 372/622 [48:01<26:02,  6.25s/it]
 60%|█████▉    | 373/622 [48:07<26:02,  6.28s/it]
 60%|██████    | 374/622 [48:13<25:30,  6.17s/it]
 60%|██████    | 375/622 [48:20<25:35,  6.21s/it]
 60%|██████    | 376/622 [48:25<25:06,  6.12s/it]
 61%|██████    | 377/622 [48:32<25:53,  6.34s/it]
 61%|██████    | 378/622 [48:39<26:29,  6.51s/it]
 61%|██████    | 379/622 [48:46<26:21,  6.51s/it]
 61%|██████    | 380/622 [48:52<25:46,  6.39s/it]
                                                 

 61%|██████    | 380/622 [48:52<25:46,  6.39s/it]
 61%|██████▏   | 381/622 [48:58<25:58,  6.47s/it]
 61%|██████▏   | 382/622 [49:04<25:12,  6.30s/it]
 62%|██████▏   | 383/622 [49:11<25:52,  6.50s/it]
 62%|██████▏   | 384/622 [49:18<25:57,  6.55s/it]
 62%|██████▏   | 385/622 [49:24<25:19,  6.41s/it]
 62%|██████▏   | 386/622 [49:30<24:51,  6.32s/it]
 62%|██████▏   | 387/622 [49:36<24:35,  6.28s/it]
 62%|██████▏   | 388/622 [49:42<24:11,  6.20s/it]
 63%|██████▎   | 389/622 [49:50<25:59,  6.69s/it]
 63%|██████▎   | 390/622 [49:55<24:04,  6.23s/it]
 63%|██████▎   | 391/622 [50:02<24:56,  6.48s/it]
 63%|██████▎   | 392/622 [50:10<25:35,  6.68s/it]
 63%|██████▎   | 393/622 [50:14<23:25,  6.14s/it]
 63%|██████▎   | 394/622 [50:21<23:47,  6.26s/it]
 64%|██████▎   | 395/622 [50:28<24:52,  6.57s/it]
 64%|██████▎   | 396/622 [50:34<24:15,  6.44s/it]
 64%|██████▍   | 397/622 [50:41<24:06,  6.43s/it]
 64%|██████▍   | 398/622 [50:46<22:18,  5.97s/it]
 64%|██████▍   | 399/622 [50:53<23:11,  6.24s/it]
 64%|██████▍   | 400/622 [50:59<22:49,  6.17s/it]
                                                 

 64%|██████▍   | 400/622 [50:59<22:49,  6.17s/it]
 64%|██████▍   | 401/622 [51:06<23:56,  6.50s/it]
 65%|██████▍   | 402/622 [51:12<22:54,  6.25s/it]
 65%|██████▍   | 403/622 [51:18<22:56,  6.28s/it]
 65%|██████▍   | 404/622 [51:24<22:33,  6.21s/it]
 65%|██████▌   | 405/622 [51:30<22:17,  6.16s/it]
 65%|██████▌   | 406/622 [51:38<23:49,  6.62s/it]
 65%|██████▌   | 407/622 [51:44<23:35,  6.59s/it]
 66%|██████▌   | 408/622 [51:50<22:31,  6.31s/it]
 66%|██████▌   | 409/622 [51:56<21:56,  6.18s/it]
 66%|██████▌   | 410/622 [52:01<21:13,  6.01s/it]
 66%|██████▌   | 411/622 [52:08<21:47,  6.19s/it]
 66%|██████▌   | 412/622 [52:15<22:31,  6.44s/it]
 66%|██████▋   | 413/622 [52:23<24:20,  6.99s/it]
 67%|██████▋   | 414/622 [52:30<23:55,  6.90s/it]
 67%|██████▋   | 415/622 [52:37<23:43,  6.88s/it]
 67%|██████▋   | 416/622 [52:43<23:18,  6.79s/it]
 67%|██████▋   | 417/622 [52:49<22:07,  6.48s/it]
 67%|██████▋   | 418/622 [52:56<22:17,  6.56s/it]
 67%|██████▋   | 419/622 [53:02<21:27,  6.34s/it]
 68%|██████▊   | 420/622 [53:08<21:12,  6.30s/it]
                                                 

 68%|██████▊   | 420/622 [53:08<21:12,  6.30s/it]
 68%|██████▊   | 421/622 [53:14<20:36,  6.15s/it]
 68%|██████▊   | 422/622 [53:20<20:56,  6.28s/it]
 68%|██████▊   | 423/622 [53:26<20:01,  6.04s/it]
 68%|██████▊   | 424/622 [53:34<21:58,  6.66s/it]
 68%|██████▊   | 425/622 [53:39<20:34,  6.27s/it]
 68%|██████▊   | 426/622 [53:45<20:08,  6.17s/it]
 69%|██████▊   | 427/622 [53:52<20:29,  6.31s/it]
 69%|██████▉   | 428/622 [54:00<22:16,  6.89s/it]
 69%|██████▉   | 429/622 [54:06<20:47,  6.46s/it]
 69%|██████▉   | 430/622 [54:11<19:25,  6.07s/it]
 69%|██████▉   | 431/622 [54:18<20:38,  6.49s/it]
 69%|██████▉   | 432/622 [54:23<19:24,  6.13s/it]
 70%|██████▉   | 433/622 [54:29<18:32,  5.89s/it]
 70%|██████▉   | 434/622 [54:36<19:23,  6.19s/it]
 70%|██████▉   | 435/622 [54:43<19:55,  6.39s/it]
 70%|███████   | 436/622 [54:49<19:47,  6.39s/it]
 70%|███████   | 437/622 [54:55<19:36,  6.36s/it]
 70%|███████   | 438/622 [55:02<19:44,  6.44s/it]
 71%|███████   | 439/622 [55:08<19:16,  6.32s/it]
 71%|███████   | 440/622 [55:14<18:45,  6.18s/it]
                                                 

 71%|███████   | 440/622 [55:14<18:45,  6.18s/it]
 71%|███████   | 441/622 [55:19<17:53,  5.93s/it]
 71%|███████   | 442/622 [55:25<17:46,  5.93s/it]
 71%|███████   | 443/622 [55:32<18:32,  6.22s/it]
 71%|███████▏  | 444/622 [55:38<18:09,  6.12s/it]
 72%|███████▏  | 445/622 [55:44<18:02,  6.11s/it]
 72%|███████▏  | 446/622 [55:50<17:54,  6.10s/it]
 72%|███████▏  | 447/622 [55:56<17:50,  6.12s/it]
 72%|███████▏  | 448/622 [56:02<17:53,  6.17s/it]
 72%|███████▏  | 449/622 [56:08<17:43,  6.15s/it]
 72%|███████▏  | 450/622 [56:14<17:27,  6.09s/it]
 73%|███████▎  | 451/622 [56:20<16:44,  5.87s/it]
 73%|███████▎  | 452/622 [56:27<17:32,  6.19s/it]
 73%|███████▎  | 453/622 [56:33<17:54,  6.36s/it]
 73%|███████▎  | 454/622 [56:40<17:39,  6.31s/it]
 73%|███████▎  | 455/622 [56:46<17:29,  6.29s/it]
 73%|███████▎  | 456/622 [56:52<17:05,  6.18s/it]
 73%|███████▎  | 457/622 [56:57<15:46,  5.73s/it]
 74%|███████▎  | 458/622 [57:03<16:29,  6.03s/it]
 74%|███████▍  | 459/622 [57:09<16:17,  5.99s/it]
 74%|███████▍  | 460/622 [57:15<16:05,  5.96s/it]
                                                 

 74%|███████▍  | 460/622 [57:16<16:05,  5.96s/it]
 74%|███████▍  | 461/622 [57:21<15:58,  5.95s/it]
 74%|███████▍  | 462/622 [57:27<15:46,  5.92s/it]
 74%|███████▍  | 463/622 [57:32<15:27,  5.83s/it]
 75%|███████▍  | 464/622 [57:39<15:52,  6.03s/it]
 75%|███████▍  | 465/622 [57:44<15:13,  5.82s/it]
 75%|███████▍  | 466/622 [57:50<15:00,  5.78s/it]
 75%|███████▌  | 467/622 [57:56<15:05,  5.84s/it]
 75%|███████▌  | 468/622 [58:03<15:43,  6.12s/it]
 75%|███████▌  | 469/622 [58:07<14:33,  5.71s/it]
 76%|███████▌  | 470/622 [58:14<14:56,  5.90s/it]
 76%|███████▌  | 471/622 [58:20<14:55,  5.93s/it]
 76%|███████▌  | 472/622 [58:27<15:26,  6.17s/it]
 76%|███████▌  | 473/622 [58:33<15:43,  6.33s/it]
 76%|███████▌  | 474/622 [58:41<16:26,  6.66s/it]
 76%|███████▋  | 475/622 [58:47<16:05,  6.57s/it]
 77%|███████▋  | 476/622 [58:54<16:15,  6.68s/it]
 77%|███████▋  | 477/622 [59:00<15:23,  6.37s/it]
 77%|███████▋  | 478/622 [59:05<14:42,  6.13s/it]
 77%|███████▋  | 479/622 [59:12<14:50,  6.23s/it]
 77%|███████▋  | 480/622 [59:18<14:33,  6.15s/it]
                                                 

 77%|███████▋  | 480/622 [59:18<14:33,  6.15s/it]
 77%|███████▋  | 481/622 [59:25<15:29,  6.59s/it]
 77%|███████▋  | 482/622 [59:32<15:19,  6.57s/it]
 78%|███████▊  | 483/622 [59:38<14:56,  6.45s/it]
 78%|███████▊  | 484/622 [59:44<14:26,  6.28s/it]
 78%|███████▊  | 485/622 [59:51<14:39,  6.42s/it]
 78%|███████▊  | 486/622 [59:56<14:09,  6.24s/it]
 78%|███████▊  | 487/622 [1:00:02<13:58,  6.21s/it]
 78%|███████▊  | 488/622 [1:00:09<14:06,  6.32s/it]
 79%|███████▊  | 489/622 [1:00:15<14:02,  6.34s/it]
 79%|███████▉  | 490/622 [1:00:22<14:08,  6.43s/it]
 79%|███████▉  | 491/622 [1:00:30<14:51,  6.80s/it]
 79%|███████▉  | 492/622 [1:00:36<14:32,  6.71s/it]
 79%|███████▉  | 493/622 [1:00:43<14:13,  6.62s/it]
 79%|███████▉  | 494/622 [1:00:49<13:56,  6.53s/it]
 80%|███████▉  | 495/622 [1:00:56<13:48,  6.52s/it]
 80%|███████▉  | 496/622 [1:01:01<13:09,  6.27s/it]
 80%|███████▉  | 497/622 [1:01:08<13:22,  6.42s/it]
 80%|████████  | 498/622 [1:01:15<13:53,  6.72s/it]
 80%|████████  | 499/622 [1:01:21<13:19,  6.50s/it]
 80%|████████  | 500/622 [1:01:27<12:53,  6.34s/it]
                                                   

 80%|████████  | 500/622 [1:01:28<12:53,  6.34s/it]
 81%|████████  | 501/622 [1:01:33<12:34,  6.23s/it]
 81%|████████  | 502/622 [1:01:39<12:02,  6.02s/it]
 81%|████████  | 503/622 [1:01:44<11:38,  5.87s/it]
 81%|████████  | 504/622 [1:01:51<12:02,  6.12s/it]
 81%|████████  | 505/622 [1:01:57<11:51,  6.08s/it]
 81%|████████▏ | 506/622 [1:02:04<12:11,  6.31s/it]
 82%|████████▏ | 507/622 [1:02:10<12:01,  6.28s/it]
 82%|████████▏ | 508/622 [1:02:16<11:51,  6.24s/it]
 82%|████████▏ | 509/622 [1:02:22<11:16,  5.99s/it]
 82%|████████▏ | 510/622 [1:02:28<11:24,  6.11s/it]
 82%|████████▏ | 511/622 [1:02:34<11:04,  5.99s/it]
 82%|████████▏ | 512/622 [1:02:41<11:25,  6.23s/it]
 82%|████████▏ | 513/622 [1:02:48<11:47,  6.49s/it]
 83%|████████▎ | 514/622 [1:02:53<11:08,  6.19s/it]
 83%|████████▎ | 515/622 [1:03:00<11:17,  6.33s/it]
 83%|████████▎ | 516/622 [1:03:06<11:12,  6.34s/it]
 83%|████████▎ | 517/622 [1:03:11<10:32,  6.03s/it]
 83%|████████▎ | 518/622 [1:03:19<11:17,  6.52s/it]
 83%|████████▎ | 519/622 [1:03:25<11:04,  6.45s/it]
 84%|████████▎ | 520/622 [1:03:32<10:48,  6.36s/it]
                                                   

 84%|████████▎ | 520/622 [1:03:32<10:48,  6.36s/it]
 84%|████████▍ | 521/622 [1:03:37<10:16,  6.10s/it]
 84%|████████▍ | 522/622 [1:03:43<09:53,  5.94s/it]
 84%|████████▍ | 523/622 [1:03:50<10:16,  6.23s/it]
 84%|████████▍ | 524/622 [1:03:55<09:59,  6.12s/it]
 84%|████████▍ | 525/622 [1:04:02<10:15,  6.35s/it]
 85%|████████▍ | 526/622 [1:04:09<10:08,  6.34s/it]
 85%|████████▍ | 527/622 [1:04:15<10:09,  6.41s/it]
 85%|████████▍ | 528/622 [1:04:22<10:18,  6.58s/it]
 85%|████████▌ | 529/622 [1:04:28<09:58,  6.44s/it]
 85%|████████▌ | 530/622 [1:04:35<10:01,  6.53s/it]
 85%|████████▌ | 531/622 [1:04:41<09:53,  6.52s/it]
 86%|████████▌ | 532/622 [1:04:48<09:39,  6.44s/it]
 86%|████████▌ | 533/622 [1:04:54<09:35,  6.47s/it]
 86%|████████▌ | 534/622 [1:05:00<09:16,  6.33s/it]
 86%|████████▌ | 535/622 [1:05:06<09:07,  6.29s/it]
 86%|████████▌ | 536/622 [1:05:13<09:02,  6.31s/it]
 86%|████████▋ | 537/622 [1:05:19<08:53,  6.27s/it]
 86%|████████▋ | 538/622 [1:05:25<08:34,  6.13s/it]
 87%|████████▋ | 539/622 [1:05:32<08:46,  6.35s/it]
 87%|████████▋ | 540/622 [1:05:38<08:51,  6.48s/it]
                                                   

 87%|████████▋ | 540/622 [1:05:39<08:51,  6.48s/it]
 87%|████████▋ | 541/622 [1:05:45<08:34,  6.35s/it]
 87%|████████▋ | 542/622 [1:05:51<08:21,  6.27s/it]
 87%|████████▋ | 543/622 [1:05:57<08:19,  6.33s/it]
 87%|████████▋ | 544/622 [1:06:03<08:12,  6.31s/it]
 88%|████████▊ | 545/622 [1:06:10<08:21,  6.52s/it]
 88%|████████▊ | 546/622 [1:06:17<08:09,  6.45s/it]
 88%|████████▊ | 547/622 [1:06:24<08:19,  6.66s/it]
 88%|████████▊ | 548/622 [1:06:31<08:23,  6.80s/it]
 88%|████████▊ | 549/622 [1:06:37<07:55,  6.51s/it]
 88%|████████▊ | 550/622 [1:06:43<07:36,  6.34s/it]
 89%|████████▊ | 551/622 [1:06:50<07:42,  6.51s/it]
 89%|████████▊ | 552/622 [1:06:56<07:36,  6.51s/it]
 89%|████████▉ | 553/622 [1:07:02<07:25,  6.46s/it]
 89%|████████▉ | 554/622 [1:07:08<06:57,  6.14s/it]
 89%|████████▉ | 555/622 [1:07:14<06:44,  6.03s/it]
 89%|████████▉ | 556/622 [1:07:19<06:30,  5.91s/it]
 90%|████████▉ | 557/622 [1:07:25<06:18,  5.82s/it]
 90%|████████▉ | 558/622 [1:07:32<06:32,  6.14s/it]
 90%|████████▉ | 559/622 [1:07:37<06:06,  5.82s/it]
 90%|█████████ | 560/622 [1:07:44<06:29,  6.28s/it]
                                                   

 90%|█████████ | 560/622 [1:07:45<06:29,  6.28s/it]
 90%|█████████ | 561/622 [1:07:50<06:11,  6.09s/it]
 90%|█████████ | 562/622 [1:07:56<06:14,  6.25s/it]
 91%|█████████ | 563/622 [1:08:02<05:57,  6.06s/it]
 91%|█████████ | 564/622 [1:08:08<05:57,  6.17s/it]
 91%|█████████ | 565/622 [1:08:15<05:54,  6.21s/it]
 91%|█████████ | 566/622 [1:08:21<05:55,  6.34s/it]
 91%|█████████ | 567/622 [1:08:27<05:32,  6.05s/it]
 91%|█████████▏| 568/622 [1:08:34<05:38,  6.26s/it]
 91%|█████████▏| 569/622 [1:08:41<05:58,  6.77s/it]
 92%|█████████▏| 570/622 [1:08:48<05:42,  6.58s/it]
 92%|█████████▏| 571/622 [1:08:56<05:55,  6.98s/it]
 92%|█████████▏| 572/622 [1:09:01<05:33,  6.67s/it]
 92%|█████████▏| 573/622 [1:09:08<05:27,  6.68s/it]
 92%|█████████▏| 574/622 [1:09:16<05:33,  6.96s/it]
 92%|█████████▏| 575/622 [1:09:24<05:41,  7.27s/it]
 93%|█████████▎| 576/622 [1:09:31<05:34,  7.28s/it]
 93%|█████████▎| 577/622 [1:09:37<05:09,  6.87s/it]
 93%|█████████▎| 578/622 [1:09:42<04:42,  6.42s/it]
 93%|█████████▎| 579/622 [1:09:49<04:35,  6.40s/it]
 93%|█████████▎| 580/622 [1:09:56<04:36,  6.58s/it]
                                                   

 93%|█████████▎| 580/622 [1:09:56<04:36,  6.58s/it]
 93%|█████████▎| 581/622 [1:10:02<04:22,  6.40s/it]
 94%|█████████▎| 582/622 [1:10:09<04:22,  6.57s/it]
 94%|█████████▎| 583/622 [1:10:15<04:13,  6.50s/it]
 94%|█████████▍| 584/622 [1:10:21<04:02,  6.39s/it]
 94%|█████████▍| 585/622 [1:10:26<03:41,  5.99s/it]
 94%|█████████▍| 586/622 [1:10:34<03:50,  6.41s/it]
 94%|█████████▍| 587/622 [1:10:39<03:33,  6.11s/it]
 95%|█████████▍| 588/622 [1:10:45<03:22,  5.96s/it]
 95%|█████████▍| 589/622 [1:10:52<03:28,  6.31s/it]
 95%|█████████▍| 590/622 [1:10:58<03:25,  6.42s/it]
 95%|█████████▌| 591/622 [1:11:05<03:16,  6.34s/it]
 95%|█████████▌| 592/622 [1:11:11<03:15,  6.52s/it]
 95%|█████████▌| 593/622 [1:11:18<03:04,  6.37s/it]
 95%|█████████▌| 594/622 [1:11:23<02:53,  6.21s/it]
 96%|█████████▌| 595/622 [1:11:30<02:52,  6.40s/it]
 96%|█████████▌| 596/622 [1:11:37<02:50,  6.54s/it]
 96%|█████████▌| 597/622 [1:11:43<02:36,  6.26s/it]
 96%|█████████▌| 598/622 [1:11:49<02:33,  6.40s/it]
 96%|█████████▋| 599/622 [1:11:57<02:32,  6.64s/it]
 96%|█████████▋| 600/622 [1:12:02<02:18,  6.32s/it]
                                                   

 96%|█████████▋| 600/622 [1:12:03<02:18,  6.32s/it]
 97%|█████████▋| 601/622 [1:12:08<02:06,  6.04s/it]
 97%|█████████▋| 602/622 [1:12:15<02:06,  6.35s/it]
 97%|█████████▋| 603/622 [1:12:21<02:03,  6.50s/it]
 97%|█████████▋| 604/622 [1:12:27<01:50,  6.16s/it]
 97%|█████████▋| 605/622 [1:12:33<01:43,  6.10s/it]
 97%|█████████▋| 606/622 [1:12:39<01:40,  6.28s/it]
 98%|█████████▊| 607/622 [1:12:46<01:33,  6.25s/it]
 98%|█████████▊| 608/622 [1:12:56<01:44,  7.43s/it]
 98%|█████████▊| 609/622 [1:13:08<01:56,  8.95s/it]
 98%|█████████▊| 610/622 [1:13:20<01:58,  9.87s/it]
 98%|█████████▊| 611/622 [1:13:32<01:55, 10.48s/it]
 98%|█████████▊| 612/622 [1:13:45<01:51, 11.20s/it]
 99%|█████████▊| 613/622 [1:13:56<01:39, 11.11s/it]
 99%|█████████▊| 614/622 [1:14:10<01:34, 11.84s/it]
 99%|█████████▉| 615/622 [1:14:24<01:28, 12.64s/it]
 99%|█████████▉| 616/622 [1:14:34<01:11, 11.95s/it]
 99%|█████████▉| 617/622 [1:14:47<01:00, 12.03s/it]
 99%|█████████▉| 618/622 [1:14:56<00:45, 11.29s/it]
100%|█████████▉| 619/622 [1:15:05<00:31, 10.61s/it]
100%|█████████▉| 620/622 [1:15:16<00:21, 10.71s/it]
                                                   

100%|█████████▉| 620/622 [1:15:17<00:21, 10.71s/it]
100%|█████████▉| 621/622 [1:15:26<00:10, 10.38s/it]
100%|██████████| 622/622 [1:15:34<00:00,  9.78s/it]{'loss': '25.14', 'grad_norm': '5.539', 'learning_rate': '1.626e-05', 'epoch': '1.029'}
{'loss': '24.99', 'grad_norm': '4.772', 'learning_rate': '1.519e-05', 'epoch': '1.093'}
{'loss': '24.83', 'grad_norm': '4.123', 'learning_rate': '1.411e-05', 'epoch': '1.158'}
{'loss': '24.71', 'grad_norm': '8.166', 'learning_rate': '1.304e-05', 'epoch': '1.222'}
{'loss': '24.68', 'grad_norm': '8.611', 'learning_rate': '1.197e-05', 'epoch': '1.286'}
{'loss': '24.61', 'grad_norm': '4.372', 'learning_rate': '1.089e-05', 'epoch': '1.351'}
{'loss': '24.55', 'grad_norm': '5.434', 'learning_rate': '9.821e-06', 'epoch': '1.415'}
{'loss': '24.38', 'grad_norm': '9.585', 'learning_rate': '8.748e-06', 'epoch': '1.479'}
{'loss': '24.26', 'grad_norm': '4.099', 'learning_rate': '7.674e-06', 'epoch': '1.544'}
{'loss': '24.34', 'grad_norm': '12.73', 'learning_rate': '6.601e-06', 'epoch': '1.608'}
{'loss': '24.37', 'grad_norm': '22.79', 'learning_rate': '5.528e-06', 'epoch': '1.672'}
{'loss': '24.23', 'grad_norm': '9.539', 'learning_rate': '4.454e-06', 'epoch': '1.737'}
{'loss': '24.1', 'grad_norm': '8.903', 'learning_rate': '3.381e-06', 'epoch': '1.801'}
{'loss': '23.95', 'grad_norm': '8.004', 'learning_rate': '2.308e-06', 'epoch': '1.865'}
{'loss': '23.98', 'grad_norm': '3.69', 'learning_rate': '1.234e-06', 'epoch': '1.93'}
{'loss': '24.16', 'grad_norm': '6.211', 'learning_rate': '1.61e-07', 'epoch': '1.994'}


  0%|          | 0/247 [00:00<?, ?it/s][A

  1%|          | 2/247 [00:00<00:35,  6.83it/s][A

  1%|          | 3/247 [00:00<00:42,  5.80it/s][A

  2%|▏         | 4/247 [00:00<00:49,  4.91it/s][A

  2%|▏         | 5/247 [00:01<00:56,  4.25it/s][A

  2%|▏         | 6/247 [00:01<00:53,  4.53it/s][A

  3%|▎         | 7/247 [00:01<00:58,  4.09it/s][A

  3%|▎         | 8/247 [00:01<01:04,  3.71it/s][A

  4%|▎         | 9/247 [00:02<01:06,  3.60it/s][A

  4%|▍         | 10/247 [00:02<01:08,  3.43it/s][A

  4%|▍         | 11/247 [00:02<01:04,  3.65it/s][A

  5%|▍         | 12/247 [00:03<01:07,  3.46it/s][A

  5%|▌         | 13/247 [00:03<01:08,  3.41it/s][A

  6%|▌         | 14/247 [00:03<01:06,  3.49it/s][A

  6%|▌         | 15/247 [00:03<01:05,  3.54it/s][A

  6%|▋         | 16/247 [00:04<01:16,  3.00it/s][A

  7%|▋         | 17/247 [00:04<01:10,  3.25it/s][A

  7%|▋         | 18/247 [00:04<01:06,  3.46it/s][A

  8%|▊         | 19/247 [00:05<01:06,  3.44it/s][A

  8%|▊         | 20/247 [00:05<01:11,  3.17it/s][A

  9%|▊         | 21/247 [00:05<01:08,  3.29it/s][A

  9%|▉         | 22/247 [00:06<01:16,  2.95it/s][A

  9%|▉         | 23/247 [00:06<01:10,  3.16it/s][A

 10%|▉         | 24/247 [00:06<01:13,  3.04it/s][A

 10%|█         | 25/247 [00:07<01:03,  3.47it/s][A

 11%|█         | 26/247 [00:07<01:01,  3.59it/s][A

 11%|█         | 27/247 [00:07<00:58,  3.78it/s][A

 11%|█▏        | 28/247 [00:07<00:59,  3.67it/s][A

 12%|█▏        | 29/247 [00:08<00:56,  3.86it/s][A

 12%|█▏        | 30/247 [00:08<00:53,  4.07it/s][A

 13%|█▎        | 31/247 [00:08<00:54,  3.96it/s][A

 13%|█▎        | 32/247 [00:08<00:50,  4.28it/s][A

 13%|█▎        | 33/247 [00:09<01:00,  3.56it/s][A

 14%|█▍        | 34/247 [00:09<00:56,  3.79it/s][A

 14%|█▍        | 35/247 [00:09<00:54,  3.90it/s][A

 15%|█▍        | 36/247 [00:09<01:04,  3.27it/s][A

 15%|█▍        | 37/247 [00:10<00:58,  3.57it/s][A

 15%|█▌        | 38/247 [00:10<00:59,  3.52it/s][A

 16%|█▌        | 39/247 [00:10<01:05,  3.18it/s][A

 16%|█▌        | 40/247 [00:11<01:01,  3.36it/s][A

 17%|█▋        | 41/247 [00:11<00:58,  3.49it/s][A

 17%|█▋        | 42/247 [00:11<00:59,  3.45it/s][A

 17%|█▋        | 43/247 [00:12<01:04,  3.17it/s][A

 18%|█▊        | 44/247 [00:12<01:07,  3.03it/s][A

 18%|█▊        | 45/247 [00:12<01:07,  2.99it/s][A

 19%|█▊        | 46/247 [00:13<01:04,  3.09it/s][A

 19%|█▉        | 47/247 [00:13<00:57,  3.47it/s][A

 19%|█▉        | 48/247 [00:13<00:51,  3.87it/s][A

 20%|█▉        | 49/247 [00:13<00:57,  3.43it/s][A

 20%|██        | 50/247 [00:14<01:42,  1.93it/s][A

 21%|██        | 51/247 [00:15<01:25,  2.29it/s][A

 21%|██        | 52/247 [00:15<01:18,  2.48it/s][A

 21%|██▏       | 53/247 [00:15<01:26,  2.25it/s][A

 22%|██▏       | 54/247 [00:16<01:24,  2.28it/s][A

 22%|██▏       | 55/247 [00:16<01:15,  2.56it/s][A

 23%|██▎       | 56/247 [00:17<01:17,  2.45it/s][A

 23%|██▎       | 57/247 [00:17<01:06,  2.85it/s][A

 23%|██▎       | 58/247 [00:17<01:04,  2.95it/s][A

 24%|██▍       | 59/247 [00:18<01:03,  2.95it/s][A

 24%|██▍       | 60/247 [00:18<00:58,  3.21it/s][A

 25%|██▍       | 61/247 [00:18<00:53,  3.48it/s][A

 25%|██▌       | 62/247 [00:18<00:53,  3.49it/s][A

 26%|██▌       | 63/247 [00:18<00:49,  3.75it/s][A

 26%|██▌       | 64/247 [00:19<00:49,  3.69it/s][A

 26%|██▋       | 65/247 [00:19<00:44,  4.09it/s][A

 27%|██▋       | 66/247 [00:19<00:43,  4.20it/s][A

 27%|██▋       | 67/247 [00:20<00:51,  3.51it/s][A

 28%|██▊       | 68/247 [00:20<01:03,  2.82it/s][A

 28%|██▊       | 69/247 [00:21<01:07,  2.62it/s][A

 28%|██▊       | 70/247 [00:21<01:03,  2.77it/s][A

 29%|██▊       | 71/247 [00:21<00:57,  3.06it/s][A

 29%|██▉       | 72/247 [00:21<00:56,  3.09it/s][A

 30%|██▉       | 73/247 [00:22<01:12,  2.39it/s][A

 30%|██▉       | 74/247 [00:22<01:08,  2.51it/s][A

 30%|███       | 75/247 [00:23<01:10,  2.45it/s][A

 31%|███       | 76/247 [00:23<01:09,  2.45it/s][A

 31%|███       | 77/247 [00:23<01:01,  2.78it/s][A

 32%|███▏      | 78/247 [00:24<00:57,  2.94it/s][A

 32%|███▏      | 79/247 [00:24<00:59,  2.80it/s][A

 32%|███▏      | 80/247 [00:25<00:59,  2.79it/s][A

 33%|███▎      | 81/247 [00:25<01:02,  2.67it/s][A

 33%|███▎      | 82/247 [00:25<01:03,  2.62it/s][A

 34%|███▎      | 83/247 [00:26<00:59,  2.74it/s][A

 34%|███▍      | 84/247 [00:26<01:21,  2.01it/s][A

 34%|███▍      | 85/247 [00:27<01:22,  1.97it/s][A

 35%|███▍      | 86/247 [00:27<01:11,  2.25it/s][A

 35%|███▌      | 87/247 [00:28<01:17,  2.08it/s][A

 36%|███▌      | 88/247 [00:28<01:10,  2.27it/s][A

 36%|███▌      | 89/247 [00:29<01:18,  2.00it/s][A

 36%|███▋      | 90/247 [00:29<01:11,  2.20it/s][A

 37%|███▋      | 91/247 [00:30<01:05,  2.39it/s][A

 37%|███▋      | 92/247 [00:30<00:56,  2.74it/s][A

 38%|███▊      | 93/247 [00:30<00:51,  2.97it/s][A

 38%|███▊      | 94/247 [00:31<01:06,  2.31it/s][A

 38%|███▊      | 95/247 [00:31<01:00,  2.52it/s][A

 39%|███▉      | 96/247 [00:32<01:04,  2.35it/s][A

 39%|███▉      | 97/247 [00:32<01:02,  2.40it/s][A

 40%|███▉      | 98/247 [00:33<01:33,  1.59it/s][A

 40%|████      | 99/247 [00:33<01:24,  1.74it/s][A

 40%|████      | 100/247 [00:34<01:28,  1.66it/s][A

 41%|████      | 101/247 [00:34<01:14,  1.97it/s][A

 41%|████▏     | 102/247 [00:35<01:11,  2.02it/s][A

 42%|████▏     | 103/247 [00:35<01:12,  1.98it/s][A

 42%|████▏     | 104/247 [00:36<01:04,  2.21it/s][A

 43%|████▎     | 105/247 [00:36<01:01,  2.32it/s][A

 43%|████▎     | 106/247 [00:36<00:57,  2.47it/s][A

 43%|████▎     | 107/247 [00:37<00:51,  2.74it/s][A

 44%|████▎     | 108/247 [00:37<00:55,  2.49it/s][A

 44%|████▍     | 109/247 [00:38<00:52,  2.60it/s][A

 45%|████▍     | 110/247 [00:38<00:58,  2.34it/s][A

 45%|████▍     | 111/247 [00:39<00:57,  2.37it/s][A

 45%|████▌     | 112/247 [00:39<01:14,  1.82it/s][A

 46%|████▌     | 113/247 [00:40<01:11,  1.88it/s][A

 46%|████▌     | 114/247 [00:40<01:13,  1.81it/s][A

 47%|████▋     | 115/247 [00:41<01:17,  1.71it/s][A

 47%|████▋     | 116/247 [00:42<01:20,  1.63it/s][A

 47%|████▋     | 117/247 [00:43<01:26,  1.50it/s][A

 48%|████▊     | 118/247 [00:43<01:23,  1.54it/s][A

 48%|████▊     | 119/247 [00:44<01:17,  1.65it/s][A

 49%|████▊     | 120/247 [00:45<01:35,  1.33it/s][A

 49%|████▉     | 121/247 [00:46<01:46,  1.19it/s][A

 49%|████▉     | 122/247 [00:46<01:34,  1.32it/s][A

 50%|████▉     | 123/247 [00:48<01:47,  1.15it/s][A

 50%|█████     | 124/247 [00:49<01:57,  1.04it/s][A

 51%|█████     | 125/247 [00:49<01:46,  1.15it/s][A

 51%|█████     | 126/247 [00:51<01:59,  1.01it/s][A

 51%|█████▏    | 127/247 [00:53<02:57,  1.48s/it][A

 52%|█████▏    | 128/247 [00:54<02:11,  1.11s/it][A

 52%|█████▏    | 129/247 [00:54<01:41,  1.16it/s][A

 53%|█████▎    | 130/247 [00:55<01:38,  1.19it/s][A

 53%|█████▎    | 131/247 [00:55<01:34,  1.22it/s][A

 53%|█████▎    | 132/247 [00:56<01:45,  1.09it/s][A

 54%|█████▍    | 133/247 [00:59<02:24,  1.27s/it][A

 54%|█████▍    | 134/247 [00:59<02:04,  1.10s/it][A

 55%|█████▍    | 135/247 [01:00<02:01,  1.09s/it][A

 55%|█████▌    | 136/247 [01:01<01:41,  1.10it/s][A

 55%|█████▌    | 137/247 [01:01<01:22,  1.33it/s][A

 56%|█████▌    | 138/247 [01:02<01:08,  1.60it/s][A

 56%|█████▋    | 139/247 [01:02<00:57,  1.87it/s][A

 57%|█████▋    | 140/247 [01:03<01:05,  1.64it/s][A

 57%|█████▋    | 141/247 [01:03<01:01,  1.73it/s][A

 57%|█████▋    | 142/247 [01:04<01:04,  1.63it/s][A

 58%|█████▊    | 143/247 [01:04<01:03,  1.63it/s][A

 58%|█████▊    | 144/247 [01:05<00:55,  1.85it/s][A

 59%|█████▊    | 145/247 [01:05<00:49,  2.05it/s][A

 59%|█████▉    | 146/247 [01:06<00:48,  2.08it/s][A

 60%|█████▉    | 147/247 [01:06<00:44,  2.27it/s][A

 60%|█████▉    | 148/247 [01:06<00:37,  2.67it/s][A

 60%|██████    | 149/247 [01:07<00:33,  2.90it/s][A

 61%|██████    | 150/247 [01:07<00:43,  2.22it/s][A

 61%|██████    | 151/247 [01:08<00:46,  2.05it/s][A

 62%|██████▏   | 152/247 [01:08<00:41,  2.27it/s][A

 62%|██████▏   | 153/247 [01:08<00:38,  2.47it/s][A

 62%|██████▏   | 154/247 [01:09<00:36,  2.58it/s][A

 63%|██████▎   | 155/247 [01:09<00:31,  2.93it/s][A

 63%|██████▎   | 156/247 [01:10<00:40,  2.23it/s][A

 64%|██████▎   | 157/247 [01:10<00:44,  2.01it/s][A

 64%|██████▍   | 158/247 [01:11<00:35,  2.49it/s][A

 64%|██████▍   | 159/247 [01:11<00:37,  2.36it/s][A

 65%|██████▍   | 160/247 [01:11<00:32,  2.70it/s][A

 65%|██████▌   | 161/247 [01:12<00:31,  2.76it/s][A

 66%|██████▌   | 162/247 [01:12<00:29,  2.85it/s][A

 66%|██████▌   | 163/247 [01:12<00:28,  2.99it/s][A

 66%|██████▋   | 164/247 [01:13<00:26,  3.15it/s][A

 67%|██████▋   | 165/247 [01:13<00:25,  3.16it/s][A

 67%|██████▋   | 166/247 [01:13<00:26,  3.01it/s][A

 68%|██████▊   | 167/247 [01:14<00:30,  2.65it/s][A

 68%|██████▊   | 168/247 [01:14<00:26,  3.00it/s][A

 68%|██████▊   | 169/247 [01:14<00:28,  2.73it/s][A

 69%|██████▉   | 170/247 [01:15<00:31,  2.46it/s][A

 69%|██████▉   | 171/247 [01:15<00:30,  2.49it/s][A

 70%|██████▉   | 172/247 [01:15<00:26,  2.78it/s][A

 70%|███████   | 173/247 [01:16<00:29,  2.52it/s][A

 70%|███████   | 174/247 [01:16<00:30,  2.43it/s][A

 71%|███████   | 175/247 [01:17<00:32,  2.24it/s][A

 71%|███████▏  | 176/247 [01:17<00:28,  2.49it/s][A

 72%|███████▏  | 177/247 [01:17<00:24,  2.91it/s][A

 72%|███████▏  | 178/247 [01:18<00:21,  3.17it/s][A

 72%|███████▏  | 179/247 [01:18<00:22,  3.02it/s][A

 73%|███████▎  | 180/247 [01:18<00:20,  3.26it/s][A

 73%|███████▎  | 181/247 [01:19<00:20,  3.30it/s][A

 74%|███████▎  | 182/247 [01:19<00:19,  3.36it/s][A

 74%|███████▍  | 183/247 [01:19<00:17,  3.68it/s][A

 74%|███████▍  | 184/247 [01:19<00:17,  3.70it/s][A

 75%|███████▍  | 185/247 [01:20<00:19,  3.26it/s][A

 75%|███████▌  | 186/247 [01:20<00:19,  3.15it/s][A

 76%|███████▌  | 187/247 [01:21<00:23,  2.60it/s][A

 76%|███████▌  | 188/247 [01:21<00:20,  2.82it/s][A

 77%|███████▋  | 189/247 [01:21<00:17,  3.25it/s][A

 77%|███████▋  | 190/247 [01:21<00:16,  3.37it/s][A

 77%|███████▋  | 191/247 [01:22<00:15,  3.66it/s][A

 78%|███████▊  | 192/247 [01:22<00:15,  3.55it/s][A

 78%|███████▊  | 193/247 [01:22<00:17,  3.05it/s][A

 79%|███████▊  | 194/247 [01:23<00:19,  2.75it/s][A

 79%|███████▉  | 195/247 [01:23<00:18,  2.84it/s][A

 79%|███████▉  | 196/247 [01:24<00:19,  2.68it/s][A

 80%|███████▉  | 197/247 [01:24<00:21,  2.27it/s][A

 80%|████████  | 198/247 [01:25<00:24,  1.99it/s][A

 81%|████████  | 199/247 [01:25<00:22,  2.09it/s][A

 81%|████████  | 200/247 [01:26<00:20,  2.25it/s][A

 81%|████████▏ | 201/247 [01:26<00:18,  2.47it/s][A

 82%|████████▏ | 202/247 [01:27<00:21,  2.07it/s][A

 82%|████████▏ | 203/247 [01:27<00:21,  2.08it/s][A

 83%|████████▎ | 204/247 [01:27<00:19,  2.17it/s][A

 83%|████████▎ | 205/247 [01:28<00:16,  2.48it/s][A

 83%|████████▎ | 206/247 [01:28<00:16,  2.42it/s][A

 84%|████████▍ | 207/247 [01:28<00:15,  2.58it/s][A

 84%|████████▍ | 208/247 [01:29<00:14,  2.67it/s][A

 85%|████████▍ | 209/247 [01:29<00:13,  2.80it/s][A

 85%|████████▌ | 210/247 [01:29<00:13,  2.82it/s][A

 85%|████████▌ | 211/247 [01:30<00:12,  2.92it/s][A

 86%|████████▌ | 212/247 [01:30<00:10,  3.26it/s][A

 86%|████████▌ | 213/247 [01:30<00:10,  3.34it/s][A

 87%|████████▋ | 214/247 [01:31<00:11,  2.96it/s][A

 87%|████████▋ | 215/247 [01:31<00:09,  3.35it/s][A

 87%|████████▋ | 216/247 [01:32<00:11,  2.62it/s][A

 88%|████████▊ | 217/247 [01:32<00:11,  2.61it/s][A

 88%|████████▊ | 218/247 [01:32<00:11,  2.62it/s][A

 89%|████████▊ | 219/247 [01:33<00:10,  2.55it/s][A

 89%|████████▉ | 220/247 [01:33<00:10,  2.60it/s][A

 89%|████████▉ | 221/247 [01:34<00:11,  2.34it/s][A

 90%|████████▉ | 222/247 [01:34<00:10,  2.46it/s][A

 90%|█████████ | 223/247 [01:34<00:09,  2.61it/s][A

 91%|█████████ | 224/247 [01:35<00:08,  2.87it/s][A

 91%|█████████ | 225/247 [01:35<00:07,  2.92it/s][A

 91%|█████████▏| 226/247 [01:35<00:06,  3.23it/s][A

 92%|█████████▏| 227/247 [01:35<00:06,  3.15it/s][A

 92%|█████████▏| 228/247 [01:36<00:05,  3.47it/s][A

 93%|█████████▎| 229/247 [01:36<00:07,  2.52it/s][A

 93%|█████████▎| 230/247 [01:37<00:07,  2.26it/s][A

 94%|█████████▎| 231/247 [01:37<00:07,  2.25it/s][A

 94%|█████████▍| 232/247 [01:38<00:06,  2.19it/s][A

 94%|█████████▍| 233/247 [01:38<00:05,  2.37it/s][A

 95%|█████████▍| 234/247 [01:39<00:06,  2.07it/s][A

 95%|█████████▌| 235/247 [01:39<00:06,  1.92it/s][A

 96%|█████████▌| 236/247 [01:40<00:05,  2.06it/s][A

 96%|█████████▌| 237/247 [01:40<00:04,  2.47it/s][A

 96%|█████████▋| 238/247 [01:40<00:03,  2.72it/s][A

 97%|█████████▋| 239/247 [01:41<00:02,  2.88it/s][A

 97%|█████████▋| 240/247 [01:41<00:02,  2.86it/s][A

 98%|█████████▊| 241/247 [01:41<00:02,  2.98it/s][A

 98%|█████████▊| 242/247 [01:42<00:02,  2.18it/s][A

 98%|█████████▊| 243/247 [01:43<00:02,  1.61it/s][A

 99%|█████████▉| 244/247 [01:44<00:01,  1.68it/s][A

 99%|█████████▉| 245/247 [01:44<00:01,  1.78it/s][A

100%|█████████▉| 246/247 [01:45<00:00,  1.30it/s][A

100%|██████████| 247/247 [01:46<00:00,  1.42it/s][A
                                                   


                                                 
[A
100%|██████████| 622/622 [1:17:22<00:00,  9.78s/it]

100%|██████████| 247/247 [01:46<00:00,  1.42it/s][A

                                                 [A{'eval_loss': '3.012', 'eval_wer': '0.9709', 'eval_cer': '0.9614', 'eval_runtime': '107.3', 'eval_samples_per_second': '4.595', 'eval_steps_per_second': '2.302', 'epoch': '2'}


Writing model shards:   0%|          | 0/1 [00:00<?, ?it/s][A

Writing model shards: 100%|██████████| 1/1 [00:02<00:00,  2.67s/it][A
Writing model shards: 100%|██████████| 1/1 [00:02<00:00,  2.67s/it]

                                                   

100%|██████████| 622/622 [1:17:31<00:00,  9.78s/it]
100%|██████████| 622/622 [1:17:35<00:00,  7.48s/it]
/Users/mulisamusehane/Documents/GitHub/MultilingualASR/.venv/lib/python3.12/site-packages/torch/utils/data/dataloader.py:759: UserWarning: 'pin_memory' argument is set as true but not supported on MPS now, device pinned memory won't be used.
  super().__init__(loader)
{'train_runtime': '4652', 'train_samples_per_second': '2.139', 'train_steps_per_second': '0.134', 'train_loss': '39.04', 'epoch': '2'}

  0%|          | 0/247 [00:00<?, ?it/s]
  1%|          | 2/247 [00:00<01:10,  3.48it/s]
  1%|          | 3/247 [00:00<01:10,  3.44it/s]
  2%|▏         | 4/247 [00:01<01:10,  3.47it/s]
  2%|▏         | 5/247 [00:01<01:22,  2.92it/s]
  2%|▏         | 6/247 [00:01<01:11,  3.38it/s]
  3%|▎         | 7/247 [00:02<01:12,  3.29it/s]
  3%|▎         | 8/247 [00:02<01:15,  3.15it/s]
  4%|▎         | 9/247 [00:02<01:15,  3.16it/s]
  4%|▍         | 10/247 [00:03<01:19,  2.97it/s]
  4%|▍         | 11/247 [00:03<01:13,  3.21it/s]
  5%|▍         | 12/247 [00:03<01:19,  2.95it/s]
  5%|▌         | 13/247 [00:04<01:16,  3.05it/s]
  6%|▌         | 14/247 [00:04<01:12,  3.21it/s]
  6%|▌         | 15/247 [00:04<01:12,  3.21it/s]
  6%|▋         | 16/247 [00:05<01:20,  2.88it/s]
  7%|▋         | 17/247 [00:05<01:13,  3.13it/s]
  7%|▋         | 18/247 [00:05<01:13,  3.13it/s]
  8%|▊         | 19/247 [00:06<01:14,  3.07it/s]
  8%|▊         | 20/247 [00:06<01:19,  2.85it/s]
  9%|▊         | 21/247 [00:06<01:16,  2.94it/s]
  9%|▉         | 22/247 [00:07<01:29,  2.52it/s]
  9%|▉         | 23/247 [00:07<01:19,  2.81it/s]
 10%|▉         | 24/247 [00:07<01:21,  2.74it/s]
 10%|█         | 25/247 [00:08<01:11,  3.09it/s]
 11%|█         | 26/247 [00:08<01:08,  3.22it/s]
 11%|█         | 27/247 [00:08<01:10,  3.12it/s]
 11%|█▏        | 28/247 [00:09<01:09,  3.13it/s]
 12%|█▏        | 29/247 [00:09<01:04,  3.39it/s]
 12%|█▏        | 30/247 [00:09<00:59,  3.63it/s]
 13%|█▎        | 31/247 [00:09<00:59,  3.63it/s]
 13%|█▎        | 32/247 [00:10<00:54,  3.98it/s]
 13%|█▎        | 33/247 [00:10<01:01,  3.47it/s]
 14%|█▍        | 34/247 [00:10<00:57,  3.73it/s]
 14%|█▍        | 35/247 [00:10<00:58,  3.62it/s]
 15%|█▍        | 36/247 [00:11<01:10,  3.01it/s]
 15%|█▍        | 37/247 [00:11<01:03,  3.32it/s]
 15%|█▌        | 38/247 [00:11<01:04,  3.26it/s]
 16%|█▌        | 39/247 [00:12<01:08,  3.02it/s]
 16%|█▌        | 40/247 [00:12<01:06,  3.13it/s]
 17%|█▋        | 41/247 [00:12<01:04,  3.22it/s]
 17%|█▋        | 42/247 [00:13<01:07,  3.05it/s]
 17%|█▋        | 43/247 [00:13<01:14,  2.75it/s]
 18%|█▊        | 44/247 [00:14<01:15,  2.68it/s]
 18%|█▊        | 45/247 [00:14<01:14,  2.71it/s]
 19%|█▊        | 46/247 [00:14<01:10,  2.84it/s]
 19%|█▉        | 47/247 [00:15<01:01,  3.24it/s]
 19%|█▉        | 48/247 [00:15<00:53,  3.74it/s]
 20%|█▉        | 49/247 [00:15<00:56,  3.48it/s]
 20%|██        | 50/247 [00:16<01:29,  2.21it/s]
 21%|██        | 51/247 [00:16<01:16,  2.57it/s]
 21%|██        | 52/247 [00:16<01:11,  2.71it/s]
 21%|██▏       | 53/247 [00:17<01:20,  2.41it/s]
 22%|██▏       | 54/247 [00:17<01:25,  2.26it/s]
 22%|██▏       | 55/247 [00:18<01:18,  2.45it/s]
 23%|██▎       | 56/247 [00:18<01:25,  2.25it/s]
 23%|██▎       | 57/247 [00:19<01:12,  2.62it/s]
 23%|██▎       | 58/247 [00:19<01:08,  2.76it/s]
 24%|██▍       | 59/247 [00:19<01:08,  2.73it/s]
 24%|██▍       | 60/247 [00:20<01:02,  3.00it/s]
 25%|██▍       | 61/247 [00:20<00:55,  3.35it/s]
 25%|██▌       | 62/247 [00:20<00:53,  3.47it/s]
 26%|██▌       | 63/247 [00:20<00:49,  3.69it/s]
 26%|██▌       | 64/247 [00:20<00:49,  3.68it/s]
 26%|██▋       | 65/247 [00:21<00:45,  4.04it/s]
 27%|██▋       | 66/247 [00:21<00:45,  3.97it/s]
 27%|██▋       | 67/247 [00:21<00:53,  3.39it/s]
 28%|██▊       | 68/247 [00:22<01:00,  2.97it/s]
 28%|██▊       | 69/247 [00:22<01:02,  2.86it/s]
 28%|██▊       | 70/247 [00:22<01:00,  2.93it/s]
 29%|██▊       | 71/247 [00:23<00:55,  3.18it/s]
 29%|██▉       | 72/247 [00:23<00:51,  3.40it/s]
 30%|██▉       | 73/247 [00:23<01:03,  2.74it/s]
 30%|██▉       | 74/247 [00:24<01:00,  2.87it/s]
 30%|███       | 75/247 [00:24<01:04,  2.67it/s]
 31%|███       | 76/247 [00:25<01:03,  2.68it/s]
 31%|███       | 77/247 [00:25<00:55,  3.06it/s]
 32%|███▏      | 78/247 [00:25<00:50,  3.33it/s]
 32%|███▏      | 79/247 [00:25<00:50,  3.31it/s]
 32%|███▏      | 80/247 [00:26<00:49,  3.37it/s]
 33%|███▎      | 81/247 [00:26<00:45,  3.64it/s]
 33%|███▎      | 82/247 [00:26<00:44,  3.73it/s]
 34%|███▎      | 83/247 [00:26<00:40,  4.06it/s]
 34%|███▍      | 84/247 [00:27<00:43,  3.71it/s]
 34%|███▍      | 85/247 [00:27<00:50,  3.23it/s]
 35%|███▍      | 86/247 [00:27<00:45,  3.51it/s]
 35%|███▌      | 87/247 [00:28<00:53,  2.98it/s]
 36%|███▌      | 88/247 [00:28<00:50,  3.16it/s]
 36%|███▌      | 89/247 [00:28<00:54,  2.89it/s]
 36%|███▋      | 90/247 [00:29<00:50,  3.10it/s]
 37%|███▋      | 91/247 [00:29<00:50,  3.06it/s]
 37%|███▋      | 92/247 [00:29<00:45,  3.38it/s]
 38%|███▊      | 93/247 [00:30<00:43,  3.54it/s]
 38%|███▊      | 94/247 [00:30<00:53,  2.87it/s]
 38%|███▊      | 95/247 [00:30<00:51,  2.95it/s]
 39%|███▉      | 96/247 [00:31<00:54,  2.77it/s]
 39%|███▉      | 97/247 [00:31<00:55,  2.70it/s]
 40%|███▉      | 98/247 [00:32<01:09,  2.15it/s]
 40%|████      | 99/247 [00:32<00:59,  2.47it/s]
 40%|████      | 100/247 [00:33<01:03,  2.33it/s]
 41%|████      | 101/247 [00:33<00:52,  2.81it/s]
 41%|████▏     | 102/247 [00:33<00:49,  2.93it/s]
 42%|████▏     | 103/247 [00:34<00:57,  2.52it/s]
 42%|████▏     | 104/247 [00:34<00:50,  2.85it/s]
 43%|████▎     | 105/247 [00:34<00:53,  2.68it/s]
 43%|████▎     | 106/247 [00:35<00:55,  2.54it/s]
 43%|████▎     | 107/247 [00:35<00:50,  2.80it/s]
 44%|████▎     | 108/247 [00:35<00:53,  2.62it/s]
 44%|████▍     | 109/247 [00:36<00:50,  2.71it/s]
 45%|████▍     | 110/247 [00:36<00:53,  2.54it/s]
 45%|████▍     | 111/247 [00:37<00:50,  2.71it/s]
 45%|████▌     | 112/247 [00:37<00:54,  2.48it/s]
 46%|████▌     | 113/247 [00:37<00:51,  2.59it/s]
 46%|████▌     | 114/247 [00:38<00:47,  2.80it/s]
 47%|████▋     | 115/247 [00:38<00:46,  2.86it/s]
 47%|████▋     | 116/247 [00:38<00:49,  2.66it/s]
 47%|████▋     | 117/247 [00:39<00:48,  2.69it/s]
 48%|████▊     | 118/247 [00:39<00:45,  2.82it/s]
 48%|████▊     | 119/247 [00:39<00:40,  3.18it/s]
 49%|████▊     | 120/247 [00:40<00:41,  3.09it/s]
 49%|████▉     | 121/247 [00:40<00:40,  3.11it/s]
 49%|████▉     | 122/247 [00:40<00:36,  3.44it/s]
 50%|████▉     | 123/247 [00:40<00:32,  3.80it/s]
 50%|█████     | 124/247 [00:41<00:35,  3.51it/s]
 51%|█████     | 125/247 [00:41<00:31,  3.93it/s]
 51%|█████     | 126/247 [00:41<00:29,  4.15it/s]
 51%|█████▏    | 127/247 [00:41<00:33,  3.56it/s]
 52%|█████▏    | 128/247 [00:42<00:32,  3.69it/s]
 52%|█████▏    | 129/247 [00:42<00:32,  3.69it/s]
 53%|█████▎    | 130/247 [00:42<00:34,  3.35it/s]
 53%|█████▎    | 131/247 [00:43<00:33,  3.49it/s]
 53%|█████▎    | 132/247 [00:43<00:36,  3.11it/s]
 54%|█████▍    | 133/247 [00:43<00:35,  3.18it/s]
 54%|█████▍    | 134/247 [00:44<00:43,  2.58it/s]
 55%|█████▍    | 135/247 [00:44<00:43,  2.60it/s]
 55%|█████▌    | 136/247 [00:45<00:41,  2.68it/s]
 55%|█████▌    | 137/247 [00:45<00:38,  2.85it/s]
 56%|█████▌    | 138/247 [00:45<00:34,  3.19it/s]
 56%|█████▋    | 139/247 [00:45<00:31,  3.45it/s]
 57%|█████▋    | 140/247 [00:46<00:32,  3.31it/s]
 57%|█████▋    | 141/247 [00:46<00:28,  3.66it/s]
 57%|█████▋    | 142/247 [00:46<00:35,  2.97it/s]
 58%|█████▊    | 143/247 [00:47<00:35,  2.96it/s]
 58%|█████▊    | 144/247 [00:47<00:33,  3.11it/s]
 59%|█████▊    | 145/247 [00:47<00:33,  3.05it/s]
 59%|█████▉    | 146/247 [00:48<00:37,  2.66it/s]
 60%|█████▉    | 147/247 [00:48<00:38,  2.57it/s]
 60%|█████▉    | 148/247 [00:48<00:33,  2.92it/s]
 60%|██████    | 149/247 [00:49<00:31,  3.14it/s]
 61%|██████    | 150/247 [00:49<00:32,  2.96it/s]
 61%|██████    | 151/247 [00:49<00:33,  2.91it/s]
 62%|██████▏   | 152/247 [00:50<00:30,  3.09it/s]
 62%|██████▏   | 153/247 [00:50<00:29,  3.21it/s]
 62%|██████▏   | 154/247 [00:50<00:25,  3.61it/s]
 63%|██████▎   | 155/247 [00:50<00:23,  3.92it/s]
 63%|██████▎   | 156/247 [00:51<00:26,  3.37it/s]
 64%|██████▎   | 157/247 [00:51<00:33,  2.65it/s]
 64%|██████▍   | 158/247 [00:52<00:28,  3.17it/s]
 64%|██████▍   | 159/247 [00:52<00:34,  2.58it/s]
 65%|██████▍   | 160/247 [00:52<00:29,  2.94it/s]
 65%|██████▌   | 161/247 [00:53<00:30,  2.79it/s]
 66%|██████▌   | 162/247 [00:53<00:30,  2.81it/s]
 66%|██████▌   | 163/247 [00:53<00:27,  3.01it/s]
 66%|██████▋   | 164/247 [00:54<00:25,  3.25it/s]
 67%|██████▋   | 165/247 [00:54<00:23,  3.52it/s]
 67%|██████▋   | 166/247 [00:54<00:21,  3.78it/s]
 68%|██████▊   | 167/247 [00:54<00:23,  3.44it/s]
 68%|██████▊   | 168/247 [00:55<00:21,  3.75it/s]
 68%|██████▊   | 169/247 [00:55<00:25,  3.08it/s]
 69%|██████▉   | 170/247 [00:56<00:30,  2.52it/s]
 69%|██████▉   | 171/247 [00:56<00:28,  2.66it/s]
 70%|██████▉   | 172/247 [00:56<00:24,  3.09it/s]
 70%|███████   | 173/247 [00:57<00:24,  3.05it/s]
 70%|███████   | 174/247 [00:57<00:23,  3.17it/s]
 71%|███████   | 175/247 [00:57<00:25,  2.86it/s]
 71%|███████▏  | 176/247 [00:58<00:23,  2.97it/s]
 72%|███████▏  | 177/247 [00:58<00:20,  3.34it/s]
 72%|███████▏  | 178/247 [00:58<00:20,  3.29it/s]
 72%|███████▏  | 179/247 [00:58<00:21,  3.20it/s]
 73%|███████▎  | 180/247 [00:59<00:19,  3.44it/s]
 73%|███████▎  | 181/247 [00:59<00:19,  3.40it/s]
 74%|███████▎  | 182/247 [00:59<00:19,  3.38it/s]
 74%|███████▍  | 183/247 [00:59<00:17,  3.76it/s]
 74%|███████▍  | 184/247 [01:00<00:16,  3.74it/s]
 75%|███████▍  | 185/247 [01:00<00:18,  3.32it/s]
 75%|███████▌  | 186/247 [01:00<00:19,  3.15it/s]
 76%|███████▌  | 187/247 [01:01<00:20,  2.93it/s]
 76%|███████▌  | 188/247 [01:01<00:18,  3.25it/s]
 77%|███████▋  | 189/247 [01:01<00:15,  3.63it/s]
 77%|███████▋  | 190/247 [01:02<00:15,  3.73it/s]
 77%|███████▋  | 191/247 [01:02<00:13,  4.01it/s]
 78%|███████▊  | 192/247 [01:02<00:14,  3.86it/s]
 78%|███████▊  | 193/247 [01:02<00:16,  3.37it/s]
 79%|███████▊  | 194/247 [01:03<00:16,  3.18it/s]
 79%|███████▉  | 195/247 [01:03<00:15,  3.45it/s]
 79%|███████▉  | 196/247 [01:03<00:15,  3.22it/s]
 80%|███████▉  | 197/247 [01:04<00:18,  2.75it/s]
 80%|████████  | 198/247 [01:04<00:21,  2.33it/s]
 81%|████████  | 199/247 [01:05<00:19,  2.40it/s]
 81%|████████  | 200/247 [01:05<00:16,  2.80it/s]
 81%|████████▏ | 201/247 [01:05<00:15,  3.00it/s]
 82%|████████▏ | 202/247 [01:06<00:15,  2.84it/s]
 82%|████████▏ | 203/247 [01:06<00:14,  3.03it/s]
 83%|████████▎ | 204/247 [01:06<00:16,  2.68it/s]
 83%|████████▎ | 205/247 [01:07<00:14,  2.84it/s]
 83%|████████▎ | 206/247 [01:07<00:14,  2.88it/s]
 84%|████████▍ | 207/247 [01:08<00:14,  2.74it/s]
 84%|████████▍ | 208/247 [01:08<00:14,  2.62it/s]
 85%|████████▍ | 209/247 [01:08<00:14,  2.64it/s]
 85%|████████▌ | 210/247 [01:09<00:14,  2.57it/s]
 85%|████████▌ | 211/247 [01:09<00:13,  2.65it/s]
 86%|████████▌ | 212/247 [01:09<00:11,  3.04it/s]
 86%|████████▌ | 213/247 [01:10<00:10,  3.29it/s]
 87%|████████▋ | 214/247 [01:10<00:11,  2.94it/s]
 87%|████████▋ | 215/247 [01:10<00:09,  3.32it/s]
 87%|████████▋ | 216/247 [01:11<00:10,  3.04it/s]
 88%|████████▊ | 217/247 [01:11<00:10,  2.89it/s]
 88%|████████▊ | 218/247 [01:11<00:10,  2.86it/s]
 89%|████████▊ | 219/247 [01:12<00:10,  2.71it/s]
 89%|████████▉ | 220/247 [01:12<00:09,  2.85it/s]
 89%|████████▉ | 221/247 [01:12<00:09,  2.81it/s]
 90%|████████▉ | 222/247 [01:13<00:08,  2.81it/s]
 90%|█████████ | 223/247 [01:13<00:07,  3.01it/s]
 91%|█████████ | 224/247 [01:13<00:07,  3.10it/s]
 91%|█████████ | 225/247 [01:14<00:06,  3.26it/s]
 91%|█████████▏| 226/247 [01:14<00:06,  3.35it/s]
 92%|█████████▏| 227/247 [01:14<00:05,  3.73it/s]
 92%|█████████▏| 228/247 [01:14<00:04,  3.99it/s]
 93%|█████████▎| 229/247 [01:15<00:06,  2.73it/s]
 93%|█████████▎| 230/247 [01:15<00:06,  2.49it/s]
 94%|█████████▎| 231/247 [01:16<00:06,  2.37it/s]
 94%|█████████▍| 232/247 [01:16<00:06,  2.40it/s]
 94%|█████████▍| 233/247 [01:17<00:05,  2.68it/s]
 95%|█████████▍| 234/247 [01:17<00:04,  2.63it/s]
 95%|█████████▌| 235/247 [01:18<00:05,  2.28it/s]
 96%|█████████▌| 236/247 [01:18<00:04,  2.53it/s]
 96%|█████████▌| 237/247 [01:18<00:03,  2.97it/s]
 96%|█████████▋| 238/247 [01:18<00:03,  3.00it/s]
 97%|█████████▋| 239/247 [01:19<00:02,  3.14it/s]
 97%|█████████▋| 240/247 [01:19<00:02,  3.04it/s]
 98%|█████████▊| 241/247 [01:19<00:01,  3.04it/s]
 98%|█████████▊| 242/247 [01:19<00:01,  3.53it/s]
 98%|█████████▊| 243/247 [01:20<00:01,  3.72it/s]
 99%|█████████▉| 244/247 [01:20<00:00,  3.95it/s]
 99%|█████████▉| 245/247 [01:20<00:00,  3.70it/s]
100%|█████████▉| 246/247 [01:21<00:00,  1.86it/s]
100%|██████████| 247/247 [01:22<00:00,  1.91it/s]
100%|██████████| 247/247 [01:22<00:00,  2.99it/s]

== MMS pilot result ==
eval WER: 0.971 | eval CER: 0.961
(zero-shot Whisper Large v3 baseline on NCHLT test: WER 1.108, CER 0.763)
(Wav2Vec2 XLS-R-300M pilot v2 on NCHLT test: WER 0.332, CER 0.074)
(Whisper pilot v2 on NCHLT test: WER 0.182, CER 0.048)

Writing model shards:   0%|          | 0/1 [00:00<?, ?it/s]
Writing model shards: 100%|██████████| 1/1 [00:01<00:00,  1.91s/it]
Writing model shards: 100%|██████████| 1/1 [00:01<00:00,  1.91s/it]
model saved -> /Users/mulisamusehane/Documents/GitHub/MultilingualASR/results/mms-ven-pilot/final
